<html>
<body>
<pre>
<h1>µVision Build Log</h1>
<h2>Tool Versions:</h2>
IDE-Version: ¦ÌVision V5.27.1.0
Copyright (C) 2019 ARM Ltd and ARM Germany GmbH. All rights reserved.
License Information: Wang Ran, usst, LIC=YA312-9YWC6-55NT2-9LFUY-R17VX-CLPUR
 
Tool Versions:
Toolchain:       MDK-ARM Plus  Version: 5.27.1.0
Toolchain Path:  D:\Program Files\Keil\ARM\ARMCLANG\Bin
C Compiler:      ArmClang.exe V6.12
Assembler:       Armasm.exe V6.12
Linker/Locator:  ArmLink.exe V6.12
Library Manager: ArmAr.exe V6.12
Hex Converter:   FromElf.exe V6.12
CPU DLL:         SARMCM3.DLL V5.27.1.0
Dialog DLL:      DCM.DLL V1.17.2.0
Target DLL:      Segger\JL2CM3.dll V2.99.35.0
Dialog DLL:      TCM.DLL V1.36.1.0
 
<h2>Project:</h2>
E:\stm32Workspace\stm32f4mini\stm32f407_usb_storage_mass\MDK-ARM\stm32f407_usb_storage_mass.uvprojx
Project File Date:  08/07/2019

<h2>Output:</h2>
*** Using Compiler 'V6.12', folder: 'D:\Program Files\Keil\ARM\ARMCLANG\Bin'
Rebuild target 'stm32f407_usb_storage_mass'
assembling startup_stm32f407xx.s...
compiling spi.c...
compiling fsmc.c...
compiling gpio.c...
compiling tim.c...
compiling usart.c...
compiling i2c.c...
compiling dma.c...
compiling crc.c...
compiling stm32f4xx_it.c...
compiling dcmi.c...
compiling main.c...
compiling stm32f4xx_hal_msp.c...
compiling usb_device.c...
compiling usbd_storage_if.c...
compiling usbd_desc.c...
compiling user_diskio.c...
compiling usbd_conf.c...
compiling fatfs.c...
compiling bsp_sram.c...
compiling bsp_led.c...
compiling bsp_w25qxx.c...
compiling bsp_lcd.c...
compiling bsp_ov7670.c...
compiling bsp_at24cxx.c...
compiling bsp_color_convert.c...
compiling bsp_delay.c...
compiling bsp_sccb.c...
compiling bsp_button.c...
compiling bsp_enc28j60.c...
compiling stm32f4xx_hal_pcd_ex.c...
compiling stm32f4xx_hal_crc.c...
compiling stm32f4xx_hal_dcmi_ex.c...
compiling stm32f4xx_hal_pcd.c...
compiling stm32f4xx_hal_dcmi.c...
compiling stm32f4xx_ll_usb.c...
compiling stm32f4xx_ll_fsmc.c...
compiling stm32f4xx_hal_i2c_ex.c...
compiling stm32f4xx_hal_sram.c...
compiling stm32f4xx_hal_spi.c...
compiling stm32f4xx_hal_rcc_ex.c...
compiling stm32f4xx_hal_flash.c...
compiling stm32f4xx_hal_rcc.c...
compiling stm32f4xx_hal_tim_ex.c...
compiling stm32f4xx_hal_uart.c...
compiling stm32f4xx_hal_flash_ramfunc.c...
compiling stm32f4xx_hal_flash_ex.c...
compiling stm32f4xx_hal_gpio.c...
compiling stm32f4xx_hal_i2c.c...
compiling stm32f4xx_hal_dma_ex.c...
compiling stm32f4xx_hal_pwr.c...
compiling stm32f4xx_hal_pwr_ex.c...
compiling stm32f4xx_hal_dma.c...
compiling stm32f4xx_hal.c...
compiling stm32f4xx_hal_cortex.c...
compiling system_stm32f4xx.c...
compiling stm32f4xx_hal_tim.c...
compiling stm32f4xx_hal_exti.c...
compiling diskio.c...
compiling syscall.c...
compiling ff_gen_drv.c...
compiling usbd_core.c...
compiling usbd_msc.c...
compiling usbd_ctlreq.c...
compiling usbd_ioreq.c...
compiling usbd_msc_data.c...
compiling usbd_msc_bot.c...
compiling ff.c...
compiling usbd_msc_scsi.c...
linking...
Program Size: Code=88024 RO-data=3064 RW-data=376 ZI-data=32040  
FromELF: creating hex file...
"stm32f407_usb_storage_mass\stm32f407_usb_storage_mass.axf" - 0 Error(s), 0 Warning(s).

<h2>Software Packages used:</h2>

Package Vendor: Keil
                http://www.keil.com/pack/Keil.STM32F4xx_DFP.2.13.0.pack
                Keil.STM32F4xx_DFP.2.13.0
                STMicroelectronics STM32F4 Series Device Support, Drivers and Examples

<h2>Collection of Component include folders:</h2>
  .\RTE\_stm32f407_usb_storage_mass
  D:\Program Files\Keil\Arm\Packs\Keil\STM32F4xx_DFP\2.13.0\Drivers\CMSIS\Device\ST\STM32F4xx\Include

<h2>Collection of Component Files used:</h2>
Build Time Elapsed:  00:00:04
</pre>
</body>
</html>
