Component: ARM Compiler 6.12 Tool: armlink [5d624300]

==============================================================================

Section Cross References

    startup_stm32f103xb.o(STACK) refers (Special) to heapauxi.o(.text) for __use_two_region_memory
    startup_stm32f103xb.o(HEAP) refers (Special) to heapauxi.o(.text) for __use_two_region_memory
    startup_stm32f103xb.o(RESET) refers (Special) to heapauxi.o(.text) for __use_two_region_memory
    startup_stm32f103xb.o(RESET) refers to startup_stm32f103xb.o(STACK) for __initial_sp
    startup_stm32f103xb.o(RESET) refers to startup_stm32f103xb.o(.text) for Reset_Handler
    startup_stm32f103xb.o(RESET) refers to stm32f1xx_it.o(.text.NMI_Handler) for NMI_Handler
    startup_stm32f103xb.o(RESET) refers to stm32f1xx_it.o(.text.HardFault_Handler) for HardFault_Handler
    startup_stm32f103xb.o(RESET) refers to stm32f1xx_it.o(.text.MemManage_Handler) for MemManage_Handler
    startup_stm32f103xb.o(RESET) refers to stm32f1xx_it.o(.text.BusFault_Handler) for BusFault_Handler
    startup_stm32f103xb.o(RESET) refers to stm32f1xx_it.o(.text.UsageFault_Handler) for UsageFault_Handler
    startup_stm32f103xb.o(RESET) refers to stm32f1xx_it.o(.text.SVC_Handler) for SVC_Handler
    startup_stm32f103xb.o(RESET) refers to stm32f1xx_it.o(.text.DebugMon_Handler) for DebugMon_Handler
    startup_stm32f103xb.o(RESET) refers to stm32f1xx_it.o(.text.PendSV_Handler) for PendSV_Handler
    startup_stm32f103xb.o(RESET) refers to stm32f1xx_it.o(.text.SysTick_Handler) for SysTick_Handler
    startup_stm32f103xb.o(RESET) refers to stm32f1xx_it.o(.text.USB_LP_CAN1_RX0_IRQHandler) for USB_LP_CAN1_RX0_IRQHandler
    startup_stm32f103xb.o(RESET) refers to stm32f1xx_it.o(.text.USART1_IRQHandler) for USART1_IRQHandler
    startup_stm32f103xb.o(.text) refers (Special) to heapauxi.o(.text) for __use_two_region_memory
    startup_stm32f103xb.o(.text) refers to system_stm32f1xx.o(.text.SystemInit) for SystemInit
    startup_stm32f103xb.o(.text) refers to __main.o(!!!main) for __main
    startup_stm32f103xb.o(.text) refers to startup_stm32f103xb.o(HEAP) for Heap_Mem
    startup_stm32f103xb.o(.text) refers to startup_stm32f103xb.o(STACK) for Stack_Mem
    main.o(.text.main) refers to stm32f1xx_hal.o(.text.HAL_Init) for HAL_Init
    main.o(.text.main) refers to main.o(.text.SystemClock_Config) for SystemClock_Config
    main.o(.text.main) refers to gpio.o(.text.MX_GPIO_Init) for MX_GPIO_Init
    main.o(.text.main) refers to usb_device.o(.text.MX_USB_DEVICE_Init) for MX_USB_DEVICE_Init
    main.o(.text.main) refers to usart.o(.text.MX_USART1_UART_Init) for MX_USART1_UART_Init
    main.o(.text.main) refers to usbd_hid.o(.text.USBD_HID_SendReport) for USBD_HID_SendReport
    main.o(.text.main) refers to stm32f1xx_hal.o(.text.HAL_Delay) for HAL_Delay
    main.o(.text.main) refers to usb_device.o(.bss.hUsbDeviceFS) for hUsbDeviceFS
    main.o(.ARM.exidx.text.main) refers to main.o(.text.main) for [Anonymous Symbol]
    main.o(.text.SystemClock_Config) refers to stm32f1xx_hal_rcc.o(.text.HAL_RCC_OscConfig) for HAL_RCC_OscConfig
    main.o(.text.SystemClock_Config) refers to stm32f1xx_hal_rcc.o(.text.HAL_RCC_ClockConfig) for HAL_RCC_ClockConfig
    main.o(.text.SystemClock_Config) refers to stm32f1xx_hal_rcc_ex.o(.text.HAL_RCCEx_PeriphCLKConfig) for HAL_RCCEx_PeriphCLKConfig
    main.o(.ARM.exidx.text.SystemClock_Config) refers to main.o(.text.SystemClock_Config) for [Anonymous Symbol]
    main.o(.ARM.exidx.text.Error_Handler) refers to main.o(.text.Error_Handler) for [Anonymous Symbol]
    main.o(.ARM.exidx.text.assert_failed) refers to main.o(.text.assert_failed) for [Anonymous Symbol]
    gpio.o(.text.MX_GPIO_Init) refers to stm32f1xx_hal_gpio.o(.text.HAL_GPIO_Init) for HAL_GPIO_Init
    gpio.o(.ARM.exidx.text.MX_GPIO_Init) refers to gpio.o(.text.MX_GPIO_Init) for [Anonymous Symbol]
    usart.o(.text.MX_USART1_UART_Init) refers to stm32f1xx_hal_uart.o(.text.HAL_UART_Init) for HAL_UART_Init
    usart.o(.text.MX_USART1_UART_Init) refers to main.o(.text.Error_Handler) for Error_Handler
    usart.o(.text.MX_USART1_UART_Init) refers to usart.o(.bss.huart1) for huart1
    usart.o(.ARM.exidx.text.MX_USART1_UART_Init) refers to usart.o(.text.MX_USART1_UART_Init) for [Anonymous Symbol]
    usart.o(.text.HAL_UART_MspInit) refers to stm32f1xx_hal_gpio.o(.text.HAL_GPIO_Init) for HAL_GPIO_Init
    usart.o(.text.HAL_UART_MspInit) refers to stm32f1xx_hal_cortex.o(.text.HAL_NVIC_SetPriority) for HAL_NVIC_SetPriority
    usart.o(.text.HAL_UART_MspInit) refers to stm32f1xx_hal_cortex.o(.text.HAL_NVIC_EnableIRQ) for HAL_NVIC_EnableIRQ
    usart.o(.ARM.exidx.text.HAL_UART_MspInit) refers to usart.o(.text.HAL_UART_MspInit) for [Anonymous Symbol]
    usart.o(.text.HAL_UART_MspDeInit) refers to stm32f1xx_hal_gpio.o(.text.HAL_GPIO_DeInit) for HAL_GPIO_DeInit
    usart.o(.text.HAL_UART_MspDeInit) refers to stm32f1xx_hal_cortex.o(.text.HAL_NVIC_DisableIRQ) for HAL_NVIC_DisableIRQ
[...]
    __arm_cp.0_1                             0x08000618   Number         4  stm32f1xx_hal_gpio.o(.text.HAL_GPIO_Init)
    __arm_cp.0_2                             0x0800061c   Number         4  stm32f1xx_hal_gpio.o(.text.HAL_GPIO_Init)
    __arm_cp.0_3                             0x08000620   Number         4  stm32f1xx_hal_gpio.o(.text.HAL_GPIO_Init)
    __arm_cp.0_4                             0x08000624   Number         4  stm32f1xx_hal_gpio.o(.text.HAL_GPIO_Init)
    __arm_cp.0_5                             0x08000628   Number         4  stm32f1xx_hal_gpio.o(.text.HAL_GPIO_Init)
    __arm_cp.0_6                             0x0800062c   Number         4  stm32f1xx_hal_gpio.o(.text.HAL_GPIO_Init)
    __arm_cp.0_7                             0x08000630   Number         4  stm32f1xx_hal_gpio.o(.text.HAL_GPIO_Init)
    __arm_cp.0_8                             0x08000634   Number         4  stm32f1xx_hal_gpio.o(.text.HAL_GPIO_Init)
    __arm_cp.0_9                             0x08000638   Number         4  stm32f1xx_hal_gpio.o(.text.HAL_GPIO_Init)
    __arm_cp.0_10                            0x0800063c   Number         4  stm32f1xx_hal_gpio.o(.text.HAL_GPIO_Init)
    __arm_cp.0_11                            0x08000640   Number         4  stm32f1xx_hal_gpio.o(.text.HAL_GPIO_Init)
    __arm_cp.0_13                            0x08000644   Number         4  stm32f1xx_hal_gpio.o(.text.HAL_GPIO_Init)
    __arm_cp.0_14                            0x08000648   Number         4  stm32f1xx_hal_gpio.o(.text.HAL_GPIO_Init)
    __arm_cp.0_15                            0x0800064c   Number         4  stm32f1xx_hal_gpio.o(.text.HAL_GPIO_Init)
    [Anonymous Symbol]                       0x08000650   Section        0  stm32f1xx_hal.o(.text.HAL_GetTick)
    [Anonymous Symbol]                       0x08000658   Section        0  stm32f1xx_hal.o(.text.HAL_IncTick)
    __arm_cp.5_1                             0x08000668   Number         4  stm32f1xx_hal.o(.text.HAL_IncTick)
    [Anonymous Symbol]                       0x0800066c   Section        0  stm32f1xx_hal.o(.text.HAL_Init)
    __arm_cp.0_0                             0x0800068c   Number         4  stm32f1xx_hal.o(.text.HAL_Init)
    [Anonymous Symbol]                       0x08000690   Section        0  stm32f1xx_hal.o(.text.HAL_InitTick)
    __arm_cp.1_0                             0x080006c8   Number         4  stm32f1xx_hal.o(.text.HAL_InitTick)
    __arm_cp.1_1                             0x080006cc   Number         4  stm32f1xx_hal.o(.text.HAL_InitTick)
    [Anonymous Symbol]                       0x080006d0   Section        0  stm32f1xx_hal_msp.o(.text.HAL_MspInit)
    __arm_cp.0_0                             0x08000708   Number         4  stm32f1xx_hal_msp.o(.text.HAL_MspInit)
    __arm_cp.0_1                             0x0800070c   Number         4  stm32f1xx_hal_msp.o(.text.HAL_MspInit)
    [Anonymous Symbol]                       0x08000710   Section        0  stm32f1xx_hal_cortex.o(.text.HAL_NVIC_EnableIRQ)
    __arm_cp.3_1                             0x08000734   Number         4  stm32f1xx_hal_cortex.o(.text.HAL_NVIC_EnableIRQ)
    [Anonymous Symbol]                       0x08000738   Section        0  stm32f1xx_hal_cortex.o(.text.HAL_NVIC_SetPriority)
    [Anonymous Symbol]                       0x08000794   Section        0  stm32f1xx_hal_cortex.o(.text.HAL_NVIC_SetPriorityGrouping)
    __arm_cp.0_0                             0x080007bc   Number         4  stm32f1xx_hal_cortex.o(.text.HAL_NVIC_SetPriorityGrouping)
    __arm_cp.0_1                             0x080007c0   Number         4  stm32f1xx_hal_cortex.o(.text.HAL_NVIC_SetPriorityGrouping)
    __arm_cp.0_2                             0x080007c4   Number         4  stm32f1xx_hal_cortex.o(.text.HAL_NVIC_SetPriorityGrouping)
    [Anonymous Symbol]                       0x080007c8   Section        0  stm32f1xx_hal_pcd_ex.o(.text.HAL_PCDEx_PMAConfig)
    [Anonymous Symbol]                       0x080007fa   Section        0  usbd_conf.o(.text.HAL_PCDEx_SetConnectionState)
    [Anonymous Symbol]                       0x080007fc   Section        0  usbd_conf.o(.text.HAL_PCD_DataInStageCallback)
    [Anonymous Symbol]                       0x0800080a   Section        0  usbd_conf.o(.text.HAL_PCD_DataOutStageCallback)
    [Anonymous Symbol]                       0x0800081a   Section        0  stm32f1xx_hal_pcd.o(.text.HAL_PCD_EP_Close)
    [Anonymous Symbol]                       0x08000864   Section        0  stm32f1xx_hal_pcd.o(.text.HAL_PCD_EP_ClrStall)
    [Anonymous Symbol]                       0x080008c0   Section        0  stm32f1xx_hal_pcd.o(.text.HAL_PCD_EP_Open)
    [Anonymous Symbol]                       0x0800091a   Section        0  stm32f1xx_hal_pcd.o(.text.HAL_PCD_EP_Receive)
    [Anonymous Symbol]                       0x08000946   Section        0  stm32f1xx_hal_pcd.o(.text.HAL_PCD_EP_SetStall)
    [Anonymous Symbol]                       0x080009aa   Section        0  stm32f1xx_hal_pcd.o(.text.HAL_PCD_EP_Transmit)
    [Anonymous Symbol]                       0x080009d4   Section        0  stm32f1xx_hal_pcd.o(.text.HAL_PCD_IRQHandler)
    __arm_cp.6_0                             0x08000db4   Number         4  stm32f1xx_hal_pcd.o(.text.HAL_PCD_IRQHandler)
    [Anonymous Symbol]                       0x08000db8   Section        0  stm32f1xx_hal_pcd.o(.text.HAL_PCD_Init)
    __arm_cp.0_0                             0x08000ea0   Number         4  stm32f1xx_hal_pcd.o(.text.HAL_PCD_Init)
    [Anonymous Symbol]                       0x08000edc   Section        0  usbd_conf.o(.text.HAL_PCD_MspInit)
    __arm_cp.0_0                             0x08000f10   Number         4  usbd_conf.o(.text.HAL_PCD_MspInit)
    __arm_cp.0_1                             0x08000f14   Number         4  usbd_conf.o(.text.HAL_PCD_MspInit)
    [Anonymous Symbol]                       0x08000f18   Section        0  usbd_conf.o(.text.HAL_PCD_ResetCallback)
    [Anonymous Symbol]                       0x08000f3c   Section        0  usbd_conf.o(.text.HAL_PCD_ResumeCallback)
    [Anonymous Symbol]                       0x08000f44   Section        0  usbd_conf.o(.text.HAL_PCD_SOFCallback)
    [Anonymous Symbol]                       0x08000f4c   Section        0  stm32f1xx_hal_pcd.o(.text.HAL_PCD_SetAddress)
    [Anonymous Symbol]                       0x08000f74   Section        0  usbd_conf.o(.text.HAL_PCD_SetupStageCallback)
    [Anonymous Symbol]                       0x08000f82   Section        0  stm32f1xx_hal_pcd.o(.text.HAL_PCD_Start)
    [Anonymous Symbol]                       0x08000fb4   Section        0  usbd_conf.o(.text.HAL_PCD_SuspendCallback)
    __arm_cp.7_0                             0x08000fd0   Number         4  usbd_conf.o(.text.HAL_PCD_SuspendCallback)
    [Anonymous Symbol]                       0x08000fd4   Section        0  stm32f1xx_hal_rcc_ex.o(.text.HAL_RCCEx_PeriphCLKConfig)
    __arm_cp.0_0                             0x08001108   Number         4  stm32f1xx_hal_rcc_ex.o(.text.HAL_RCCEx_PeriphCLKConfig)
    __arm_cp.0_2                             0x0800110c   Number         4  stm32f1xx_hal_rcc_ex.o(.text.HAL_RCCEx_PeriphCLKConfig)
    __arm_cp.0_3                             0x08001110   Number         4  stm32f1xx_hal_rcc_ex.o(.text.HAL_RCCEx_PeriphCLKConfig)
    [Anonymous Symbol]                       0x08001114   Section        0  stm32f1xx_hal_rcc.o(.text.HAL_RCC_ClockConfig)
    __arm_cp.2_0                             0x08001328   Number         4  stm32f1xx_hal_rcc.o(.text.HAL_RCC_ClockConfig)
    __arm_cp.2_1                             0x0800132c   Number         4  stm32f1xx_hal_rcc.o(.text.HAL_RCC_ClockConfig)
    __arm_cp.2_3                             0x08001330   Number         4  stm32f1xx_hal_rcc.o(.text.HAL_RCC_ClockConfig)
    __arm_cp.2_5                             0x08001334   Number         4  stm32f1xx_hal_rcc.o(.text.HAL_RCC_ClockConfig)
    [Anonymous Symbol]                       0x08001338   Section        0  stm32f1xx_hal_rcc.o(.text.HAL_RCC_GetPCLK1Freq)
    [Anonymous Symbol]                       0x0800134c   Section        0  stm32f1xx_hal_rcc.o(.text.HAL_RCC_GetPCLK2Freq)
    __arm_cp.9_0                             0x08001360   Number         4  stm32f1xx_hal_rcc.o(.text.HAL_RCC_GetPCLK2Freq)
    __arm_cp.9_2                             0x08001364   Number         4  stm32f1xx_hal_rcc.o(.text.HAL_RCC_GetPCLK2Freq)
    [Anonymous Symbol]                       0x08001368   Section        0  stm32f1xx_hal_rcc.o(.text.HAL_RCC_GetSysClockFreq)
    __arm_cp.3_0                             0x080013a0   Number         4  stm32f1xx_hal_rcc.o(.text.HAL_RCC_GetSysClockFreq)
    __arm_cp.3_1                             0x080013a4   Number         4  stm32f1xx_hal_rcc.o(.text.HAL_RCC_GetSysClockFreq)
    __arm_cp.3_4                             0x080013bc   Number         4  stm32f1xx_hal_rcc.o(.text.HAL_RCC_GetSysClockFreq)
    [Anonymous Symbol]                       0x080013c0   Section        0  stm32f1xx_hal_rcc.o(.text.HAL_RCC_OscConfig)
    __arm_cp.1_5                             0x080016f0   Number         4  stm32f1xx_hal_rcc.o(.text.HAL_RCC_OscConfig)
    __arm_cp.1_0                             0x080017c4   Number         4  stm32f1xx_hal_rcc.o(.text.HAL_RCC_OscConfig)
    __arm_cp.1_2                             0x080017c8   Number         4  stm32f1xx_hal_rcc.o(.text.HAL_RCC_OscConfig)
    __arm_cp.1_3                             0x080017cc   Number         4  stm32f1xx_hal_rcc.o(.text.HAL_RCC_OscConfig)
    __arm_cp.1_4                             0x080017d0   Number         4  stm32f1xx_hal_rcc.o(.text.HAL_RCC_OscConfig)
    [Anonymous Symbol]                       0x080017d4   Section        0  stm32f1xx_hal_cortex.o(.text.HAL_SYSTICK_Config)
    __arm_cp.7_0                             0x080017f4   Number         4  stm32f1xx_hal_cortex.o(.text.HAL_SYSTICK_Config)
    __arm_cp.7_1                             0x080017f8   Number         4  stm32f1xx_hal_cortex.o(.text.HAL_SYSTICK_Config)
    [Anonymous Symbol]                       0x080017fc   Section        0  stm32f1xx_hal_uart.o(.text.HAL_UART_ErrorCallback)
    [Anonymous Symbol]                       0x08001800   Section        0  stm32f1xx_hal_uart.o(.text.HAL_UART_IRQHandler)
    __arm_cp.37_0                            0x08001964   Number         4  stm32f1xx_hal_uart.o(.text.HAL_UART_IRQHandler)
    [Anonymous Symbol]                       0x08001968   Section        0  stm32f1xx_hal_uart.o(.text.HAL_UART_Init)
    __arm_cp.0_0                             0x08001a2c   Number         4  stm32f1xx_hal_uart.o(.text.HAL_UART_Init)
    __arm_cp.0_1                             0x08001a30   Number         4  stm32f1xx_hal_uart.o(.text.HAL_UART_Init)
    __arm_cp.0_3                             0x08001a34   Number         4  stm32f1xx_hal_uart.o(.text.HAL_UART_Init)
    [Anonymous Symbol]                       0x08001a38   Section        0  usart.o(.text.HAL_UART_MspInit)
    [Anonymous Symbol]                       0x08001ab8   Section        0  stm32f1xx_hal_uart.o(.text.HAL_UART_RxCpltCallback)
    [Anonymous Symbol]                       0x08001aba   Section        0  stm32f1xx_hal_uart.o(.text.HAL_UART_TxCpltCallback)
    [Anonymous Symbol]                       0x08001abc   Section        0  stm32f1xx_it.o(.text.HardFault_Handler)
    IntToUnicode                             0x08001abf   Thumb Code    54  usbd_desc.o(.text.IntToUnicode)
    [Anonymous Symbol]                       0x08001abe   Section        0  usbd_desc.o(.text.IntToUnicode)
    [Anonymous Symbol]                       0x08001af4   Section        0  gpio.o(.text.MX_GPIO_Init)
    __arm_cp.0_0                             0x08001b84   Number         4  gpio.o(.text.MX_GPIO_Init)
    __arm_cp.0_1                             0x08001b88   Number         4  gpio.o(.text.MX_GPIO_Init)
    __arm_cp.0_2                             0x08001b8c   Number         4  gpio.o(.text.MX_GPIO_Init)
    [Anonymous Symbol]                       0x08001b90   Section        0  usart.o(.text.MX_USART1_UART_Init)
    __arm_cp.0_1                             0x08001bc0   Number         4  usart.o(.text.MX_USART1_UART_Init)
    [Anonymous Symbol]                       0x08001bc4   Section        0  usb_device.o(.text.MX_USB_DEVICE_Init)
    __arm_cp.0_0                             0x08001bf8   Number         4  usb_device.o(.text.MX_USB_DEVICE_Init)
    __arm_cp.0_1                             0x08001bfc   Number         4  usb_device.o(.text.MX_USB_DEVICE_Init)
    __arm_cp.0_2                             0x08001c00   Number         4  usb_device.o(.text.MX_USB_DEVICE_Init)
    [Anonymous Symbol]                       0x08001c04   Section        0  stm32f1xx_it.o(.text.MemManage_Handler)
    [Anonymous Symbol]                       0x08001c06   Section        0  stm32f1xx_it.o(.text.NMI_Handler)
    [Anonymous Symbol]                       0x08001c08   Section        0  stm32f1xx_it.o(.text.PendSV_Handler)
    [Anonymous Symbol]                       0x08001c0a   Section        0  stm32f1xx_it.o(.text.SVC_Handler)
    [Anonymous Symbol]                       0x08001c0c   Section        0  stm32f1xx_it.o(.text.SysTick_Handler)
    [Anonymous Symbol]                       0x08001c10   Section        0  main.o(.text.SystemClock_Config)
    [Anonymous Symbol]                       0x08001c6c   Section        0  system_stm32f1xx.o(.text.SystemInit)
    __arm_cp.0_0                             0x08001ca8   Number         4  system_stm32f1xx.o(.text.SystemInit)
    __arm_cp.0_1                             0x08001cac   Number         4  system_stm32f1xx.o(.text.SystemInit)
    __arm_cp.0_2                             0x08001cb0   Number         4  system_stm32f1xx.o(.text.SystemInit)
    __arm_cp.0_3                             0x08001cb4   Number         4  system_stm32f1xx.o(.text.SystemInit)
    UART_DMAAbortOnError                     0x08001cb9   Thumb Code    12  stm32f1xx_hal_uart.o(.text.UART_DMAAbortOnError)
    [Anonymous Symbol]                       0x08001cb8   Section        0  stm32f1xx_hal_uart.o(.text.UART_DMAAbortOnError)
    UART_EndRxTransfer                       0x08001cc5   Thumb Code    26  stm32f1xx_hal_uart.o(.text.UART_EndRxTransfer)
    [Anonymous Symbol]                       0x08001cc4   Section        0  stm32f1xx_hal_uart.o(.text.UART_EndRxTransfer)
    UART_Receive_IT                          0x08001cdf   Thumb Code   120  stm32f1xx_hal_uart.o(.text.UART_Receive_IT)
    [Anonymous Symbol]                       0x08001cde   Section        0  stm32f1xx_hal_uart.o(.text.UART_Receive_IT)
    UART_SetConfig                           0x08001d59   Thumb Code   228  stm32f1xx_hal_uart.o(.text.UART_SetConfig)
    [Anonymous Symbol]                       0x08001d58   Section        0  stm32f1xx_hal_uart.o(.text.UART_SetConfig)
    __arm_cp.2_0                             0x08001e30   Number         4  stm32f1xx_hal_uart.o(.text.UART_SetConfig)
    __arm_cp.2_1                             0x08001e34   Number         4  stm32f1xx_hal_uart.o(.text.UART_SetConfig)
    __arm_cp.2_2                             0x08001e38   Number         4  stm32f1xx_hal_uart.o(.text.UART_SetConfig)
    [Anonymous Symbol]                       0x08001e3c   Section        0  stm32f1xx_it.o(.text.USART1_IRQHandler)
    __arm_cp.10_0                            0x08001e44   Number         4  stm32f1xx_it.o(.text.USART1_IRQHandler)
    [Anonymous Symbol]                       0x08001e48   Section        0  usbd_core.o(.text.USBD_ClrClassConfig)
    [Anonymous Symbol]                       0x08001e56   Section        0  usbd_ioreq.o(.text.USBD_CtlContinueRx)
    [Anonymous Symbol]                       0x08001e66   Section        0  usbd_ioreq.o(.text.USBD_CtlContinueSendData)
    [Anonymous Symbol]                       0x08001e76   Section        0  usbd_ctlreq.o(.text.USBD_CtlError)
    [Anonymous Symbol]                       0x08001e8c   Section        0  usbd_ioreq.o(.text.USBD_CtlReceiveStatus)
    [Anonymous Symbol]                       0x08001ea2   Section        0  usbd_ioreq.o(.text.USBD_CtlSendData)
    [Anonymous Symbol]                       0x08001ebc   Section        0  usbd_ioreq.o(.text.USBD_CtlSendStatus)
    [Anonymous Symbol]                       0x08001ed4   Section        0  usbd_desc.o(.text.USBD_FS_ConfigStrDescriptor)
    [Anonymous Symbol]                       0x08001ef4   Section        0  usbd_desc.o(.text.USBD_FS_DeviceDescriptor)
    __arm_cp.0_0                             0x08001efc   Number         4  usbd_desc.o(.text.USBD_FS_DeviceDescriptor)
    [Anonymous Symbol]                       0x08001f00   Section        0  usbd_desc.o(.text.USBD_FS_InterfaceStrDescriptor)
    [Anonymous Symbol]                       0x08001f24   Section        0  usbd_desc.o(.text.USBD_FS_LangIDStrDescriptor)
    __arm_cp.1_0                             0x08001f2c   Number         4  usbd_desc.o(.text.USBD_FS_LangIDStrDescriptor)
    [Anonymous Symbol]                       0x08001f30   Section        0  usbd_desc.o(.text.USBD_FS_ManufacturerStrDescriptor)
    [Anonymous Symbol]                       0x08001f58   Section        0  usbd_desc.o(.text.USBD_FS_ProductStrDescriptor)
    __arm_cp.3_1                             0x08001f84   Number         4  usbd_desc.o(.text.USBD_FS_ProductStrDescriptor)
    [Anonymous Symbol]                       0x08001f88   Section        0  usbd_desc.o(.text.USBD_FS_SerialStrDescriptor)
    __arm_cp.4_0                             0x08001fb8   Number         4  usbd_desc.o(.text.USBD_FS_SerialStrDescriptor)
    __arm_cp.4_1                             0x08001fbc   Number         4  usbd_desc.o(.text.USBD_FS_SerialStrDescriptor)
    [Anonymous Symbol]                       0x08001fc0   Section        0  usbd_ctlreq.o(.text.USBD_GetString)
    USBD_Get_USB_Status                      0x0800201d   Thumb Code    24  usbd_conf.o(.text.USBD_Get_USB_Status)
    [Anonymous Symbol]                       0x0800201c   Section        0  usbd_conf.o(.text.USBD_Get_USB_Status)
    __arm_cp.15_0                            0x08002030   Number         4  usbd_conf.o(.text.USBD_Get_USB_Status)
    USBD_HID_DataIn                          0x08002035   Thumb Code    12  usbd_hid.o(.text.USBD_HID_DataIn)
    [Anonymous Symbol]                       0x08002034   Section        0  usbd_hid.o(.text.USBD_HID_DataIn)
    USBD_HID_DeInit                          0x08002041   Thumb Code    32  usbd_hid.o(.text.USBD_HID_DeInit)
    [Anonymous Symbol]                       0x08002040   Section        0  usbd_hid.o(.text.USBD_HID_DeInit)
    USBD_HID_GetDeviceQualifierDesc          0x08002061   Thumb Code    12  usbd_hid.o(.text.USBD_HID_GetDeviceQualifierDesc)
    [Anonymous Symbol]                       0x08002060   Section        0  usbd_hid.o(.text.USBD_HID_GetDeviceQualifierDesc)
    __arm_cp.7_0                             0x08002068   Number         4  usbd_hid.o(.text.USBD_HID_GetDeviceQualifierDesc)
    USBD_HID_GetFSCfgDesc                    0x0800206d   Thumb Code    12  usbd_hid.o(.text.USBD_HID_GetFSCfgDesc)
    [Anonymous Symbol]                       0x0800206c   Section        0  usbd_hid.o(.text.USBD_HID_GetFSCfgDesc)
    __arm_cp.5_0                             0x08002074   Number         4  usbd_hid.o(.text.USBD_HID_GetFSCfgDesc)
    USBD_HID_GetHSCfgDesc                    0x08002079   Thumb Code    12  usbd_hid.o(.text.USBD_HID_GetHSCfgDesc)
    [Anonymous Symbol]                       0x08002078   Section        0  usbd_hid.o(.text.USBD_HID_GetHSCfgDesc)
    __arm_cp.4_0                             0x08002080   Number         4  usbd_hid.o(.text.USBD_HID_GetHSCfgDesc)
    USBD_HID_GetOtherSpeedCfgDesc            0x08002085   Thumb Code    12  usbd_hid.o(.text.USBD_HID_GetOtherSpeedCfgDesc)
    [Anonymous Symbol]                       0x08002084   Section        0  usbd_hid.o(.text.USBD_HID_GetOtherSpeedCfgDesc)
    __arm_cp.6_0                             0x0800208c   Number         4  usbd_hid.o(.text.USBD_HID_GetOtherSpeedCfgDesc)
    USBD_HID_Init                            0x08002091   Thumb Code    42  usbd_hid.o(.text.USBD_HID_Init)
    [Anonymous Symbol]                       0x08002090   Section        0  usbd_hid.o(.text.USBD_HID_Init)
    [Anonymous Symbol]                       0x080020ba   Section        0  usbd_hid.o(.text.USBD_HID_SendReport)
    USBD_HID_Setup                           0x080020e5   Thumb Code   192  usbd_hid.o(.text.USBD_HID_Setup)
    [Anonymous Symbol]                       0x080020e4   Section        0  usbd_hid.o(.text.USBD_HID_Setup)
    __arm_cp.2_0                             0x080021a0   Number         4  usbd_hid.o(.text.USBD_HID_Setup)
    [Anonymous Symbol]                       0x080021a4   Section        0  usbd_core.o(.text.USBD_Init)
    [Anonymous Symbol]                       0x080021ce   Section        0  usbd_conf.o(.text.USBD_LL_ClearStallEP)
    [Anonymous Symbol]                       0x080021e0   Section        0  usbd_conf.o(.text.USBD_LL_CloseEP)
    [Anonymous Symbol]                       0x080021f2   Section        0  usbd_core.o(.text.USBD_LL_DataInStage)
    [Anonymous Symbol]                       0x080022b0   Section        0  usbd_core.o(.text.USBD_LL_DataOutStage)
    [Anonymous Symbol]                       0x08002330   Section        0  usbd_conf.o(.text.USBD_LL_Init)
    __arm_cp.13_0                            0x08002388   Number         4  usbd_conf.o(.text.USBD_LL_Init)
    __arm_cp.13_1                            0x0800238c   Number         4  usbd_conf.o(.text.USBD_LL_Init)
    __arm_cp.13_2                            0x08002390   Number         4  usbd_conf.o(.text.USBD_LL_Init)
    [Anonymous Symbol]                       0x08002394   Section        0  usbd_conf.o(.text.USBD_LL_IsStallEP)
    [Anonymous Symbol]                       0x080023b0   Section        0  usbd_conf.o(.text.USBD_LL_OpenEP)
    [Anonymous Symbol]                       0x080023c8   Section        0  usbd_conf.o(.text.USBD_LL_PrepareReceive)
    [Anonymous Symbol]                       0x080023da   Section        0  usbd_core.o(.text.USBD_LL_Reset)
    [Anonymous Symbol]                       0x0800242c   Section        0  usbd_core.o(.text.USBD_LL_Resume)
    [Anonymous Symbol]                       0x08002440   Section        0  usbd_core.o(.text.USBD_LL_SOF)
    [Anonymous Symbol]                       0x0800245c   Section        0  usbd_core.o(.text.USBD_LL_SetSpeed)
    [Anonymous Symbol]                       0x08002462   Section        0  usbd_conf.o(.text.USBD_LL_SetUSBAddress)
    [Anonymous Symbol]                       0x08002474   Section        0  usbd_core.o(.text.USBD_LL_SetupStage)
    [Anonymous Symbol]                       0x080024ca   Section        0  usbd_conf.o(.text.USBD_LL_StallEP)
    [Anonymous Symbol]                       0x080024dc   Section        0  usbd_conf.o(.text.USBD_LL_Start)
    [Anonymous Symbol]                       0x080024ee   Section        0  usbd_core.o(.text.USBD_LL_Suspend)
    [Anonymous Symbol]                       0x08002500   Section        0  usbd_conf.o(.text.USBD_LL_Transmit)
    [Anonymous Symbol]                       0x08002512   Section        0  usbd_ctlreq.o(.text.USBD_ParseSetupRequest)
    [Anonymous Symbol]                       0x08002528   Section        0  usbd_core.o(.text.USBD_RegisterClass)
    [Anonymous Symbol]                       0x08002536   Section        0  usbd_core.o(.text.USBD_SetClassConfig)
    [Anonymous Symbol]                       0x08002550   Section        0  usbd_core.o(.text.USBD_Start)
    [Anonymous Symbol]                       0x0800255c   Section        0  usbd_ctlreq.o(.text.USBD_StdDevReq)
    __arm_cp.0_0                             0x080027c8   Number         4  usbd_ctlreq.o(.text.USBD_StdDevReq)
    [Anonymous Symbol]                       0x080027cc   Section        0  usbd_ctlreq.o(.text.USBD_StdEPReq)
    [Anonymous Symbol]                       0x08002920   Section        0  usbd_ctlreq.o(.text.USBD_StdItfReq)
    [Anonymous Symbol]                       0x0800296c   Section        0  usbd_conf.o(.text.USBD_static_free)
    [Anonymous Symbol]                       0x08002970   Section        0  usbd_conf.o(.text.USBD_static_malloc)
    __arm_cp.29_0                            0x08002974   Number         4  usbd_conf.o(.text.USBD_static_malloc)
    [Anonymous Symbol]                       0x08002978   Section        0  stm32f1xx_ll_usb.o(.text.USB_ActivateEndpoint)
    __arm_cp.8_0                             0x08002be0   Number         4  stm32f1xx_ll_usb.o(.text.USB_ActivateEndpoint)
    [Anonymous Symbol]                       0x08002be4   Section        0  stm32f1xx_ll_usb.o(.text.USB_CoreInit)
    [Anonymous Symbol]                       0x08002be8   Section        0  stm32f1xx_ll_usb.o(.text.USB_DeactivateEndpoint)
    [Anonymous Symbol]                       0x08002cd6   Section        0  stm32f1xx_ll_usb.o(.text.USB_DevConnect)
    [Anonymous Symbol]                       0x08002cda   Section        0  stm32f1xx_ll_usb.o(.text.USB_DevDisconnect)
    [Anonymous Symbol]                       0x08002cde   Section        0  stm32f1xx_ll_usb.o(.text.USB_DevInit)
    [Anonymous Symbol]                       0x08002d02   Section        0  stm32f1xx_ll_usb.o(.text.USB_DisableGlobalInt)
    [Anonymous Symbol]                       0x08002d14   Section        0  stm32f1xx_ll_usb.o(.text.USB_EP0_OutStart)
    [Anonymous Symbol]                       0x08002d18   Section        0  stm32f1xx_ll_usb.o(.text.USB_EPClearStall)
    [Anonymous Symbol]                       0x08002d94   Section        0  stm32f1xx_ll_usb.o(.text.USB_EPSetStall)
    __arm_cp.14_0                            0x08002dc0   Number         4  stm32f1xx_ll_usb.o(.text.USB_EPSetStall)
    [Anonymous Symbol]                       0x08002dc4   Section        0  stm32f1xx_ll_usb.o(.text.USB_EPStartXfer)
    __arm_cp.10_0                            0x08002fa8   Number         4  stm32f1xx_ll_usb.o(.text.USB_EPStartXfer)
    __arm_cp.10_1                            0x08002fac   Number         4  stm32f1xx_ll_usb.o(.text.USB_EPStartXfer)
    __arm_cp.10_2                            0x08002fb0   Number         4  stm32f1xx_ll_usb.o(.text.USB_EPStartXfer)
    [Anonymous Symbol]                       0x08002fb4   Section        0  stm32f1xx_ll_usb.o(.text.USB_EnableGlobalInt)
    [Anonymous Symbol]                       0x08002fc4   Section        0  stm32f1xx_it.o(.text.USB_LP_CAN1_RX0_IRQHandler)
    __arm_cp.9_0                             0x08002fcc   Number         4  stm32f1xx_it.o(.text.USB_LP_CAN1_RX0_IRQHandler)
    [Anonymous Symbol]                       0x08002fd0   Section        0  stm32f1xx_ll_usb.o(.text.USB_ReadInterrupts)
    [Anonymous Symbol]                       0x08002fd6   Section        0  stm32f1xx_ll_usb.o(.text.USB_ReadPMA)
    [Anonymous Symbol]                       0x0800300e   Section        0  stm32f1xx_ll_usb.o(.text.USB_SetCurrentMode)
    [Anonymous Symbol]                       0x08003012   Section        0  stm32f1xx_ll_usb.o(.text.USB_SetDevAddress)
    [Anonymous Symbol]                       0x0800301e   Section        0  stm32f1xx_ll_usb.o(.text.USB_WritePMA)
    [Anonymous Symbol]                       0x08003042   Section        0  stm32f1xx_it.o(.text.UsageFault_Handler)
    __NVIC_SetPriority                       0x08003045   Thumb Code    36  stm32f1xx_hal_cortex.o(.text.__NVIC_SetPriority)
    [Anonymous Symbol]                       0x08003044   Section        0  stm32f1xx_hal_cortex.o(.text.__NVIC_SetPriority)
    __arm_cp.2_0                             0x08003060   Number         4  stm32f1xx_hal_cortex.o(.text.__NVIC_SetPriority)
    __arm_cp.2_1                             0x08003064   Number         4  stm32f1xx_hal_cortex.o(.text.__NVIC_SetPriority)
    [Anonymous Symbol]                       0x08003068   Section        0  main.o(.text.assert_failed)
    [Anonymous Symbol]                       0x0800306c   Section        0  main.o(.text.main)
    __arm_cp.0_0                             0x080030bc   Number         4  main.o(.text.main)
    .L.str                                   0x080030d8   Data          57  stm32f1xx_hal_uart.o(.rodata.str1.1)
    [Anonymous Symbol]                       0x080030d8   Section        0  stm32f1xx_hal_uart.o(.rodata.str1.1)
    .L.str                                   0x08003111   Data          56  stm32f1xx_hal_rcc.o(.rodata.str1.1)
    [Anonymous Symbol]                       0x08003111   Section        0  stm32f1xx_hal_rcc.o(.rodata.str1.1)
    .L.str                                   0x08003149   Data          59  stm32f1xx_hal_rcc_ex.o(.rodata.str1.1)
    [Anonymous Symbol]                       0x08003149   Section        0  stm32f1xx_hal_rcc_ex.o(.rodata.str1.1)
    .L.str                                   0x08003184   Data          57  stm32f1xx_hal_gpio.o(.rodata.str1.1)
    [Anonymous Symbol]                       0x08003184   Section        0  stm32f1xx_hal_gpio.o(.rodata.str1.1)
    .L.str                                   0x080031bd   Data          59  stm32f1xx_hal_cortex.o(.rodata.str1.1)
    [Anonymous Symbol]                       0x080031bd   Section        0  stm32f1xx_hal_cortex.o(.rodata.str1.1)
    [Anonymous Symbol]                       0x20000000   Section        0  stm32f1xx_hal.o(.data..L_MergedGlobals)
    USBD_HID_Desc                            0x20000008   Data           9  usbd_hid.o(.data..L_MergedGlobals)
    [Anonymous Symbol]                       0x20000008   Section        0  usbd_hid.o(.data..L_MergedGlobals)
    HID_KEYBOARD_ReportDesc                  0x20000014   Data          63  usbd_hid.o(.data..L_MergedGlobals)
    USBD_HID_CfgFSDesc                       0x200000c0   Data          34  usbd_hid.o(.data.USBD_HID_CfgFSDesc)
    [Anonymous Symbol]                       0x200000c0   Section        0  usbd_hid.o(.data.USBD_HID_CfgFSDesc)
    USBD_HID_CfgHSDesc                       0x200000e4   Data          34  usbd_hid.o(.data.USBD_HID_CfgHSDesc)
    [Anonymous Symbol]                       0x200000e4   Section        0  usbd_hid.o(.data.USBD_HID_CfgHSDesc)
    USBD_HID_DeviceQualifierDesc             0x20000108   Data          10  usbd_hid.o(.data.USBD_HID_DeviceQualifierDesc)
    [Anonymous Symbol]                       0x20000108   Section        0  usbd_hid.o(.data.USBD_HID_DeviceQualifierDesc)
    USBD_HID_OtherSpeedCfgDesc               0x20000114   Data          34  usbd_hid.o(.data.USBD_HID_OtherSpeedCfgDesc)
    [Anonymous Symbol]                       0x20000114   Section        0  usbd_hid.o(.data.USBD_HID_OtherSpeedCfgDesc)
    .bss                                     0x20000158   Section       96  libspace.o(.bss)
    USBD_SetConfig.cfgidx                    0x200001b8   Data           1  usbd_ctlreq.o(.bss.USBD_SetConfig.cfgidx)
    [Anonymous Symbol]                       0x200001b8   Section        0  usbd_ctlreq.o(.bss.USBD_SetConfig.cfgidx)
    USBD_static_malloc.mem                   0x200003bc   Data          20  usbd_conf.o(.bss.USBD_static_malloc.mem)
    [Anonymous Symbol]                       0x200003bc   Section        0  usbd_conf.o(.bss.USBD_static_malloc.mem)
    Heap_Mem                                 0x20000948   Data         512  startup_stm32f103xb.o(HEAP)
    HEAP                                     0x20000948   Section      512  startup_stm32f103xb.o(HEAP)
    Stack_Mem                                0x20000b48   Data        1024  startup_stm32f103xb.o(STACK)
    STACK                                    0x20000b48   Section     1024  startup_stm32f103xb.o(STACK)
    __initial_sp                             0x20000f48   Data           0  startup_stm32f103xb.o(STACK)

    Global Symbols

    Symbol Name                              Value     Ov Type        Size  Object(Section)

    BuildAttributes$$THM_ISAv4$P$D$K$B$S$PE$A:L22UL41UL21$X:L11$S22US41US21$IEEE1$IW$~IW$USESV6$~STKCKD$USESV7$~SHL$OSPACE$ROPI$EBA8$UX$STANDARDLIB$REQ8$PRES8$EABIv2 0x00000000   Number         0  anon$$obj.o ABSOLUTE
    __ARM_exceptions_init                     - Undefined Weak Reference
    __alloca_initialize                       - Undefined Weak Reference
    __arm_preinit_                            - Undefined Weak Reference
    __cpp_initialize__aeabi_                  - Undefined Weak Reference
    __cxa_finalize                            - Undefined Weak Reference
    __rt_locale                               - Undefined Weak Reference
    __sigvec_lookup                           - Undefined Weak Reference
    _atexit_init                              - Undefined Weak Reference
    _call_atexit_fns                          - Undefined Weak Reference
    _clock_init                               - Undefined Weak Reference
    _fp_trap_init                             - Undefined Weak Reference
    _fp_trap_shutdown                         - Undefined Weak Reference
    _get_lc_collate                           - Undefined Weak Reference
    _get_lc_ctype                             - Undefined Weak Reference
    _get_lc_monetary                          - Undefined Weak Reference
    _get_lc_numeric                           - Undefined Weak Reference
    _get_lc_time                              - Undefined Weak Reference
    _getenv_init                              - Undefined Weak Reference
    _handle_redirection                       - Undefined Weak Reference
    _init_alloc                               - Undefined Weak Reference
    _init_user_alloc                          - Undefined Weak Reference
    _initio                                   - Undefined Weak Reference
    _rand_init                                - Undefined Weak Reference
    _signal_finish                            - Undefined Weak Reference
    _signal_init                              - Undefined Weak Reference
    _terminate_alloc                          - Undefined Weak Reference
    _terminate_user_alloc                     - Undefined Weak Reference
    _terminateio                              - Undefined Weak Reference
    __Vectors_Size                           0x000000ec   Number         0  startup_stm32f103xb.o ABSOLUTE
    __Vectors                                0x08000000   Data           4  startup_stm32f103xb.o(RESET)
    __Vectors_End                            0x080000ec   Data           0  startup_stm32f103xb.o(RESET)
    __main                                   0x080000ed   Thumb Code     8  __main.o(!!!main)
    __scatterload                            0x080000f5   Thumb Code     0  __scatter.o(!!!scatter)
    __scatterload_rt2                        0x080000f5   Thumb Code    44  __scatter.o(!!!scatter)
    __scatterload_rt2_thumb_only             0x080000f5   Thumb Code     0  __scatter.o(!!!scatter)
    __scatterload_null                       0x08000103   Thumb Code     0  __scatter.o(!!!scatter)
    __decompress                             0x08000129   Thumb Code    90  __dczerorl2.o(!!dczerorl2)
    __decompress1                            0x08000129   Thumb Code     0  __dczerorl2.o(!!dczerorl2)
    __scatterload_zeroinit                   0x08000185   Thumb Code    28  __scatter_zi.o(!!handler_zi)
    __rt_lib_init                            0x080001a1   Thumb Code     0  libinit.o(.ARM.Collect$$libinit$$00000000)
    __rt_lib_init_alloca_1                   0x080001a3   Thumb Code     0  libinit2.o(.ARM.Collect$$libinit$$0000002E)
    __rt_lib_init_argv_1                     0x080001a3   Thumb Code     0  libinit2.o(.ARM.Collect$$libinit$$0000002C)
    __rt_lib_init_atexit_1                   0x080001a3   Thumb Code     0  libinit2.o(.ARM.Collect$$libinit$$0000001B)
    __rt_lib_init_clock_1                    0x080001a3   Thumb Code     0  libinit2.o(.ARM.Collect$$libinit$$00000021)
    __rt_lib_init_cpp_1                      0x080001a3   Thumb Code     0  libinit2.o(.ARM.Collect$$libinit$$00000032)
    __rt_lib_init_exceptions_1               0x080001a3   Thumb Code     0  libinit2.o(.ARM.Collect$$libinit$$00000030)
    __rt_lib_init_fp_1                       0x080001a3   Thumb Code     0  libinit2.o(.ARM.Collect$$libinit$$00000002)
    __rt_lib_init_fp_trap_1                  0x080001a3   Thumb Code     0  libinit2.o(.ARM.Collect$$libinit$$0000001F)
    __rt_lib_init_getenv_1                   0x080001a3   Thumb Code     0  libinit2.o(.ARM.Collect$$libinit$$00000023)
    __rt_lib_init_heap_1                     0x080001a3   Thumb Code     0  libinit2.o(.ARM.Collect$$libinit$$0000000A)
    __rt_lib_init_lc_collate_1               0x080001a3   Thumb Code     0  libinit2.o(.ARM.Collect$$libinit$$00000011)
    __rt_lib_init_lc_ctype_1                 0x080001a3   Thumb Code     0  libinit2.o(.ARM.Collect$$libinit$$00000013)
    __rt_lib_init_lc_monetary_1              0x080001a3   Thumb Code     0  libinit2.o(.ARM.Collect$$libinit$$00000015)
    __rt_lib_init_lc_numeric_1               0x080001a3   Thumb Code     0  libinit2.o(.ARM.Collect$$libinit$$00000017)
    __rt_lib_init_lc_time_1                  0x080001a3   Thumb Code     0  libinit2.o(.ARM.Collect$$libinit$$00000019)
    __rt_lib_init_preinit_1                  0x080001a3   Thumb Code     0  libinit2.o(.ARM.Collect$$libinit$$00000004)
    __rt_lib_init_rand_1                     0x080001a3   Thumb Code     0  libinit2.o(.ARM.Collect$$libinit$$0000000E)
    __rt_lib_init_return                     0x080001a3   Thumb Code     0  libinit2.o(.ARM.Collect$$libinit$$00000033)
    __rt_lib_init_signal_1                   0x080001a3   Thumb Code     0  libinit2.o(.ARM.Collect$$libinit$$0000001D)
    __rt_lib_init_stdio_1                    0x080001a3   Thumb Code     0  libinit2.o(.ARM.Collect$$libinit$$00000025)
    __rt_lib_init_user_alloc_1               0x080001a3   Thumb Code     0  libinit2.o(.ARM.Collect$$libinit$$0000000C)
    __rt_lib_shutdown                        0x080001a5   Thumb Code     0  libshutdown.o(.ARM.Collect$$libshutdown$$00000000)
    __rt_lib_shutdown_cpp_1                  0x080001a7   Thumb Code     0  libshutdown2.o(.ARM.Collect$$libshutdown$$00000002)
    __rt_lib_shutdown_fp_trap_1              0x080001a7   Thumb Code     0  libshutdown2.o(.ARM.Collect$$libshutdown$$00000007)
    __rt_lib_shutdown_heap_1                 0x080001a7   Thumb Code     0  libshutdown2.o(.ARM.Collect$$libshutdown$$0000000F)
    __rt_lib_shutdown_return                 0x080001a7   Thumb Code     0  libshutdown2.o(.ARM.Collect$$libshutdown$$00000010)
    __rt_lib_shutdown_signal_1               0x080001a7   Thumb Code     0  libshutdown2.o(.ARM.Collect$$libshutdown$$0000000A)
    __rt_lib_shutdown_stdio_1                0x080001a7   Thumb Code     0  libshutdown2.o(.ARM.Collect$$libshutdown$$00000004)
    __rt_lib_shutdown_user_alloc_1           0x080001a7   Thumb Code     0  libshutdown2.o(.ARM.Collect$$libshutdown$$0000000C)
    __rt_entry                               0x080001a9   Thumb Code     0  __rtentry.o(.ARM.Collect$$rtentry$$00000000)
    __rt_entry_presh_1                       0x080001a9   Thumb Code     0  __rtentry2.o(.ARM.Collect$$rtentry$$00000002)
    __rt_entry_sh                            0x080001a9   Thumb Code     0  __rtentry4.o(.ARM.Collect$$rtentry$$00000004)
    __rt_entry_li                            0x080001af   Thumb Code     0  __rtentry2.o(.ARM.Collect$$rtentry$$0000000A)
    __rt_entry_postsh_1                      0x080001af   Thumb Code     0  __rtentry2.o(.ARM.Collect$$rtentry$$00000009)
    __rt_entry_main                          0x080001b3   Thumb Code     0  __rtentry2.o(.ARM.Collect$$rtentry$$0000000D)
    __rt_entry_postli_1                      0x080001b3   Thumb Code     0  __rtentry2.o(.ARM.Collect$$rtentry$$0000000C)
    __rt_exit                                0x080001bb   Thumb Code     0  rtexit.o(.ARM.Collect$$rtexit$$00000000)
    __rt_exit_ls                             0x080001bd   Thumb Code     0  rtexit2.o(.ARM.Collect$$rtexit$$00000003)
    __rt_exit_prels_1                        0x080001bd   Thumb Code     0  rtexit2.o(.ARM.Collect$$rtexit$$00000002)
    __rt_exit_exit                           0x080001c1   Thumb Code     0  rtexit2.o(.ARM.Collect$$rtexit$$00000004)
    Reset_Handler                            0x080001c9   Thumb Code     8  startup_stm32f103xb.o(.text)
    ADC1_2_IRQHandler                        0x080001e3   Thumb Code     0  startup_stm32f103xb.o(.text)
    CAN1_RX1_IRQHandler                      0x080001e3   Thumb Code     0  startup_stm32f103xb.o(.text)
    CAN1_SCE_IRQHandler                      0x080001e3   Thumb Code     0  startup_stm32f103xb.o(.text)
    DMA1_Channel1_IRQHandler                 0x080001e3   Thumb Code     0  startup_stm32f103xb.o(.text)
    DMA1_Channel2_IRQHandler                 0x080001e3   Thumb Code     0  startup_stm32f103xb.o(.text)
    DMA1_Channel3_IRQHandler                 0x080001e3   Thumb Code     0  startup_stm32f103xb.o(.text)
    DMA1_Channel4_IRQHandler                 0x080001e3   Thumb Code     0  startup_stm32f103xb.o(.text)
    DMA1_Channel5_IRQHandler                 0x080001e3   Thumb Code     0  startup_stm32f103xb.o(.text)
    DMA1_Channel6_IRQHandler                 0x080001e3   Thumb Code     0  startup_stm32f103xb.o(.text)
    DMA1_Channel7_IRQHandler                 0x080001e3   Thumb Code     0  startup_stm32f103xb.o(.text)
    EXTI0_IRQHandler                         0x080001e3   Thumb Code     0  startup_stm32f103xb.o(.text)
    EXTI15_10_IRQHandler                     0x080001e3   Thumb Code     0  startup_stm32f103xb.o(.text)
    EXTI1_IRQHandler                         0x080001e3   Thumb Code     0  startup_stm32f103xb.o(.text)
    EXTI2_IRQHandler                         0x080001e3   Thumb Code     0  startup_stm32f103xb.o(.text)
    EXTI3_IRQHandler                         0x080001e3   Thumb Code     0  startup_stm32f103xb.o(.text)
    EXTI4_IRQHandler                         0x080001e3   Thumb Code     0  startup_stm32f103xb.o(.text)
    EXTI9_5_IRQHandler                       0x080001e3   Thumb Code     0  startup_stm32f103xb.o(.text)
    FLASH_IRQHandler                         0x080001e3   Thumb Code     0  startup_stm32f103xb.o(.text)
    I2C1_ER_IRQHandler                       0x080001e3   Thumb Code     0  startup_stm32f103xb.o(.text)
    I2C1_EV_IRQHandler                       0x080001e3   Thumb Code     0  startup_stm32f103xb.o(.text)
    I2C2_ER_IRQHandler                       0x080001e3   Thumb Code     0  startup_stm32f103xb.o(.text)
    I2C2_EV_IRQHandler                       0x080001e3   Thumb Code     0  startup_stm32f103xb.o(.text)
    PVD_IRQHandler                           0x080001e3   Thumb Code     0  startup_stm32f103xb.o(.text)
    RCC_IRQHandler                           0x080001e3   Thumb Code     0  startup_stm32f103xb.o(.text)
    RTC_Alarm_IRQHandler                     0x080001e3   Thumb Code     0  startup_stm32f103xb.o(.text)
    RTC_IRQHandler                           0x080001e3   Thumb Code     0  startup_stm32f103xb.o(.text)
    SPI1_IRQHandler                          0x080001e3   Thumb Code     0  startup_stm32f103xb.o(.text)
    SPI2_IRQHandler                          0x080001e3   Thumb Code     0  startup_stm32f103xb.o(.text)
    TAMPER_IRQHandler                        0x080001e3   Thumb Code     0  startup_stm32f103xb.o(.text)
    TIM1_BRK_IRQHandler                      0x080001e3   Thumb Code     0  startup_stm32f103xb.o(.text)
    TIM1_CC_IRQHandler                       0x080001e3   Thumb Code     0  startup_stm32f103xb.o(.text)
    TIM1_TRG_COM_IRQHandler                  0x080001e3   Thumb Code     0  startup_stm32f103xb.o(.text)
    TIM1_UP_IRQHandler                       0x080001e3   Thumb Code     0  startup_stm32f103xb.o(.text)
    TIM2_IRQHandler                          0x080001e3   Thumb Code     0  startup_stm32f103xb.o(.text)
    TIM3_IRQHandler                          0x080001e3   Thumb Code     0  startup_stm32f103xb.o(.text)
    TIM4_IRQHandler                          0x080001e3   Thumb Code     0  startup_stm32f103xb.o(.text)
    USART2_IRQHandler                        0x080001e3   Thumb Code     0  startup_stm32f103xb.o(.text)
    USART3_IRQHandler                        0x080001e3   Thumb Code     0  startup_stm32f103xb.o(.text)
    USBWakeUp_IRQHandler                     0x080001e3   Thumb Code     0  startup_stm32f103xb.o(.text)
    USB_HP_CAN1_TX_IRQHandler                0x080001e3   Thumb Code     0  startup_stm32f103xb.o(.text)
    WWDG_IRQHandler                          0x080001e3   Thumb Code     0  startup_stm32f103xb.o(.text)
    __user_initial_stackheap                 0x080001e5   Thumb Code     0  startup_stm32f103xb.o(.text)
    __use_two_region_memory                  0x08000209   Thumb Code     2  heapauxi.o(.text)
    __rt_heap_escrow$2region                 0x0800020b   Thumb Code     2  heapauxi.o(.text)
    __rt_heap_expand$2region                 0x0800020d   Thumb Code     2  heapauxi.o(.text)
    __user_setup_stackheap                   0x0800020f   Thumb Code    74  sys_stackheap_outer.o(.text)
    exit                                     0x08000259   Thumb Code    18  exit.o(.text)
    __user_libspace                          0x0800026d   Thumb Code     8  libspace.o(.text)
    __user_perproc_libspace                  0x0800026d   Thumb Code     0  libspace.o(.text)
    __user_perthread_libspace                0x0800026d   Thumb Code     0  libspace.o(.text)
    _sys_exit                                0x08000275   Thumb Code     8  sys_exit.o(.text)
    __I$use$semihosting                      0x08000281   Thumb Code     0  use_no_semi.o(.text)
    __use_no_semihosting_swi                 0x08000281   Thumb Code     2  use_no_semi.o(.text)
    BusFault_Handler                         0x08000283   Thumb Code     2  stm32f1xx_it.o(.text.BusFault_Handler)
    __semihosting_library_function           0x08000283   Thumb Code     0  indicate_semi.o(.text)
    DebugMon_Handler                         0x08000285   Thumb Code     2  stm32f1xx_it.o(.text.DebugMon_Handler)
    Error_Handler                            0x08000287   Thumb Code     2  main.o(.text.Error_Handler)
    HAL_DMA_Abort_IT                         0x08000289   Thumb Code   156  stm32f1xx_hal_dma.o(.text.HAL_DMA_Abort_IT)
    HAL_Delay                                0x08000325   Thumb Code    36  stm32f1xx_hal.o(.text.HAL_Delay)
    HAL_GPIO_Init                            0x08000345   Thumb Code   784  stm32f1xx_hal_gpio.o(.text.HAL_GPIO_Init)
    HAL_GetTick                              0x08000651   Thumb Code    12  stm32f1xx_hal.o(.text.HAL_GetTick)
    HAL_IncTick                              0x08000659   Thumb Code    24  stm32f1xx_hal.o(.text.HAL_IncTick)
    HAL_Init                                 0x0800066d   Thumb Code    36  stm32f1xx_hal.o(.text.HAL_Init)
    HAL_InitTick                             0x08000691   Thumb Code    64  stm32f1xx_hal.o(.text.HAL_InitTick)
    HAL_MspInit                              0x080006d1   Thumb Code    64  stm32f1xx_hal_msp.o(.text.HAL_MspInit)
    HAL_NVIC_EnableIRQ                       0x08000711   Thumb Code    44  stm32f1xx_hal_cortex.o(.text.HAL_NVIC_EnableIRQ)
    HAL_NVIC_SetPriority                     0x08000739   Thumb Code   100  stm32f1xx_hal_cortex.o(.text.HAL_NVIC_SetPriority)
    HAL_NVIC_SetPriorityGrouping             0x08000795   Thumb Code    52  stm32f1xx_hal_cortex.o(.text.HAL_NVIC_SetPriorityGrouping)
    HAL_PCDEx_PMAConfig                      0x080007c9   Thumb Code    50  stm32f1xx_hal_pcd_ex.o(.text.HAL_PCDEx_PMAConfig)
    HAL_PCDEx_SetConnectionState             0x080007fb   Thumb Code     2  usbd_conf.o(.text.HAL_PCDEx_SetConnectionState)
    HAL_PCD_DataInStageCallback              0x080007fd   Thumb Code    14  usbd_conf.o(.text.HAL_PCD_DataInStageCallback)
    HAL_PCD_DataOutStageCallback             0x0800080b   Thumb Code    16  usbd_conf.o(.text.HAL_PCD_DataOutStageCallback)
    HAL_PCD_EP_Close                         0x0800081b   Thumb Code    74  stm32f1xx_hal_pcd.o(.text.HAL_PCD_EP_Close)
    HAL_PCD_EP_ClrStall                      0x08000865   Thumb Code    92  stm32f1xx_hal_pcd.o(.text.HAL_PCD_EP_ClrStall)
    HAL_PCD_EP_Open                          0x080008c1   Thumb Code    90  stm32f1xx_hal_pcd.o(.text.HAL_PCD_EP_Open)
    HAL_PCD_EP_Receive                       0x0800091b   Thumb Code    44  stm32f1xx_hal_pcd.o(.text.HAL_PCD_EP_Receive)
    HAL_PCD_EP_SetStall                      0x08000947   Thumb Code   100  stm32f1xx_hal_pcd.o(.text.HAL_PCD_EP_SetStall)
    HAL_PCD_EP_Transmit                      0x080009ab   Thumb Code    40  stm32f1xx_hal_pcd.o(.text.HAL_PCD_EP_Transmit)
    HAL_PCD_IRQHandler                       0x080009d5   Thumb Code   996  stm32f1xx_hal_pcd.o(.text.HAL_PCD_IRQHandler)
    HAL_PCD_Init                             0x08000db9   Thumb Code   292  stm32f1xx_hal_pcd.o(.text.HAL_PCD_Init)
    HAL_PCD_MspInit                          0x08000edd   Thumb Code    60  usbd_conf.o(.text.HAL_PCD_MspInit)
    HAL_PCD_ResetCallback                    0x08000f19   Thumb Code    36  usbd_conf.o(.text.HAL_PCD_ResetCallback)
    HAL_PCD_ResumeCallback                   0x08000f3d   Thumb Code     8  usbd_conf.o(.text.HAL_PCD_ResumeCallback)
    HAL_PCD_SOFCallback                      0x08000f45   Thumb Code     8  usbd_conf.o(.text.HAL_PCD_SOFCallback)
    HAL_PCD_SetAddress                       0x08000f4d   Thumb Code    40  stm32f1xx_hal_pcd.o(.text.HAL_PCD_SetAddress)
    HAL_PCD_SetupStageCallback               0x08000f75   Thumb Code    14  usbd_conf.o(.text.HAL_PCD_SetupStageCallback)
    HAL_PCD_Start                            0x08000f83   Thumb Code    50  stm32f1xx_hal_pcd.o(.text.HAL_PCD_Start)
    HAL_PCD_SuspendCallback                  0x08000fb5   Thumb Code    32  usbd_conf.o(.text.HAL_PCD_SuspendCallback)
    HAL_RCCEx_PeriphCLKConfig                0x08000fd5   Thumb Code   324  stm32f1xx_hal_rcc_ex.o(.text.HAL_RCCEx_PeriphCLKConfig)
    HAL_RCC_ClockConfig                      0x08001115   Thumb Code   556  stm32f1xx_hal_rcc.o(.text.HAL_RCC_ClockConfig)
    HAL_RCC_GetPCLK1Freq                     0x08001339   Thumb Code    32  stm32f1xx_hal_rcc.o(.text.HAL_RCC_GetPCLK1Freq)
    HAL_RCC_GetPCLK2Freq                     0x0800134d   Thumb Code    32  stm32f1xx_hal_rcc.o(.text.HAL_RCC_GetPCLK2Freq)
    HAL_RCC_GetSysClockFreq                  0x08001369   Thumb Code    88  stm32f1xx_hal_rcc.o(.text.HAL_RCC_GetSysClockFreq)
    HAL_RCC_OscConfig                        0x080013c1   Thumb Code  1044  stm32f1xx_hal_rcc.o(.text.HAL_RCC_OscConfig)
    HAL_SYSTICK_Config                       0x080017d5   Thumb Code    40  stm32f1xx_hal_cortex.o(.text.HAL_SYSTICK_Config)
    HAL_UART_ErrorCallback                   0x080017fd   Thumb Code     2  stm32f1xx_hal_uart.o(.text.HAL_UART_ErrorCallback)
    HAL_UART_IRQHandler                      0x08001801   Thumb Code   360  stm32f1xx_hal_uart.o(.text.HAL_UART_IRQHandler)
    HAL_UART_Init                            0x08001969   Thumb Code   212  stm32f1xx_hal_uart.o(.text.HAL_UART_Init)
    HAL_UART_MspInit                         0x08001a39   Thumb Code   136  usart.o(.text.HAL_UART_MspInit)
    HAL_UART_RxCpltCallback                  0x08001ab9   Thumb Code     2  stm32f1xx_hal_uart.o(.text.HAL_UART_RxCpltCallback)
    HAL_UART_TxCpltCallback                  0x08001abb   Thumb Code     2  stm32f1xx_hal_uart.o(.text.HAL_UART_TxCpltCallback)
    HardFault_Handler                        0x08001abd   Thumb Code     2  stm32f1xx_it.o(.text.HardFault_Handler)
    MX_GPIO_Init                             0x08001af5   Thumb Code   156  gpio.o(.text.MX_GPIO_Init)
    MX_USART1_UART_Init                      0x08001b91   Thumb Code    56  usart.o(.text.MX_USART1_UART_Init)
    MX_USB_DEVICE_Init                       0x08001bc5   Thumb Code    64  usb_device.o(.text.MX_USB_DEVICE_Init)
    MemManage_Handler                        0x08001c05   Thumb Code     2  stm32f1xx_it.o(.text.MemManage_Handler)
    NMI_Handler                              0x08001c07   Thumb Code     2  stm32f1xx_it.o(.text.NMI_Handler)
    PendSV_Handler                           0x08001c09   Thumb Code     2  stm32f1xx_it.o(.text.PendSV_Handler)
    SVC_Handler                              0x08001c0b   Thumb Code     2  stm32f1xx_it.o(.text.SVC_Handler)
    SysTick_Handler                          0x08001c0d   Thumb Code     4  stm32f1xx_it.o(.text.SysTick_Handler)
    SystemClock_Config                       0x08001c11   Thumb Code    90  main.o(.text.SystemClock_Config)
    SystemInit                               0x08001c6d   Thumb Code    76  system_stm32f1xx.o(.text.SystemInit)
    USART1_IRQHandler                        0x08001e3d   Thumb Code    12  stm32f1xx_it.o(.text.USART1_IRQHandler)
    USBD_ClrClassConfig                      0x08001e49   Thumb Code    14  usbd_core.o(.text.USBD_ClrClassConfig)
    USBD_CtlContinueRx                       0x08001e57   Thumb Code    16  usbd_ioreq.o(.text.USBD_CtlContinueRx)
    USBD_CtlContinueSendData                 0x08001e67   Thumb Code    16  usbd_ioreq.o(.text.USBD_CtlContinueSendData)
    USBD_CtlError                            0x08001e77   Thumb Code    22  usbd_ctlreq.o(.text.USBD_CtlError)
    USBD_CtlReceiveStatus                    0x08001e8d   Thumb Code    22  usbd_ioreq.o(.text.USBD_CtlReceiveStatus)
    USBD_CtlSendData                         0x08001ea3   Thumb Code    26  usbd_ioreq.o(.text.USBD_CtlSendData)
    USBD_CtlSendStatus                       0x08001ebd   Thumb Code    22  usbd_ioreq.o(.text.USBD_CtlSendStatus)
    USBD_FS_ConfigStrDescriptor              0x08001ed5   Thumb Code    36  usbd_desc.o(.text.USBD_FS_ConfigStrDescriptor)
    USBD_FS_DeviceDescriptor                 0x08001ef5   Thumb Code    12  usbd_desc.o(.text.USBD_FS_DeviceDescriptor)
    USBD_FS_InterfaceStrDescriptor           0x08001f01   Thumb Code    40  usbd_desc.o(.text.USBD_FS_InterfaceStrDescriptor)
    USBD_FS_LangIDStrDescriptor              0x08001f25   Thumb Code    12  usbd_desc.o(.text.USBD_FS_LangIDStrDescriptor)
    USBD_FS_ManufacturerStrDescriptor        0x08001f31   Thumb Code    44  usbd_desc.o(.text.USBD_FS_ManufacturerStrDescriptor)
    USBD_FS_ProductStrDescriptor             0x08001f59   Thumb Code    48  usbd_desc.o(.text.USBD_FS_ProductStrDescriptor)
    USBD_FS_SerialStrDescriptor              0x08001f89   Thumb Code    56  usbd_desc.o(.text.USBD_FS_SerialStrDescriptor)
    USBD_GetString                           0x08001fc1   Thumb Code    92  usbd_ctlreq.o(.text.USBD_GetString)
    USBD_HID_SendReport                      0x080020bb   Thumb Code    42  usbd_hid.o(.text.USBD_HID_SendReport)
    USBD_Init                                0x080021a5   Thumb Code    42  usbd_core.o(.text.USBD_Init)
    USBD_LL_ClearStallEP                     0x080021cf   Thumb Code    18  usbd_conf.o(.text.USBD_LL_ClearStallEP)
    USBD_LL_CloseEP                          0x080021e1   Thumb Code    18  usbd_conf.o(.text.USBD_LL_CloseEP)
    USBD_LL_DataInStage                      0x080021f3   Thumb Code   190  usbd_core.o(.text.USBD_LL_DataInStage)
    USBD_LL_DataOutStage                     0x080022b1   Thumb Code   126  usbd_core.o(.text.USBD_LL_DataOutStage)
    USBD_LL_Init                             0x08002331   Thumb Code   100  usbd_conf.o(.text.USBD_LL_Init)
    USBD_LL_IsStallEP                        0x08002395   Thumb Code    28  usbd_conf.o(.text.USBD_LL_IsStallEP)
    USBD_LL_OpenEP                           0x080023b1   Thumb Code    24  usbd_conf.o(.text.USBD_LL_OpenEP)
    USBD_LL_PrepareReceive                   0x080023c9   Thumb Code    18  usbd_conf.o(.text.USBD_LL_PrepareReceive)
    USBD_LL_Reset                            0x080023db   Thumb Code    82  usbd_core.o(.text.USBD_LL_Reset)
    USBD_LL_Resume                           0x0800242d   Thumb Code    20  usbd_core.o(.text.USBD_LL_Resume)
    USBD_LL_SOF                              0x08002441   Thumb Code    28  usbd_core.o(.text.USBD_LL_SOF)
    USBD_LL_SetSpeed                         0x0800245d   Thumb Code     6  usbd_core.o(.text.USBD_LL_SetSpeed)
    USBD_LL_SetUSBAddress                    0x08002463   Thumb Code    18  usbd_conf.o(.text.USBD_LL_SetUSBAddress)
    USBD_LL_SetupStage                       0x08002475   Thumb Code    86  usbd_core.o(.text.USBD_LL_SetupStage)
    USBD_LL_StallEP                          0x080024cb   Thumb Code    18  usbd_conf.o(.text.USBD_LL_StallEP)
    USBD_LL_Start                            0x080024dd   Thumb Code    18  usbd_conf.o(.text.USBD_LL_Start)
    USBD_LL_Suspend                          0x080024ef   Thumb Code    18  usbd_core.o(.text.USBD_LL_Suspend)
    USBD_LL_Transmit                         0x08002501   Thumb Code    18  usbd_conf.o(.text.USBD_LL_Transmit)
    USBD_ParseSetupRequest                   0x08002513   Thumb Code    22  usbd_ctlreq.o(.text.USBD_ParseSetupRequest)
    USBD_RegisterClass                       0x08002529   Thumb Code    14  usbd_core.o(.text.USBD_RegisterClass)
    USBD_SetClassConfig                      0x08002537   Thumb Code    26  usbd_core.o(.text.USBD_SetClassConfig)
    USBD_Start                               0x08002551   Thumb Code    10  usbd_core.o(.text.USBD_Start)
    USBD_StdDevReq                           0x0800255d   Thumb Code   624  usbd_ctlreq.o(.text.USBD_StdDevReq)
    USBD_StdEPReq                            0x080027cd   Thumb Code   340  usbd_ctlreq.o(.text.USBD_StdEPReq)
    USBD_StdItfReq                           0x08002921   Thumb Code    76  usbd_ctlreq.o(.text.USBD_StdItfReq)
    USBD_static_free                         0x0800296d   Thumb Code     2  usbd_conf.o(.text.USBD_static_free)
    USBD_static_malloc                       0x08002971   Thumb Code     8  usbd_conf.o(.text.USBD_static_malloc)
    USB_ActivateEndpoint                     0x08002979   Thumb Code   620  stm32f1xx_ll_usb.o(.text.USB_ActivateEndpoint)
    USB_CoreInit                             0x08002be5   Thumb Code     4  stm32f1xx_ll_usb.o(.text.USB_CoreInit)
    USB_DeactivateEndpoint                   0x08002be9   Thumb Code   238  stm32f1xx_ll_usb.o(.text.USB_DeactivateEndpoint)
    USB_DevConnect                           0x08002cd7   Thumb Code     4  stm32f1xx_ll_usb.o(.text.USB_DevConnect)
    USB_DevDisconnect                        0x08002cdb   Thumb Code     4  stm32f1xx_ll_usb.o(.text.USB_DevDisconnect)
    USB_DevInit                              0x08002cdf   Thumb Code    36  stm32f1xx_ll_usb.o(.text.USB_DevInit)
    USB_DisableGlobalInt                     0x08002d03   Thumb Code    18  stm32f1xx_ll_usb.o(.text.USB_DisableGlobalInt)
    USB_EP0_OutStart                         0x08002d15   Thumb Code     4  stm32f1xx_ll_usb.o(.text.USB_EP0_OutStart)
    USB_EPClearStall                         0x08002d19   Thumb Code   124  stm32f1xx_ll_usb.o(.text.USB_EPClearStall)
    USB_EPSetStall                           0x08002d95   Thumb Code    48  stm32f1xx_ll_usb.o(.text.USB_EPSetStall)
    USB_EPStartXfer                          0x08002dc5   Thumb Code   496  stm32f1xx_ll_usb.o(.text.USB_EPStartXfer)
    USB_EnableGlobalInt                      0x08002fb5   Thumb Code    16  stm32f1xx_ll_usb.o(.text.USB_EnableGlobalInt)
    USB_LP_CAN1_RX0_IRQHandler               0x08002fc5   Thumb Code    12  stm32f1xx_it.o(.text.USB_LP_CAN1_RX0_IRQHandler)
    USB_ReadInterrupts                       0x08002fd1   Thumb Code     6  stm32f1xx_ll_usb.o(.text.USB_ReadInterrupts)
    USB_ReadPMA                              0x08002fd7   Thumb Code    56  stm32f1xx_ll_usb.o(.text.USB_ReadPMA)
    USB_SetCurrentMode                       0x0800300f   Thumb Code     4  stm32f1xx_ll_usb.o(.text.USB_SetCurrentMode)
    USB_SetDevAddress                        0x08003013   Thumb Code    12  stm32f1xx_ll_usb.o(.text.USB_SetDevAddress)
    USB_WritePMA                             0x0800301f   Thumb Code    36  stm32f1xx_ll_usb.o(.text.USB_WritePMA)
    UsageFault_Handler                       0x08003043   Thumb Code     2  stm32f1xx_it.o(.text.UsageFault_Handler)
    assert_failed                            0x08003069   Thumb Code     2  main.o(.text.assert_failed)
    main                                     0x0800306d   Thumb Code    84  main.o(.text.main)
    AHBPrescTable                            0x080030c0   Data          16  system_stm32f1xx.o(.rodata.AHBPrescTable)
    APBPrescTable                            0x080030d0   Data           8  system_stm32f1xx.o(.rodata.APBPrescTable)
    Region$$Table$$Base                      0x080031f8   Number         0  anon$$obj.o(Region$$Table)
    Region$$Table$$Limit                     0x08003218   Number         0  anon$$obj.o(Region$$Table)
    uwTickFreq                               0x20000000   Data           1  stm32f1xx_hal.o(.data..L_MergedGlobals)
    uwTickPrio                               0x20000004   Data           4  stm32f1xx_hal.o(.data..L_MergedGlobals)
    FS_Desc                                  0x20000054   Data          28  usbd_desc.o(.data.FS_Desc)
    SystemCoreClock                          0x20000070   Data           4  system_stm32f1xx.o(.data.SystemCoreClock)
    USBD_FS_DeviceDesc                       0x20000074   Data          18  usbd_desc.o(.data.USBD_FS_DeviceDesc)
    USBD_HID                                 0x20000088   Data          56  usbd_hid.o(.data.USBD_HID)
    USBD_LangIDDesc                          0x20000138   Data           4  usbd_desc.o(.data.USBD_LangIDDesc)
    USBD_StringSerial                        0x2000013c   Data          26  usbd_desc.o(.data.USBD_StringSerial)
    __libspace_start                         0x20000158   Data          96  libspace.o(.bss)
    __temporary_stack_top$libspace           0x200001b8   Data           0  libspace.o(.bss)
    USBD_StrDesc                             0x200001bc   Data         512  usbd_desc.o(.bss.USBD_StrDesc)
    hUsbDeviceFS                             0x200003d0   Data         708  usb_device.o(.bss.hUsbDeviceFS)
    hpcd_USB_FS                              0x20000694   Data         620  usbd_conf.o(.bss.hpcd_USB_FS)
    huart1                                   0x20000900   Data          64  usart.o(.bss.huart1)
    uwTick                                   0x20000940   Data           4  stm32f1xx_hal.o(.bss.uwTick)



==============================================================================

Memory Map of the image

  Image Entry point : 0x080000ed

  Load Region LR_IROM1 (Base: 0x08000000, Size: 0x00003370, Max: 0x00010000, ABSOLUTE, COMPRESSED[0x000032e8])

    Execution Region ER_IROM1 (Exec base: 0x08000000, Load base: 0x08000000, Size: 0x00003218, Max: 0x00010000, ABSOLUTE)

    Exec Addr    Load Addr    Size         Type   Attr      Idx    E Section Name        Object

    0x08000000   0x08000000   0x000000ec   Data   RO            3    RESET               startup_stm32f103xb.o
    0x080000ec   0x080000ec   0x00000008   Code   RO         1010  * !!!main             c_w.l(__main.o)
    0x080000f4   0x080000f4   0x00000034   Code   RO         1175    !!!scatter          c_w.l(__scatter.o)
    0x08000128   0x08000128   0x0000005a   Code   RO         1173    !!dczerorl2         c_w.l(__dczerorl2.o)
    0x08000182   0x08000182   0x00000002   PAD
    0x08000184   0x08000184   0x0000001c   Code   RO         1177    !!handler_zi        c_w.l(__scatter_zi.o)
    0x080001a0   0x080001a0   0x00000002   Code   RO         1037    .ARM.Collect$$libinit$$00000000  c_w.l(libinit.o)
    0x080001a2   0x080001a2   0x00000000   Code   RO         1044    .ARM.Collect$$libinit$$00000002  c_w.l(libinit2.o)
    0x080001a2   0x080001a2   0x00000000   Code   RO         1046    .ARM.Collect$$libinit$$00000004  c_w.l(libinit2.o)
    0x080001a2   0x080001a2   0x00000000   Code   RO         1049    .ARM.Collect$$libinit$$0000000A  c_w.l(libinit2.o)
    0x080001a2   0x080001a2   0x00000000   Code   RO         1051    .ARM.Collect$$libinit$$0000000C  c_w.l(libinit2.o)
    0x080001a2   0x080001a2   0x00000000   Code   RO         1053    .ARM.Collect$$libinit$$0000000E  c_w.l(libinit2.o)
    0x080001a2   0x080001a2   0x00000000   Code   RO         1056    .ARM.Collect$$libinit$$00000011  c_w.l(libinit2.o)
    0x080001a2   0x080001a2   0x00000000   Code   RO         1058    .ARM.Collect$$libinit$$00000013  c_w.l(libinit2.o)
    0x080001a2   0x080001a2   0x00000000   Code   RO         1060    .ARM.Collect$$libinit$$00000015  c_w.l(libinit2.o)
    0x080001a2   0x080001a2   0x00000000   Code   RO         1062    .ARM.Collect$$libinit$$00000017  c_w.l(libinit2.o)
    0x080001a2   0x080001a2   0x00000000   Code   RO         1064    .ARM.Collect$$libinit$$00000019  c_w.l(libinit2.o)
    0x080001a2   0x080001a2   0x00000000   Code   RO         1066    .ARM.Collect$$libinit$$0000001B  c_w.l(libinit2.o)
    0x080001a2   0x080001a2   0x00000000   Code   RO         1068    .ARM.Collect$$libinit$$0000001D  c_w.l(libinit2.o)
    0x080001a2   0x080001a2   0x00000000   Code   RO         1070    .ARM.Collect$$libinit$$0000001F  c_w.l(libinit2.o)
    0x080001a2   0x080001a2   0x00000000   Code   RO         1072    .ARM.Collect$$libinit$$00000021  c_w.l(libinit2.o)
    0x080001a2   0x080001a2   0x00000000   Code   RO         1074    .ARM.Collect$$libinit$$00000023  c_w.l(libinit2.o)
    0x080001a2   0x080001a2   0x00000000   Code   RO         1076    .ARM.Collect$$libinit$$00000025  c_w.l(libinit2.o)
    0x080001a2   0x080001a2   0x00000000   Code   RO         1080    .ARM.Collect$$libinit$$0000002C  c_w.l(libinit2.o)
    0x080001a2   0x080001a2   0x00000000   Code   RO         1082    .ARM.Collect$$libinit$$0000002E  c_w.l(libinit2.o)
    0x080001a2   0x080001a2   0x00000000   Code   RO         1084    .ARM.Collect$$libinit$$00000030  c_w.l(libinit2.o)
    0x080001a2   0x080001a2   0x00000000   Code   RO         1086    .ARM.Collect$$libinit$$00000032  c_w.l(libinit2.o)
    0x080001a2   0x080001a2   0x00000002   Code   RO         1087    .ARM.Collect$$libinit$$00000033  c_w.l(libinit2.o)
    0x080001a4   0x080001a4   0x00000002   Code   RO         1109    .ARM.Collect$$libshutdown$$00000000  c_w.l(libshutdown.o)
    0x080001a6   0x080001a6   0x00000000   Code   RO         1124    .ARM.Collect$$libshutdown$$00000002  c_w.l(libshutdown2.o)
    0x080001a6   0x080001a6   0x00000000   Code   RO         1126    .ARM.Collect$$libshutdown$$00000004  c_w.l(libshutdown2.o)
    0x080001a6   0x080001a6   0x00000000   Code   RO         1129    .ARM.Collect$$libshutdown$$00000007  c_w.l(libshutdown2.o)
    0x080001a6   0x080001a6   0x00000000   Code   RO         1132    .ARM.Collect$$libshutdown$$0000000A  c_w.l(libshutdown2.o)
    0x080001a6   0x080001a6   0x00000000   Code   RO         1134    .ARM.Collect$$libshutdown$$0000000C  c_w.l(libshutdown2.o)
    0x080001a6   0x080001a6   0x00000000   Code   RO         1137    .ARM.Collect$$libshutdown$$0000000F  c_w.l(libshutdown2.o)
    0x080001a6   0x080001a6   0x00000002   Code   RO         1138    .ARM.Collect$$libshutdown$$00000010  c_w.l(libshutdown2.o)
    0x080001a8   0x080001a8   0x00000000   Code   RO         1012    .ARM.Collect$$rtentry$$00000000  c_w.l(__rtentry.o)
    0x080001a8   0x080001a8   0x00000000   Code   RO         1014    .ARM.Collect$$rtentry$$00000002  c_w.l(__rtentry2.o)
    0x080001a8   0x080001a8   0x00000006   Code   RO         1026    .ARM.Collect$$rtentry$$00000004  c_w.l(__rtentry4.o)
    0x080001ae   0x080001ae   0x00000000   Code   RO         1016    .ARM.Collect$$rtentry$$00000009  c_w.l(__rtentry2.o)
    0x080001ae   0x080001ae   0x00000004   Code   RO         1017    .ARM.Collect$$rtentry$$0000000A  c_w.l(__rtentry2.o)
    0x080001b2   0x080001b2   0x00000000   Code   RO         1019    .ARM.Collect$$rtentry$$0000000C  c_w.l(__rtentry2.o)
    0x080001b2   0x080001b2   0x00000008   Code   RO         1020    .ARM.Collect$$rtentry$$0000000D  c_w.l(__rtentry2.o)
    0x080001ba   0x080001ba   0x00000002   Code   RO         1041    .ARM.Collect$$rtexit$$00000000  c_w.l(rtexit.o)
    0x080001bc   0x080001bc   0x00000000   Code   RO         1089    .ARM.Collect$$rtexit$$00000002  c_w.l(rtexit2.o)
    0x080001bc   0x080001bc   0x00000004   Code   RO         1090    .ARM.Collect$$rtexit$$00000003  c_w.l(rtexit2.o)
    0x080001c0   0x080001c0   0x00000006   Code   RO         1091    .ARM.Collect$$rtexit$$00000004  c_w.l(rtexit2.o)
    0x080001c6   0x080001c6   0x00000002   PAD
    0x080001c8   0x080001c8   0x00000040   Code   RO            4    .text               startup_stm32f103xb.o
    0x08000208   0x08000208   0x00000006   Code   RO         1008    .text               c_w.l(heapauxi.o)
    0x0800020e   0x0800020e   0x0000004a   Code   RO         1028    .text               c_w.l(sys_stackheap_outer.o)
    0x08000258   0x08000258   0x00000012   Code   RO         1030    .text               c_w.l(exit.o)
    0x0800026a   0x0800026a   0x00000002   PAD
    0x0800026c   0x0800026c   0x00000008   Code   RO         1038    .text               c_w.l(libspace.o)
    0x08000274   0x08000274   0x0000000c   Code   RO         1099    .text               c_w.l(sys_exit.o)
    0x08000280   0x08000280   0x00000002   Code   RO         1114    .text               c_w.l(use_no_semi.o)
    0x08000282   0x08000282   0x00000000   Code   RO         1116    .text               c_w.l(indicate_semi.o)
    0x08000282   0x08000282   0x00000002   Code   RO           62    .text.BusFault_Handler  stm32f1xx_it.o
    0x08000284   0x08000284   0x00000002   Code   RO           68    .text.DebugMon_Handler  stm32f1xx_it.o
    0x08000286   0x08000286   0x00000002   Code   RO           15    .text.Error_Handler  main.o
    0x08000288   0x08000288   0x0000009c   Code   RO          655    .text.HAL_DMA_Abort_IT  stm32f1xx_hal_dma.o
    0x08000324   0x08000324   0x00000020   Code   RO          522    .text.HAL_Delay     stm32f1xx_hal.o
    0x08000344   0x08000344   0x0000030c   Code   RO          617    .text.HAL_GPIO_Init  stm32f1xx_hal_gpio.o
    0x08000650   0x08000650   0x00000008   Code   RO          514    .text.HAL_GetTick   stm32f1xx_hal.o
    0x08000658   0x08000658   0x00000014   Code   RO          512    .text.HAL_IncTick   stm32f1xx_hal.o
    0x0800066c   0x0800066c   0x00000024   Code   RO          502    .text.HAL_Init      stm32f1xx_hal.o
    0x08000690   0x08000690   0x00000040   Code   RO          504    .text.HAL_InitTick  stm32f1xx_hal.o
    0x080006d0   0x080006d0   0x00000040   Code   RO           86    .text.HAL_MspInit   stm32f1xx_hal_msp.o
    0x08000710   0x08000710   0x00000028   Code   RO          685    .text.HAL_NVIC_EnableIRQ  stm32f1xx_hal_cortex.o
    0x08000738   0x08000738   0x0000005c   Code   RO          681    .text.HAL_NVIC_SetPriority  stm32f1xx_hal_cortex.o
    0x08000794   0x08000794   0x00000034   Code   RO          679    .text.HAL_NVIC_SetPriorityGrouping  stm32f1xx_hal_cortex.o
    0x080007c8   0x080007c8   0x00000032   Code   RO          300    .text.HAL_PCDEx_PMAConfig  stm32f1xx_hal_pcd_ex.o
    0x080007fa   0x080007fa   0x00000002   Code   RO          198    .text.HAL_PCDEx_SetConnectionState  usbd_conf.o
    0x080007fc   0x080007fc   0x0000000e   Code   RO          144    .text.HAL_PCD_DataInStageCallback  usbd_conf.o
    0x0800080a   0x0800080a   0x00000010   Code   RO          142    .text.HAL_PCD_DataOutStageCallback  usbd_conf.o
    0x0800081a   0x0800081a   0x0000004a   Code   RO          271    .text.HAL_PCD_EP_Close  stm32f1xx_hal_pcd.o
    0x08000864   0x08000864   0x0000005c   Code   RO          281    .text.HAL_PCD_EP_ClrStall  stm32f1xx_hal_pcd.o
    0x080008c0   0x080008c0   0x0000005a   Code   RO          269    .text.HAL_PCD_EP_Open  stm32f1xx_hal_pcd.o
    0x0800091a   0x0800091a   0x0000002c   Code   RO          273    .text.HAL_PCD_EP_Receive  stm32f1xx_hal_pcd.o
    0x08000946   0x08000946   0x00000064   Code   RO          279    .text.HAL_PCD_EP_SetStall  stm32f1xx_hal_pcd.o
    0x080009aa   0x080009aa   0x00000028   Code   RO          277    .text.HAL_PCD_EP_Transmit  stm32f1xx_hal_pcd.o
    0x080009d2   0x080009d2   0x00000002   PAD
    0x080009d4   0x080009d4   0x000003e4   Code   RO          239    .text.HAL_PCD_IRQHandler  stm32f1xx_hal_pcd.o
    0x08000db8   0x08000db8   0x00000124   Code   RO          227    .text.HAL_PCD_Init  stm32f1xx_hal_pcd.o
    0x08000edc   0x08000edc   0x0000003c   Code   RO          136    .text.HAL_PCD_MspInit  usbd_conf.o
    0x08000f18   0x08000f18   0x00000024   Code   RO          148    .text.HAL_PCD_ResetCallback  usbd_conf.o
    0x08000f3c   0x08000f3c   0x00000008   Code   RO          152    .text.HAL_PCD_ResumeCallback  usbd_conf.o
    0x08000f44   0x08000f44   0x00000008   Code   RO          146    .text.HAL_PCD_SOFCallback  usbd_conf.o
    0x08000f4c   0x08000f4c   0x00000028   Code   RO          243    .text.HAL_PCD_SetAddress  stm32f1xx_hal_pcd.o
    0x08000f74   0x08000f74   0x0000000e   Code   RO          140    .text.HAL_PCD_SetupStageCallback  usbd_conf.o
    0x08000f82   0x08000f82   0x00000032   Code   RO          237    .text.HAL_PCD_Start  stm32f1xx_hal_pcd.o
    0x08000fb4   0x08000fb4   0x00000020   Code   RO          150    .text.HAL_PCD_SuspendCallback  usbd_conf.o
    0x08000fd4   0x08000fd4   0x00000140   Code   RO          601    .text.HAL_RCCEx_PeriphCLKConfig  stm32f1xx_hal_rcc_ex.o
    0x08001114   0x08001114   0x00000224   Code   RO          567    .text.HAL_RCC_ClockConfig  stm32f1xx_hal_rcc.o
    0x08001338   0x08001338   0x00000014   Code   RO          579    .text.HAL_RCC_GetPCLK1Freq  stm32f1xx_hal_rcc.o
    0x0800134c   0x0800134c   0x0000001c   Code   RO          581    .text.HAL_RCC_GetPCLK2Freq  stm32f1xx_hal_rcc.o
    0x08001368   0x08001368   0x00000058   Code   RO          569    .text.HAL_RCC_GetSysClockFreq  stm32f1xx_hal_rcc.o
    0x080013c0   0x080013c0   0x00000414   Code   RO          565    .text.HAL_RCC_OscConfig  stm32f1xx_hal_rcc.o
    0x080017d4   0x080017d4   0x00000028   Code   RO          693    .text.HAL_SYSTICK_Config  stm32f1xx_hal_cortex.o
    0x080017fc   0x080017fc   0x00000002   Code   RO          468    .text.HAL_UART_ErrorCallback  stm32f1xx_hal_uart.o
    0x080017fe   0x080017fe   0x00000002   PAD
    0x08001800   0x08001800   0x00000168   Code   RO          462    .text.HAL_UART_IRQHandler  stm32f1xx_hal_uart.o
    0x08001968   0x08001968   0x000000d0   Code   RO          388    .text.HAL_UART_Init  stm32f1xx_hal_uart.o
    0x08001a38   0x08001a38   0x00000080   Code   RO           42    .text.HAL_UART_MspInit  usart.o
    0x08001ab8   0x08001ab8   0x00000002   Code   RO          474    .text.HAL_UART_RxCpltCallback  stm32f1xx_hal_uart.o
    0x08001aba   0x08001aba   0x00000002   Code   RO          470    .text.HAL_UART_TxCpltCallback  stm32f1xx_hal_uart.o
    0x08001abc   0x08001abc   0x00000002   Code   RO           58    .text.HardFault_Handler  stm32f1xx_it.o
    0x08001abe   0x08001abe   0x00000036   Code   RO          120    .text.IntToUnicode  usbd_desc.o
    0x08001af4   0x08001af4   0x0000009c   Code   RO           29    .text.MX_GPIO_Init  gpio.o
    0x08001b90   0x08001b90   0x00000034   Code   RO           40    .text.MX_USART1_UART_Init  usart.o
    0x08001bc4   0x08001bc4   0x00000040   Code   RO           96    .text.MX_USB_DEVICE_Init  usb_device.o
    0x08001c04   0x08001c04   0x00000002   Code   RO           60    .text.MemManage_Handler  stm32f1xx_it.o
    0x08001c06   0x08001c06   0x00000002   Code   RO           56    .text.NMI_Handler   stm32f1xx_it.o
    0x08001c08   0x08001c08   0x00000002   Code   RO           70    .text.PendSV_Handler  stm32f1xx_it.o
    0x08001c0a   0x08001c0a   0x00000002   Code   RO           66    .text.SVC_Handler   stm32f1xx_it.o
    0x08001c0c   0x08001c0c   0x00000004   Code   RO           72    .text.SysTick_Handler  stm32f1xx_it.o
    0x08001c10   0x08001c10   0x0000005a   Code   RO           13    .text.SystemClock_Config  main.o
    0x08001c6a   0x08001c6a   0x00000002   PAD
    0x08001c6c   0x08001c6c   0x0000004c   Code   RO          860    .text.SystemInit    system_stm32f1xx.o
    0x08001cb8   0x08001cb8   0x0000000c   Code   RO          466    .text.UART_DMAAbortOnError  stm32f1xx_hal_uart.o
    0x08001cc4   0x08001cc4   0x0000001a   Code   RO          434    .text.UART_EndRxTransfer  stm32f1xx_hal_uart.o
    0x08001cde   0x08001cde   0x00000078   Code   RO          464    .text.UART_Receive_IT  stm32f1xx_hal_uart.o
    0x08001d56   0x08001d56   0x00000002   PAD
    0x08001d58   0x08001d58   0x000000e4   Code   RO          392    .text.UART_SetConfig  stm32f1xx_hal_uart.o
    0x08001e3c   0x08001e3c   0x0000000c   Code   RO           76    .text.USART1_IRQHandler  stm32f1xx_it.o
    0x08001e48   0x08001e48   0x0000000e   Code   RO          890    .text.USBD_ClrClassConfig  usbd_core.o
    0x08001e56   0x08001e56   0x00000010   Code   RO          953    .text.USBD_CtlContinueRx  usbd_ioreq.o
    0x08001e66   0x08001e66   0x00000010   Code   RO          949    .text.USBD_CtlContinueSendData  usbd_ioreq.o
    0x08001e76   0x08001e76   0x00000016   Code   RO          927    .text.USBD_CtlError  usbd_ctlreq.o
    0x08001e8c   0x08001e8c   0x00000016   Code   RO          957    .text.USBD_CtlReceiveStatus  usbd_ioreq.o
    0x08001ea2   0x08001ea2   0x0000001a   Code   RO          947    .text.USBD_CtlSendData  usbd_ioreq.o
    0x08001ebc   0x08001ebc   0x00000016   Code   RO          955    .text.USBD_CtlSendStatus  usbd_ioreq.o
    0x08001ed2   0x08001ed2   0x00000002   PAD
    0x08001ed4   0x08001ed4   0x00000020   Code   RO          116    .text.USBD_FS_ConfigStrDescriptor  usbd_desc.o
    0x08001ef4   0x08001ef4   0x0000000c   Code   RO          106    .text.USBD_FS_DeviceDescriptor  usbd_desc.o
    0x08001f00   0x08001f00   0x00000024   Code   RO          118    .text.USBD_FS_InterfaceStrDescriptor  usbd_desc.o
    0x08001f24   0x08001f24   0x0000000c   Code   RO          108    .text.USBD_FS_LangIDStrDescriptor  usbd_desc.o
    0x08001f30   0x08001f30   0x00000028   Code   RO          110    .text.USBD_FS_ManufacturerStrDescriptor  usbd_desc.o
    0x08001f58   0x08001f58   0x00000030   Code   RO          112    .text.USBD_FS_ProductStrDescriptor  usbd_desc.o
    0x08001f88   0x08001f88   0x00000038   Code   RO          114    .text.USBD_FS_SerialStrDescriptor  usbd_desc.o
    0x08001fc0   0x08001fc0   0x0000005c   Code   RO          935    .text.USBD_GetString  usbd_ctlreq.o
    0x0800201c   0x0800201c   0x00000018   Code   RO          166    .text.USBD_Get_USB_Status  usbd_conf.o
    0x08002034   0x08002034   0x0000000c   Code   RO          976    .text.USBD_HID_DataIn  usbd_hid.o
    0x08002040   0x08002040   0x00000020   Code   RO          972    .text.USBD_HID_DeInit  usbd_hid.o
    0x08002060   0x08002060   0x0000000c   Code   RO          984    .text.USBD_HID_GetDeviceQualifierDesc  usbd_hid.o
    0x0800206c   0x0800206c   0x0000000c   Code   RO          980    .text.USBD_HID_GetFSCfgDesc  usbd_hid.o
    0x08002078   0x08002078   0x0000000c   Code   RO          978    .text.USBD_HID_GetHSCfgDesc  usbd_hid.o
    0x08002084   0x08002084   0x0000000c   Code   RO          982    .text.USBD_HID_GetOtherSpeedCfgDesc  usbd_hid.o
    0x08002090   0x08002090   0x0000002a   Code   RO          970    .text.USBD_HID_Init  usbd_hid.o
    0x080020ba   0x080020ba   0x0000002a   Code   RO          986    .text.USBD_HID_SendReport  usbd_hid.o
    0x080020e4   0x080020e4   0x000000c0   Code   RO          974    .text.USBD_HID_Setup  usbd_hid.o
    0x080021a4   0x080021a4   0x0000002a   Code   RO          876    .text.USBD_Init     usbd_core.o
    0x080021ce   0x080021ce   0x00000012   Code   RO          180    .text.USBD_LL_ClearStallEP  usbd_conf.o
    0x080021e0   0x080021e0   0x00000012   Code   RO          174    .text.USBD_LL_CloseEP  usbd_conf.o
    0x080021f2   0x080021f2   0x000000be   Code   RO          896    .text.USBD_LL_DataInStage  usbd_core.o
    0x080022b0   0x080022b0   0x0000007e   Code   RO          894    .text.USBD_LL_DataOutStage  usbd_core.o
    0x0800232e   0x0800232e   0x00000002   PAD
    0x08002330   0x08002330   0x00000064   Code   RO          162    .text.USBD_LL_Init  usbd_conf.o
    0x08002394   0x08002394   0x0000001c   Code   RO          182    .text.USBD_LL_IsStallEP  usbd_conf.o
    0x080023b0   0x080023b0   0x00000018   Code   RO          172    .text.USBD_LL_OpenEP  usbd_conf.o
    0x080023c8   0x080023c8   0x00000012   Code   RO          188    .text.USBD_LL_PrepareReceive  usbd_conf.o
    0x080023da   0x080023da   0x00000052   Code   RO          898    .text.USBD_LL_Reset  usbd_core.o
    0x0800242c   0x0800242c   0x00000014   Code   RO          904    .text.USBD_LL_Resume  usbd_core.o
    0x08002440   0x08002440   0x0000001c   Code   RO          906    .text.USBD_LL_SOF   usbd_core.o
    0x0800245c   0x0800245c   0x00000006   Code   RO          900    .text.USBD_LL_SetSpeed  usbd_core.o
    0x08002462   0x08002462   0x00000012   Code   RO          184    .text.USBD_LL_SetUSBAddress  usbd_conf.o
    0x08002474   0x08002474   0x00000056   Code   RO          892    .text.USBD_LL_SetupStage  usbd_core.o
    0x080024ca   0x080024ca   0x00000012   Code   RO          178    .text.USBD_LL_StallEP  usbd_conf.o
    0x080024dc   0x080024dc   0x00000012   Code   RO          168    .text.USBD_LL_Start  usbd_conf.o
    0x080024ee   0x080024ee   0x00000012   Code   RO          902    .text.USBD_LL_Suspend  usbd_core.o
    0x08002500   0x08002500   0x00000012   Code   RO          186    .text.USBD_LL_Transmit  usbd_conf.o
    0x08002512   0x08002512   0x00000016   Code   RO          933    .text.USBD_ParseSetupRequest  usbd_ctlreq.o
    0x08002528   0x08002528   0x0000000e   Code   RO          880    .text.USBD_RegisterClass  usbd_core.o
    0x08002536   0x08002536   0x0000001a   Code   RO          888    .text.USBD_SetClassConfig  usbd_core.o
    0x08002550   0x08002550   0x0000000a   Code   RO          882    .text.USBD_Start    usbd_core.o
    0x0800255a   0x0800255a   0x00000002   PAD
    0x0800255c   0x0800255c   0x00000270   Code   RO          925    .text.USBD_StdDevReq  usbd_ctlreq.o
    0x080027cc   0x080027cc   0x00000154   Code   RO          931    .text.USBD_StdEPReq  usbd_ctlreq.o
    0x08002920   0x08002920   0x0000004c   Code   RO          929    .text.USBD_StdItfReq  usbd_ctlreq.o
    0x0800296c   0x0800296c   0x00000002   Code   RO          196    .text.USBD_static_free  usbd_conf.o
    0x0800296e   0x0800296e   0x00000002   PAD
    0x08002970   0x08002970   0x00000008   Code   RO          194    .text.USBD_static_malloc  usbd_conf.o
    0x08002978   0x08002978   0x0000026c   Code   RO          333    .text.USB_ActivateEndpoint  stm32f1xx_ll_usb.o
    0x08002be4   0x08002be4   0x00000004   Code   RO          317    .text.USB_CoreInit  stm32f1xx_ll_usb.o
    0x08002be8   0x08002be8   0x000000ee   Code   RO          335    .text.USB_DeactivateEndpoint  stm32f1xx_ll_usb.o
    0x08002cd6   0x08002cd6   0x00000004   Code   RO          353    .text.USB_DevConnect  stm32f1xx_ll_usb.o
    0x08002cda   0x08002cda   0x00000004   Code   RO          355    .text.USB_DevDisconnect  stm32f1xx_ll_usb.o
    0x08002cde   0x08002cde   0x00000024   Code   RO          325    .text.USB_DevInit   stm32f1xx_ll_usb.o
    0x08002d02   0x08002d02   0x00000012   Code   RO          321    .text.USB_DisableGlobalInt  stm32f1xx_ll_usb.o
    0x08002d14   0x08002d14   0x00000004   Code   RO          369    .text.USB_EP0_OutStart  stm32f1xx_ll_usb.o
    0x08002d18   0x08002d18   0x0000007c   Code   RO          347    .text.USB_EPClearStall  stm32f1xx_ll_usb.o
    0x08002d94   0x08002d94   0x00000030   Code   RO          345    .text.USB_EPSetStall  stm32f1xx_ll_usb.o
    0x08002dc4   0x08002dc4   0x000001f0   Code   RO          337    .text.USB_EPStartXfer  stm32f1xx_ll_usb.o
    0x08002fb4   0x08002fb4   0x00000010   Code   RO          319    .text.USB_EnableGlobalInt  stm32f1xx_ll_usb.o
    0x08002fc4   0x08002fc4   0x0000000c   Code   RO           74    .text.USB_LP_CAN1_RX0_IRQHandler  stm32f1xx_it.o
    0x08002fd0   0x08002fd0   0x00000006   Code   RO          357    .text.USB_ReadInterrupts  stm32f1xx_ll_usb.o
    0x08002fd6   0x08002fd6   0x00000038   Code   RO          375    .text.USB_ReadPMA   stm32f1xx_ll_usb.o
    0x0800300e   0x0800300e   0x00000004   Code   RO          323    .text.USB_SetCurrentMode  stm32f1xx_ll_usb.o
    0x08003012   0x08003012   0x0000000c   Code   RO          351    .text.USB_SetDevAddress  stm32f1xx_ll_usb.o
    0x0800301e   0x0800301e   0x00000024   Code   RO          339    .text.USB_WritePMA  stm32f1xx_ll_usb.o
    0x08003042   0x08003042   0x00000002   Code   RO           64    .text.UsageFault_Handler  stm32f1xx_it.o
    0x08003044   0x08003044   0x00000024   Code   RO          683    .text.__NVIC_SetPriority  stm32f1xx_hal_cortex.o
    0x08003068   0x08003068   0x00000002   Code   RO           17    .text.assert_failed  main.o
    0x0800306a   0x0800306a   0x00000002   PAD
    0x0800306c   0x0800306c   0x00000054   Code   RO           11    .text.main          main.o
    0x080030c0   0x080030c0   0x00000010   Data   RO          865    .rodata.AHBPrescTable  system_stm32f1xx.o
    0x080030d0   0x080030d0   0x00000008   Data   RO          866    .rodata.APBPrescTable  system_stm32f1xx.o
    0x080030d8   0x080030d8   0x00000039   Data   RO          492    .rodata.str1.1      stm32f1xx_hal_uart.o
    0x08003111   0x08003111   0x00000038   Data   RO          591    .rodata.str1.1      stm32f1xx_hal_rcc.o
    0x08003149   0x08003149   0x0000003b   Data   RO          607    .rodata.str1.1      stm32f1xx_hal_rcc_ex.o
    0x08003184   0x08003184   0x00000039   Data   RO          633    .rodata.str1.1      stm32f1xx_hal_gpio.o
    0x080031bd   0x080031bd   0x0000003b   Data   RO          713    .rodata.str1.1      stm32f1xx_hal_cortex.o
    0x080031f8   0x080031f8   0x00000020   Data   RO         1172    Region$$Table       anon$$obj.o


    Execution Region RW_IRAM1 (Exec base: 0x20000000, Load base: 0x08003218, Size: 0x00000f48, Max: 0x00005000, ABSOLUTE, COMPRESSED[0x000000d0])

    Exec Addr    Load Addr    Size         Type   Attr      Idx    E Section Name        Object

    0x20000000   COMPRESSED   0x00000008   Data   RW          553    .data..L_MergedGlobals  stm32f1xx_hal.o
    0x20000008   COMPRESSED   0x0000004b   Data   RW          995    .data..L_MergedGlobals  usbd_hid.o
    0x20000053   COMPRESSED   0x00000001   PAD
    0x20000054   COMPRESSED   0x0000001c   Data   RW          122    .data.FS_Desc       usbd_desc.o
    0x20000070   COMPRESSED   0x00000004   Data   RW          864    .data.SystemCoreClock  system_stm32f1xx.o
    0x20000074   COMPRESSED   0x00000012   Data   RW          123    .data.USBD_FS_DeviceDesc  usbd_desc.o
    0x20000086   COMPRESSED   0x00000002   PAD
    0x20000088   COMPRESSED   0x00000038   Data   RW          990    .data.USBD_HID      usbd_hid.o
    0x200000c0   COMPRESSED   0x00000022   Data   RW          991    .data.USBD_HID_CfgFSDesc  usbd_hid.o
    0x200000e2   COMPRESSED   0x00000002   PAD
    0x200000e4   COMPRESSED   0x00000022   Data   RW          992    .data.USBD_HID_CfgHSDesc  usbd_hid.o
    0x20000106   COMPRESSED   0x00000002   PAD
    0x20000108   COMPRESSED   0x0000000a   Data   RW          994    .data.USBD_HID_DeviceQualifierDesc  usbd_hid.o
    0x20000112   COMPRESSED   0x00000002   PAD
    0x20000114   COMPRESSED   0x00000022   Data   RW          993    .data.USBD_HID_OtherSpeedCfgDesc  usbd_hid.o
    0x20000136   COMPRESSED   0x00000002   PAD
    0x20000138   COMPRESSED   0x00000004   Data   RW          124    .data.USBD_LangIDDesc  usbd_desc.o
    0x2000013c   COMPRESSED   0x0000001a   Data   RW          125    .data.USBD_StringSerial  usbd_desc.o
    0x20000156   COMPRESSED   0x00000002   PAD
    0x20000158        -       0x00000060   Zero   RW         1039    .bss                c_w.l(libspace.o)
    0x200001b8        -       0x00000001   Zero   RW          937    .bss.USBD_SetConfig.cfgidx  usbd_ctlreq.o
    0x200001b9   COMPRESSED   0x00000003   PAD
    0x200001bc        -       0x00000200   Zero   RW          126    .bss.USBD_StrDesc   usbd_desc.o
    0x200003bc        -       0x00000014   Zero   RW          201    .bss.USBD_static_malloc.mem  usbd_conf.o
    0x200003d0        -       0x000002c4   Zero   RW           98    .bss.hUsbDeviceFS   usb_device.o
    0x20000694        -       0x0000026c   Zero   RW          200    .bss.hpcd_USB_FS    usbd_conf.o
    0x20000900        -       0x00000040   Zero   RW           46    .bss.huart1         usart.o
    0x20000940        -       0x00000004   Zero   RW          552    .bss.uwTick         stm32f1xx_hal.o
    0x20000944   COMPRESSED   0x00000004   PAD
    0x20000948        -       0x00000200   Zero   RW            2    HEAP                startup_stm32f103xb.o
    0x20000b48        -       0x00000400   Zero   RW            1    STACK               startup_stm32f103xb.o


==============================================================================

Image component sizes


      Code (inc. data)   RO Data    RW Data    ZI Data      Debug   Object Name

       156         12          0          0          0       1514   gpio.o
       178          4          0          0          0       2281   main.o
        64         26        236          0       1536        800   startup_stm32f103xb.o
       160         16          0          8          4       5816   stm32f1xx_hal.o
       260         32         59          0          0       8263   stm32f1xx_hal_cortex.o
       156         24          0          0          0       6845   stm32f1xx_hal_dma.o
       780         64         57          0          0       4772   stm32f1xx_hal_gpio.o
        64          8          0          0          0       1211   stm32f1xx_hal_msp.o
      1818         64          0          0          0      10737   stm32f1xx_hal_pcd.o
        50          0          0          0          0       3982   stm32f1xx_hal_pcd_ex.o
      1728         76         56          0          0       7305   stm32f1xx_hal_rcc.o
       320         12         59          0          0       3340   stm32f1xx_hal_rcc_ex.o
       960         28         57          0          0      16115   stm32f1xx_hal_uart.o
        44          8          0          0          0       1204   stm32f1xx_it.o
      1726         24          0          0          0      11127   stm32f1xx_ll_usb.o
        76         16         24          4          0       2108   system_stm32f1xx.o
       180          4          0          0         64       5105   usart.o
        64         12          0          0        708       2837   usb_device.o
       502         32          0          0        640      12825   usbd_conf.o
       662          0          0          0          0       6639   usbd_core.o
      1176         38          0          0          1       7008   usbd_ctlreq.o
       290         92          0         76        512       3284   usbd_desc.o
       368         30          0        243          0       5829   usbd_hid.o
       102          0          0          0          0       4127   usbd_ioreq.o

    ----------------------------------------------------------------------
     11902        622        580        344       3472     135074   Object Totals
         0          0         32          0          0          0   (incl. Generated)
        18          0          0         13          7          0   (incl. Padding)

    ----------------------------------------------------------------------

      Code (inc. data)   RO Data    RW Data    ZI Data      Debug   Library Member Name

        90          0          0          0          0          0   __dczerorl2.o
         8          0          0          0          0         68   __main.o
         0          0          0          0          0          0   __rtentry.o
        12          0          0          0          0          0   __rtentry2.o
         6          0          0          0          0          0   __rtentry4.o
        52          8          0          0          0          0   __scatter.o
        28          0          0          0          0          0   __scatter_zi.o
        18          0          0          0          0         80   exit.o
         6          0          0          0          0        152   heapauxi.o
         0          0          0          0          0          0   indicate_semi.o
         2          0          0          0          0          0   libinit.o
         2          0          0          0          0          0   libinit2.o
         2          0          0          0          0          0   libshutdown.o
         2          0          0          0          0          0   libshutdown2.o
         8          4          0          0         96         68   libspace.o
         2          0          0          0          0          0   rtexit.o
        10          0          0          0          0          0   rtexit2.o
        12          4          0          0          0         68   sys_exit.o
        74          0          0          0          0         80   sys_stackheap_outer.o
         2          0          0          0          0         68   use_no_semi.o

    ----------------------------------------------------------------------
       342         16          0          0         96        584   Library Totals
         6          0          0          0          0          0   (incl. Padding)

    ----------------------------------------------------------------------

      Code (inc. data)   RO Data    RW Data    ZI Data      Debug   Library Name

       336         16          0          0         96        584   c_w.l

    ----------------------------------------------------------------------
       342         16          0          0         96        584   Library Totals

    ----------------------------------------------------------------------

==============================================================================


      Code (inc. data)   RO Data    RW Data    ZI Data      Debug   

     12244        638        580        344       3568     135198   Grand Totals
     12244        638        580        208       3568     135198   ELF Image Totals (compressed)
     12244        638        580        208          0          0   ROM Totals

==============================================================================

    Total RO  Size (Code + RO Data)                12824 (  12.52kB)
    Total RW  Size (RW Data + ZI Data)              3912 (   3.82kB)
    Total ROM Size (Code + RO Data + RW Data)      13032 (  12.73kB)

==============================================================================

