Component: ARM Compiler 5.06 update 6 (build 750) Tool: armlink [4d35ed]

==============================================================================

Section Cross References

    startup_stm32f103xb.o(STACK) refers (Special) to heapauxi.o(.text) for __use_two_region_memory
    startup_stm32f103xb.o(HEAP) refers (Special) to heapauxi.o(.text) for __use_two_region_memory
    startup_stm32f103xb.o(RESET) refers (Special) to heapauxi.o(.text) for __use_two_region_memory
    startup_stm32f103xb.o(RESET) refers to startup_stm32f103xb.o(STACK) for __initial_sp
    startup_stm32f103xb.o(RESET) refers to startup_stm32f103xb.o(.text) for Reset_Handler
    startup_stm32f103xb.o(RESET) refers to stm32f1xx_it.o(i.NMI_Handler) for NMI_Handler
    startup_stm32f103xb.o(RESET) refers to stm32f1xx_it.o(i.HardFault_Handler) for HardFault_Handler
    startup_stm32f103xb.o(RESET) refers to stm32f1xx_it.o(i.MemManage_Handler) for MemManage_Handler
    startup_stm32f103xb.o(RESET) refers to stm32f1xx_it.o(i.BusFault_Handler) for BusFault_Handler
    startup_stm32f103xb.o(RESET) refers to stm32f1xx_it.o(i.UsageFault_Handler) for UsageFault_Handler
    startup_stm32f103xb.o(RESET) refers to stm32f1xx_it.o(i.SVC_Handler) for SVC_Handler
    startup_stm32f103xb.o(RESET) refers to stm32f1xx_it.o(i.DebugMon_Handler) for DebugMon_Handler
    startup_stm32f103xb.o(RESET) refers to stm32f1xx_it.o(i.PendSV_Handler) for PendSV_Handler
    startup_stm32f103xb.o(RESET) refers to stm32f1xx_it.o(i.SysTick_Handler) for SysTick_Handler
    startup_stm32f103xb.o(RESET) refers to stm32f1xx_it.o(i.USB_LP_CAN1_RX0_IRQHandler) for USB_LP_CAN1_RX0_IRQHandler
    startup_stm32f103xb.o(RESET) refers to stm32f1xx_it.o(i.USART1_IRQHandler) for USART1_IRQHandler
    startup_stm32f103xb.o(.text) refers (Special) to heapauxi.o(.text) for __use_two_region_memory
    startup_stm32f103xb.o(.text) refers to system_stm32f1xx.o(i.SystemInit) for SystemInit
    startup_stm32f103xb.o(.text) refers to __main.o(!!!main) for __main
    startup_stm32f103xb.o(.text) refers to startup_stm32f103xb.o(HEAP) for Heap_Mem
    startup_stm32f103xb.o(.text) refers to startup_stm32f103xb.o(STACK) for Stack_Mem
    main.o(i.SystemClock_Config) refers to rt_memclr_w.o(.text) for __aeabi_memclr4
    main.o(i.SystemClock_Config) refers to stm32f1xx_hal_rcc.o(i.HAL_RCC_OscConfig) for HAL_RCC_OscConfig
    main.o(i.SystemClock_Config) refers to main.o(i.Error_Handler) for Error_Handler
    main.o(i.SystemClock_Config) refers to stm32f1xx_hal_rcc.o(i.HAL_RCC_ClockConfig) for HAL_RCC_ClockConfig
    main.o(i.SystemClock_Config) refers to stm32f1xx_hal_rcc_ex.o(i.HAL_RCCEx_PeriphCLKConfig) for HAL_RCCEx_PeriphCLKConfig
    main.o(i.main) refers to stm32f1xx_hal.o(i.HAL_Init) for HAL_Init
    main.o(i.main) refers to main.o(i.SystemClock_Config) for SystemClock_Config
    main.o(i.main) refers to gpio.o(i.MX_GPIO_Init) for MX_GPIO_Init
    main.o(i.main) refers to usart.o(i.MX_USART1_UART_Init) for MX_USART1_UART_Init
    main.o(i.main) refers to spi.o(i.MX_SPI1_Init) for MX_SPI1_Init
    main.o(i.main) refers to usb_device.o(i.MX_USB_DEVICE_Init) for MX_USB_DEVICE_Init
    gpio.o(i.MX_GPIO_Init) refers to stm32f1xx_hal_gpio.o(i.HAL_GPIO_WritePin) for HAL_GPIO_WritePin
    gpio.o(i.MX_GPIO_Init) refers to stm32f1xx_hal_gpio.o(i.HAL_GPIO_Init) for HAL_GPIO_Init
    spi.o(i.HAL_SPI_MspDeInit) refers to stm32f1xx_hal_gpio.o(i.HAL_GPIO_DeInit) for HAL_GPIO_DeInit
    spi.o(i.HAL_SPI_MspInit) refers to stm32f1xx_hal_gpio.o(i.HAL_GPIO_Init) for HAL_GPIO_Init
    spi.o(i.MX_SPI1_Init) refers to stm32f1xx_hal_spi_ex.o(i.HAL_SPI_Init) for HAL_SPI_Init
    spi.o(i.MX_SPI1_Init) refers to main.o(i.Error_Handler) for Error_Handler
    spi.o(i.MX_SPI1_Init) refers to spi.o(.bss) for hspi1
    usart.o(i.HAL_UART_MspDeInit) refers to stm32f1xx_hal_gpio.o(i.HAL_GPIO_DeInit) for HAL_GPIO_DeInit
    usart.o(i.HAL_UART_MspDeInit) refers to stm32f1xx_hal_cortex.o(i.HAL_NVIC_DisableIRQ) for HAL_NVIC_DisableIRQ
    usart.o(i.HAL_UART_MspInit) refers to stm32f1xx_hal_gpio.o(i.HAL_GPIO_Init) for HAL_GPIO_Init
    usart.o(i.HAL_UART_MspInit) refers to stm32f1xx_hal_cortex.o(i.HAL_NVIC_SetPriority) for HAL_NVIC_SetPriority
    usart.o(i.HAL_UART_MspInit) refers to stm32f1xx_hal_cortex.o(i.HAL_NVIC_EnableIRQ) for HAL_NVIC_EnableIRQ
    usart.o(i.MX_USART1_UART_Init) refers to stm32f1xx_hal_uart.o(i.HAL_UART_Init) for HAL_UART_Init
    usart.o(i.MX_USART1_UART_Init) refers to main.o(i.Error_Handler) for Error_Handler
    usart.o(i.MX_USART1_UART_Init) refers to usart.o(.bss) for huart1
    stm32f1xx_it.o(i.SysTick_Handler) refers to stm32f1xx_hal.o(i.HAL_IncTick) for HAL_IncTick
    stm32f1xx_it.o(i.USART1_IRQHandler) refers to stm32f1xx_hal_uart.o(i.HAL_UART_IRQHandler) for HAL_UART_IRQHandler
    stm32f1xx_it.o(i.USART1_IRQHandler) refers to usart.o(.bss) for huart1
    stm32f1xx_it.o(i.USB_LP_CAN1_RX0_IRQHandler) refers to stm32f1xx_hal_pcd.o(i.HAL_PCD_IRQHandler) for HAL_PCD_IRQHandler
[...]
    i.HAL_InitTick                           0x0800134c   Section        0  stm32f1xx_hal.o(i.HAL_InitTick)
    i.HAL_MspInit                            0x08001398   Section        0  stm32f1xx_hal_msp.o(i.HAL_MspInit)
    i.HAL_NVIC_EnableIRQ                     0x080013f4   Section        0  stm32f1xx_hal_cortex.o(i.HAL_NVIC_EnableIRQ)
    i.HAL_NVIC_SetPriority                   0x0800145c   Section        0  stm32f1xx_hal_cortex.o(i.HAL_NVIC_SetPriority)
    i.HAL_NVIC_SetPriorityGrouping           0x08001530   Section        0  stm32f1xx_hal_cortex.o(i.HAL_NVIC_SetPriorityGrouping)
    i.HAL_PCDEx_PMAConfig                    0x080015b8   Section        0  stm32f1xx_hal_pcd_ex.o(i.HAL_PCDEx_PMAConfig)
    i.HAL_PCDEx_SetConnectionState           0x080015f6   Section        0  usbd_conf.o(i.HAL_PCDEx_SetConnectionState)
    i.HAL_PCD_DataInStageCallback            0x080015f8   Section        0  usbd_conf.o(i.HAL_PCD_DataInStageCallback)
    i.HAL_PCD_DataOutStageCallback           0x08001614   Section        0  usbd_conf.o(i.HAL_PCD_DataOutStageCallback)
    i.HAL_PCD_EP_ClrStall                    0x08001630   Section        0  stm32f1xx_hal_pcd.o(i.HAL_PCD_EP_ClrStall)
    i.HAL_PCD_EP_Open                        0x08001692   Section        0  stm32f1xx_hal_pcd.o(i.HAL_PCD_EP_Open)
    i.HAL_PCD_EP_Receive                     0x08001708   Section        0  stm32f1xx_hal_pcd.o(i.HAL_PCD_EP_Receive)
    i.HAL_PCD_EP_SetStall                    0x08001752   Section        0  stm32f1xx_hal_pcd.o(i.HAL_PCD_EP_SetStall)
    i.HAL_PCD_EP_Transmit                    0x080017c4   Section        0  stm32f1xx_hal_pcd.o(i.HAL_PCD_EP_Transmit)
    i.HAL_PCD_IRQHandler                     0x08001810   Section        0  stm32f1xx_hal_pcd.o(i.HAL_PCD_IRQHandler)
    i.HAL_PCD_Init                           0x08001978   Section        0  stm32f1xx_hal_pcd.o(i.HAL_PCD_Init)
    i.HAL_PCD_MspInit                        0x08001ae0   Section        0  usbd_conf.o(i.HAL_PCD_MspInit)
    i.HAL_PCD_ResetCallback                  0x08001b24   Section        0  usbd_conf.o(i.HAL_PCD_ResetCallback)
    i.HAL_PCD_ResumeCallback                 0x08001b48   Section        0  usbd_conf.o(i.HAL_PCD_ResumeCallback)
    i.HAL_PCD_SOFCallback                    0x08001b56   Section        0  usbd_conf.o(i.HAL_PCD_SOFCallback)
    i.HAL_PCD_SetAddress                     0x08001b64   Section        0  stm32f1xx_hal_pcd.o(i.HAL_PCD_SetAddress)
    i.HAL_PCD_SetupStageCallback             0x08001b9a   Section        0  usbd_conf.o(i.HAL_PCD_SetupStageCallback)
    i.HAL_PCD_Start                          0x08001bac   Section        0  stm32f1xx_hal_pcd.o(i.HAL_PCD_Start)
    i.HAL_PCD_Stop                           0x08001be8   Section        0  stm32f1xx_hal_pcd.o(i.HAL_PCD_Stop)
    i.HAL_PCD_SuspendCallback                0x08001c24   Section        0  usbd_conf.o(i.HAL_PCD_SuspendCallback)
    i.HAL_RCCEx_PeriphCLKConfig              0x08001c48   Section        0  stm32f1xx_hal_rcc_ex.o(i.HAL_RCCEx_PeriphCLKConfig)
    i.HAL_RCC_ClockConfig                    0x08001e40   Section        0  stm32f1xx_hal_rcc.o(i.HAL_RCC_ClockConfig)
    i.HAL_RCC_GetHCLKFreq                    0x08002158   Section        0  stm32f1xx_hal_rcc.o(i.HAL_RCC_GetHCLKFreq)
    i.HAL_RCC_GetPCLK1Freq                   0x08002164   Section        0  stm32f1xx_hal_rcc.o(i.HAL_RCC_GetPCLK1Freq)
    i.HAL_RCC_GetPCLK2Freq                   0x08002184   Section        0  stm32f1xx_hal_rcc.o(i.HAL_RCC_GetPCLK2Freq)
    i.HAL_RCC_GetSysClockFreq                0x080021a4   Section        0  stm32f1xx_hal_rcc.o(i.HAL_RCC_GetSysClockFreq)
    i.HAL_RCC_OscConfig                      0x08002238   Section        0  stm32f1xx_hal_rcc.o(i.HAL_RCC_OscConfig)
    i.HAL_SPI_Init                           0x08002848   Section        0  stm32f1xx_hal_spi_ex.o(i.HAL_SPI_Init)
    i.HAL_SPI_MspInit                        0x08002a08   Section        0  spi.o(i.HAL_SPI_MspInit)
    i.HAL_SYSTICK_Config                     0x08002a8c   Section        0  stm32f1xx_hal_cortex.o(i.HAL_SYSTICK_Config)
    i.HAL_UART_ErrorCallback                 0x08002ac0   Section        0  stm32f1xx_hal_uart.o(i.HAL_UART_ErrorCallback)
    i.HAL_UART_IRQHandler                    0x08002ac4   Section        0  stm32f1xx_hal_uart.o(i.HAL_UART_IRQHandler)
    i.HAL_UART_Init                          0x08002c10   Section        0  stm32f1xx_hal_uart.o(i.HAL_UART_Init)
    i.HAL_UART_MspInit                       0x08002d54   Section        0  usart.o(i.HAL_UART_MspInit)
    i.HAL_UART_RxCpltCallback                0x08002dec   Section        0  stm32f1xx_hal_uart.o(i.HAL_UART_RxCpltCallback)
    i.HAL_UART_TxCpltCallback                0x08002dee   Section        0  stm32f1xx_hal_uart.o(i.HAL_UART_TxCpltCallback)
    i.HardFault_Handler                      0x08002df0   Section        0  stm32f1xx_it.o(i.HardFault_Handler)
    i.IntToUnicode                           0x08002df4   Section        0  usbd_desc.o(i.IntToUnicode)
    IntToUnicode                             0x08002df5   Thumb Code    62  usbd_desc.o(i.IntToUnicode)
    i.MEM_If_DeInit_FS                       0x08002e32   Section        0  usbd_dfu_if.o(i.MEM_If_DeInit_FS)
    MEM_If_DeInit_FS                         0x08002e33   Thumb Code    10  usbd_dfu_if.o(i.MEM_If_DeInit_FS)
    i.MEM_If_Erase_FS                        0x08002e3c   Section        0  usbd_dfu_if.o(i.MEM_If_Erase_FS)
    MEM_If_Erase_FS                          0x08002e3d   Thumb Code    42  usbd_dfu_if.o(i.MEM_If_Erase_FS)
    i.MEM_If_GetStatus_FS                    0x08002e66   Section        0  usbd_dfu_if.o(i.MEM_If_GetStatus_FS)
    MEM_If_GetStatus_FS                      0x08002e67   Thumb Code    40  usbd_dfu_if.o(i.MEM_If_GetStatus_FS)
    i.MEM_If_Init_FS                         0x08002e8e   Section        0  usbd_dfu_if.o(i.MEM_If_Init_FS)
    MEM_If_Init_FS                           0x08002e8f   Thumb Code    10  usbd_dfu_if.o(i.MEM_If_Init_FS)
    i.MEM_If_Read_FS                         0x08002e98   Section        0  usbd_dfu_if.o(i.MEM_If_Read_FS)
    MEM_If_Read_FS                           0x08002e99   Thumb Code    30  usbd_dfu_if.o(i.MEM_If_Read_FS)
    i.MEM_If_Write_FS                        0x08002eb6   Section        0  usbd_dfu_if.o(i.MEM_If_Write_FS)
    MEM_If_Write_FS                          0x08002eb7   Thumb Code    60  usbd_dfu_if.o(i.MEM_If_Write_FS)
    i.MX_GPIO_Init                           0x08002ef4   Section        0  gpio.o(i.MX_GPIO_Init)
    i.MX_SPI1_Init                           0x08002f68   Section        0  spi.o(i.MX_SPI1_Init)
    i.MX_USART1_UART_Init                    0x08002fb0   Section        0  usart.o(i.MX_USART1_UART_Init)
    i.MX_USB_DEVICE_Init                     0x08002fe8   Section        0  usb_device.o(i.MX_USB_DEVICE_Init)
    i.MemManage_Handler                      0x08003034   Section        0  stm32f1xx_it.o(i.MemManage_Handler)
    i.NMI_Handler                            0x08003038   Section        0  stm32f1xx_it.o(i.NMI_Handler)
    i.NVIC_GetPriorityGrouping               0x0800303c   Section        0  stm32f1xx_hal_cortex.o(i.NVIC_GetPriorityGrouping)
    NVIC_GetPriorityGrouping                 0x0800303d   Thumb Code    10  stm32f1xx_hal_cortex.o(i.NVIC_GetPriorityGrouping)
    i.NVIC_SetPriority                       0x0800304c   Section        0  stm32f1xx_hal_cortex.o(i.NVIC_SetPriority)
    NVIC_SetPriority                         0x0800304d   Thumb Code    32  stm32f1xx_hal_cortex.o(i.NVIC_SetPriority)
    i.PCD_EP_ISR_Handler                     0x08003074   Section        0  stm32f1xx_hal_pcd.o(i.PCD_EP_ISR_Handler)
    PCD_EP_ISR_Handler                       0x08003075   Thumb Code  1092  stm32f1xx_hal_pcd.o(i.PCD_EP_ISR_Handler)
    i.PendSV_Handler                         0x080034b8   Section        0  stm32f1xx_it.o(i.PendSV_Handler)
    i.RCC_Delay                              0x080034bc   Section        0  stm32f1xx_hal_rcc.o(i.RCC_Delay)
    RCC_Delay                                0x080034bd   Thumb Code    36  stm32f1xx_hal_rcc.o(i.RCC_Delay)
    i.SVC_Handler                            0x080034e4   Section        0  stm32f1xx_it.o(i.SVC_Handler)
    i.SysTick_Handler                        0x080034e6   Section        0  stm32f1xx_it.o(i.SysTick_Handler)
    i.SystemClock_Config                     0x080034ee   Section        0  main.o(i.SystemClock_Config)
    i.SystemInit                             0x08003574   Section        0  system_stm32f1xx.o(i.SystemInit)
    i.UART_DMAAbortOnError                   0x080035cc   Section        0  stm32f1xx_hal_uart.o(i.UART_DMAAbortOnError)
    UART_DMAAbortOnError                     0x080035cd   Thumb Code    20  stm32f1xx_hal_uart.o(i.UART_DMAAbortOnError)
    i.UART_EndRxTransfer                     0x080035e0   Section        0  stm32f1xx_hal_uart.o(i.UART_EndRxTransfer)
    UART_EndRxTransfer                       0x080035e1   Thumb Code    32  stm32f1xx_hal_uart.o(i.UART_EndRxTransfer)
    i.UART_EndTransmit_IT                    0x08003600   Section        0  stm32f1xx_hal_uart.o(i.UART_EndTransmit_IT)
    UART_EndTransmit_IT                      0x08003601   Thumb Code    32  stm32f1xx_hal_uart.o(i.UART_EndTransmit_IT)
    i.UART_Receive_IT                        0x08003620   Section        0  stm32f1xx_hal_uart.o(i.UART_Receive_IT)
    UART_Receive_IT                          0x08003621   Thumb Code   166  stm32f1xx_hal_uart.o(i.UART_Receive_IT)
    i.UART_SetConfig                         0x080036c8   Section        0  stm32f1xx_hal_uart.o(i.UART_SetConfig)
    UART_SetConfig                           0x080036c9   Thumb Code   552  stm32f1xx_hal_uart.o(i.UART_SetConfig)
    i.UART_Transmit_IT                       0x08003934   Section        0  stm32f1xx_hal_uart.o(i.UART_Transmit_IT)
    UART_Transmit_IT                         0x08003935   Thumb Code   104  stm32f1xx_hal_uart.o(i.UART_Transmit_IT)
    i.USART1_IRQHandler                      0x0800399c   Section        0  stm32f1xx_it.o(i.USART1_IRQHandler)
    i.USBD_ClrClassConfig                    0x080039ac   Section        0  usbd_core.o(i.USBD_ClrClassConfig)
    i.USBD_ClrFeature                        0x080039c2   Section        0  usbd_ctlreq.o(i.USBD_ClrFeature)
    USBD_ClrFeature                          0x080039c3   Thumb Code    68  usbd_ctlreq.o(i.USBD_ClrFeature)
    i.USBD_CtlContinueRx                     0x08003a06   Section        0  usbd_ioreq.o(i.USBD_CtlContinueRx)
    i.USBD_CtlContinueSendData               0x08003a1e   Section        0  usbd_ioreq.o(i.USBD_CtlContinueSendData)
    i.USBD_CtlError                          0x08003a36   Section        0  usbd_ctlreq.o(i.USBD_CtlError)
    i.USBD_CtlPrepareRx                      0x08003a4e   Section        0  usbd_ioreq.o(i.USBD_CtlPrepareRx)
    i.USBD_CtlReceiveStatus                  0x08003a76   Section        0  usbd_ioreq.o(i.USBD_CtlReceiveStatus)
    i.USBD_CtlSendData                       0x08003a90   Section        0  usbd_ioreq.o(i.USBD_CtlSendData)
    i.USBD_CtlSendStatus                     0x08003ab2   Section        0  usbd_ioreq.o(i.USBD_CtlSendStatus)
    i.USBD_DFU_DataIn                        0x08003acc   Section        0  usbd_dfu.o(i.USBD_DFU_DataIn)
    USBD_DFU_DataIn                          0x08003acd   Thumb Code     6  usbd_dfu.o(i.USBD_DFU_DataIn)
    i.USBD_DFU_DataOut                       0x08003ad2   Section        0  usbd_dfu.o(i.USBD_DFU_DataOut)
    USBD_DFU_DataOut                         0x08003ad3   Thumb Code     6  usbd_dfu.o(i.USBD_DFU_DataOut)
    i.USBD_DFU_DeInit                        0x08003ad8   Section        0  usbd_dfu.o(i.USBD_DFU_DeInit)
    USBD_DFU_DeInit                          0x08003ad9   Thumb Code    72  usbd_dfu.o(i.USBD_DFU_DeInit)
    i.USBD_DFU_EP0_RxReady                   0x08003b20   Section        0  usbd_dfu.o(i.USBD_DFU_EP0_RxReady)
    USBD_DFU_EP0_RxReady                     0x08003b21   Thumb Code     6  usbd_dfu.o(i.USBD_DFU_EP0_RxReady)
    i.USBD_DFU_EP0_TxReady                   0x08003b26   Section        0  usbd_dfu.o(i.USBD_DFU_EP0_TxReady)
    USBD_DFU_EP0_TxReady                     0x08003b27   Thumb Code   320  usbd_dfu.o(i.USBD_DFU_EP0_TxReady)
    i.USBD_DFU_GetCfgDesc                    0x08003c68   Section        0  usbd_dfu.o(i.USBD_DFU_GetCfgDesc)
    USBD_DFU_GetCfgDesc                      0x08003c69   Thumb Code    10  usbd_dfu.o(i.USBD_DFU_GetCfgDesc)
    i.USBD_DFU_GetDeviceQualifierDesc        0x08003c78   Section        0  usbd_dfu.o(i.USBD_DFU_GetDeviceQualifierDesc)
    USBD_DFU_GetDeviceQualifierDesc          0x08003c79   Thumb Code    10  usbd_dfu.o(i.USBD_DFU_GetDeviceQualifierDesc)
    i.USBD_DFU_GetUsrStringDesc              0x08003c88   Section        0  usbd_dfu.o(i.USBD_DFU_GetUsrStringDesc)
    USBD_DFU_GetUsrStringDesc                0x08003c89   Thumb Code    34  usbd_dfu.o(i.USBD_DFU_GetUsrStringDesc)
    i.USBD_DFU_Init                          0x08003cb0   Section        0  usbd_dfu.o(i.USBD_DFU_Init)
    USBD_DFU_Init                            0x08003cb1   Thumb Code   110  usbd_dfu.o(i.USBD_DFU_Init)
    i.USBD_DFU_IsoINIncomplete               0x08003d24   Section        0  usbd_dfu.o(i.USBD_DFU_IsoINIncomplete)
    USBD_DFU_IsoINIncomplete                 0x08003d25   Thumb Code     6  usbd_dfu.o(i.USBD_DFU_IsoINIncomplete)
    i.USBD_DFU_IsoOutIncomplete              0x08003d2a   Section        0  usbd_dfu.o(i.USBD_DFU_IsoOutIncomplete)
    USBD_DFU_IsoOutIncomplete                0x08003d2b   Thumb Code     6  usbd_dfu.o(i.USBD_DFU_IsoOutIncomplete)
    i.USBD_DFU_RegisterMedia                 0x08003d30   Section        0  usbd_dfu.o(i.USBD_DFU_RegisterMedia)
    i.USBD_DFU_SOF                           0x08003d3c   Section        0  usbd_dfu.o(i.USBD_DFU_SOF)
    USBD_DFU_SOF                             0x08003d3d   Thumb Code     6  usbd_dfu.o(i.USBD_DFU_SOF)
    i.USBD_DFU_Setup                         0x08003d44   Section        0  usbd_dfu.o(i.USBD_DFU_Setup)
    USBD_DFU_Setup                           0x08003d45   Thumb Code   250  usbd_dfu.o(i.USBD_DFU_Setup)
    i.USBD_FS_ConfigStrDescriptor            0x08003e44   Section        0  usbd_desc.o(i.USBD_FS_ConfigStrDescriptor)
    i.USBD_FS_DeviceDescriptor               0x08003e78   Section        0  usbd_desc.o(i.USBD_FS_DeviceDescriptor)
    i.USBD_FS_InterfaceStrDescriptor         0x08003e88   Section        0  usbd_desc.o(i.USBD_FS_InterfaceStrDescriptor)
    i.USBD_FS_LangIDStrDescriptor            0x08003ec0   Section        0  usbd_desc.o(i.USBD_FS_LangIDStrDescriptor)
    i.USBD_FS_ManufacturerStrDescriptor      0x08003ed0   Section        0  usbd_desc.o(i.USBD_FS_ManufacturerStrDescriptor)
    i.USBD_FS_ProductStrDescriptor           0x08003efc   Section        0  usbd_desc.o(i.USBD_FS_ProductStrDescriptor)
    i.USBD_FS_SerialStrDescriptor            0x08003f44   Section        0  usbd_desc.o(i.USBD_FS_SerialStrDescriptor)
    i.USBD_GetConfig                         0x08003f5c   Section        0  usbd_ctlreq.o(i.USBD_GetConfig)
    USBD_GetConfig                           0x08003f5d   Thumb Code    80  usbd_ctlreq.o(i.USBD_GetConfig)
    i.USBD_GetDescriptor                     0x08003fac   Section        0  usbd_ctlreq.o(i.USBD_GetDescriptor)
    USBD_GetDescriptor                       0x08003fad   Thumb Code   336  usbd_ctlreq.o(i.USBD_GetDescriptor)
    i.USBD_GetLen                            0x080040fc   Section        0  usbd_ctlreq.o(i.USBD_GetLen)
    USBD_GetLen                              0x080040fd   Thumb Code    20  usbd_ctlreq.o(i.USBD_GetLen)
    i.USBD_GetStatus                         0x08004110   Section        0  usbd_ctlreq.o(i.USBD_GetStatus)
    USBD_GetStatus                           0x08004111   Thumb Code    68  usbd_ctlreq.o(i.USBD_GetStatus)
    i.USBD_GetString                         0x08004154   Section        0  usbd_ctlreq.o(i.USBD_GetString)
    i.USBD_Get_USB_Status                    0x080041a6   Section        0  usbd_conf.o(i.USBD_Get_USB_Status)
    USBD_Get_USB_Status                      0x080041a7   Thumb Code    44  usbd_conf.o(i.USBD_Get_USB_Status)
    i.USBD_Init                              0x080041d2   Section        0  usbd_core.o(i.USBD_Init)
    i.USBD_LL_ClearStallEP                   0x08004204   Section        0  usbd_conf.o(i.USBD_LL_ClearStallEP)
    i.USBD_LL_DataInStage                    0x0800422a   Section        0  usbd_core.o(i.USBD_LL_DataInStage)
    i.USBD_LL_DataOutStage                   0x08004304   Section        0  usbd_core.o(i.USBD_LL_DataOutStage)
    i.USBD_LL_Init                           0x0800438c   Section        0  usbd_conf.o(i.USBD_LL_Init)
    i.USBD_LL_IsStallEP                      0x080043e4   Section        0  usbd_conf.o(i.USBD_LL_IsStallEP)
    i.USBD_LL_OpenEP                         0x08004414   Section        0  usbd_conf.o(i.USBD_LL_OpenEP)
    i.USBD_LL_PrepareReceive                 0x08004444   Section        0  usbd_conf.o(i.USBD_LL_PrepareReceive)
    i.USBD_LL_Reset                          0x08004474   Section        0  usbd_core.o(i.USBD_LL_Reset)
    i.USBD_LL_Resume                         0x080044b8   Section        0  usbd_core.o(i.USBD_LL_Resume)
    i.USBD_LL_SOF                            0x080044c6   Section        0  usbd_core.o(i.USBD_LL_SOF)
    i.USBD_LL_SetSpeed                       0x080044e8   Section        0  usbd_core.o(i.USBD_LL_SetSpeed)
    i.USBD_LL_SetUSBAddress                  0x080044f0   Section        0  usbd_conf.o(i.USBD_LL_SetUSBAddress)
    i.USBD_LL_SetupStage                     0x08004516   Section        0  usbd_core.o(i.USBD_LL_SetupStage)
    i.USBD_LL_StallEP                        0x08004584   Section        0  usbd_conf.o(i.USBD_LL_StallEP)
    i.USBD_LL_Start                          0x080045aa   Section        0  usbd_conf.o(i.USBD_LL_Start)
    i.USBD_LL_Stop                           0x080045c8   Section        0  usbd_conf.o(i.USBD_LL_Stop)
    i.USBD_LL_Suspend                        0x080045e6   Section        0  usbd_core.o(i.USBD_LL_Suspend)
    i.USBD_LL_Transmit                       0x080045fa   Section        0  usbd_conf.o(i.USBD_LL_Transmit)
    i.USBD_ParseSetupRequest                 0x0800462a   Section        0  usbd_ctlreq.o(i.USBD_ParseSetupRequest)
    i.USBD_RegisterClass                     0x08004652   Section        0  usbd_core.o(i.USBD_RegisterClass)
    i.USBD_RunTestMode                       0x08004662   Section        0  usbd_core.o(i.USBD_RunTestMode)
    i.USBD_SetAddress                        0x08004668   Section        0  usbd_ctlreq.o(i.USBD_SetAddress)
    USBD_SetAddress                          0x08004669   Thumb Code    84  usbd_ctlreq.o(i.USBD_SetAddress)
    i.USBD_SetClassConfig                    0x080046bc   Section        0  usbd_core.o(i.USBD_SetClassConfig)
    i.USBD_SetConfig                         0x080046e0   Section        0  usbd_ctlreq.o(i.USBD_SetConfig)
    USBD_SetConfig                           0x080046e1   Thumb Code   218  usbd_ctlreq.o(i.USBD_SetConfig)
    i.USBD_SetFeature                        0x080047c0   Section        0  usbd_ctlreq.o(i.USBD_SetFeature)
    USBD_SetFeature                          0x080047c1   Thumb Code    36  usbd_ctlreq.o(i.USBD_SetFeature)
    i.USBD_Start                             0x080047e4   Section        0  usbd_core.o(i.USBD_Start)
    i.USBD_StdDevReq                         0x080047f2   Section        0  usbd_ctlreq.o(i.USBD_StdDevReq)
    i.USBD_StdEPReq                          0x08004864   Section        0  usbd_ctlreq.o(i.USBD_StdEPReq)
    i.USBD_StdItfReq                         0x080049ba   Section        0  usbd_ctlreq.o(i.USBD_StdItfReq)
    i.USBD_Stop                              0x08004a04   Section        0  usbd_core.o(i.USBD_Stop)
    i.USBD_static_free                       0x08004a1e   Section        0  usbd_conf.o(i.USBD_static_free)
    i.USBD_static_malloc                     0x08004a20   Section        0  usbd_conf.o(i.USBD_static_malloc)
    i.USB_ActivateEndpoint                   0x08004a2c   Section        0  stm32f1xx_ll_usb.o(i.USB_ActivateEndpoint)
    i.USB_CoreInit                           0x08004dd6   Section        0  stm32f1xx_ll_usb.o(i.USB_CoreInit)
    i.USB_DevConnect                         0x08004dde   Section        0  stm32f1xx_ll_usb.o(i.USB_DevConnect)
    i.USB_DevDisconnect                      0x08004de4   Section        0  stm32f1xx_ll_usb.o(i.USB_DevDisconnect)
    i.USB_DevInit                            0x08004dea   Section        0  stm32f1xx_ll_usb.o(i.USB_DevInit)
    i.USB_DisableGlobalInt                   0x08004e08   Section        0  stm32f1xx_ll_usb.o(i.USB_DisableGlobalInt)
    i.USB_EP0_OutStart                       0x08004e1e   Section        0  stm32f1xx_ll_usb.o(i.USB_EP0_OutStart)
    i.USB_EPClearStall                       0x08004e24   Section        0  stm32f1xx_ll_usb.o(i.USB_EPClearStall)
    i.USB_EPSetStall                         0x08004ed8   Section        0  stm32f1xx_ll_usb.o(i.USB_EPSetStall)
    i.USB_EPStartXfer                        0x08004f5e   Section        0  stm32f1xx_ll_usb.o(i.USB_EPStartXfer)
    i.USB_EnableGlobalInt                    0x08005290   Section        0  stm32f1xx_ll_usb.o(i.USB_EnableGlobalInt)
    i.USB_LP_CAN1_RX0_IRQHandler             0x080052a8   Section        0  stm32f1xx_it.o(i.USB_LP_CAN1_RX0_IRQHandler)
    i.USB_ReadInterrupts                     0x080052b8   Section        0  stm32f1xx_ll_usb.o(i.USB_ReadInterrupts)
    i.USB_ReadPMA                            0x080052c2   Section        0  stm32f1xx_ll_usb.o(i.USB_ReadPMA)
    i.USB_SetCurrentMode                     0x080052ea   Section        0  stm32f1xx_ll_usb.o(i.USB_SetCurrentMode)
    i.USB_SetDevAddress                      0x080052f0   Section        0  stm32f1xx_ll_usb.o(i.USB_SetDevAddress)
    i.USB_StopDevice                         0x080052fe   Section        0  stm32f1xx_ll_usb.o(i.USB_StopDevice)
    i.USB_WritePMA                           0x08005314   Section        0  stm32f1xx_ll_usb.o(i.USB_WritePMA)
    i.UsageFault_Handler                     0x08005356   Section        0  stm32f1xx_it.o(i.UsageFault_Handler)
    i.assert_failed                          0x0800535a   Section        0  main.o(i.assert_failed)
    i.main                                   0x0800535c   Section        0  main.o(i.main)
    .constdata                               0x08005378   Section       24  system_stm32f1xx.o(.constdata)
    .conststring                             0x08005390   Section       93  usbd_dfu_if.o(.conststring)
    .data                                    0x20000000   Section       78  usbd_desc.o(.data)
    .data                                    0x20000050   Section       28  usbd_dfu_if.o(.data)
    .data                                    0x2000006c   Section        9  stm32f1xx_hal.o(.data)
    .data                                    0x20000078   Section        4  system_stm32f1xx.o(.data)
    .data                                    0x2000007c   Section        1  usbd_ctlreq.o(.data)
    cfgidx                                   0x2000007c   Data           1  usbd_ctlreq.o(.data)
    .data                                    0x20000080   Section       98  usbd_dfu.o(.data)
    USBD_DFU_CfgDesc                         0x200000bc   Data          27  usbd_dfu.o(.data)
    USBD_DFU_DeviceQualifierDesc             0x200000d8   Data          10  usbd_dfu.o(.data)
    .bss                                     0x200000e4   Section       88  spi.o(.bss)
    .bss                                     0x2000013c   Section       64  usart.o(.bss)
    .bss                                     0x2000017c   Section      548  usb_device.o(.bss)
    .bss                                     0x200003a0   Section      512  usbd_desc.o(.bss)
    .bss                                     0x200005a0   Section     2172  usbd_conf.o(.bss)
    mem                                      0x20000a00   Data        1052  usbd_conf.o(.bss)
    .bss                                     0x20000e20   Section       32  stm32f1xx_hal_flash.o(.bss)
    .bss                                     0x20000e40   Section      255  usbd_dfu.o(.bss)
    USBD_StrDesc                             0x20000e40   Data         255  usbd_dfu.o(.bss)
    .bss                                     0x20000f40   Section       96  libspace.o(.bss)
    HEAP                                     0x20000fa0   Section        0  startup_stm32f103xb.o(HEAP)
    STACK                                    0x20000fa0   Section     1024  startup_stm32f103xb.o(STACK)
    Heap_Mem                                 0x20000fa0   Data           0  startup_stm32f103xb.o(HEAP)
    Stack_Mem                                0x20000fa0   Data        1024  startup_stm32f103xb.o(STACK)
    __initial_sp                             0x200013a0   Data           0  startup_stm32f103xb.o(STACK)

    Global Symbols

    Symbol Name                              Value     Ov Type        Size  Object(Section)

    BuildAttributes$$THM_ISAv4$P$D$K$B$S$PE$A:L22UL41UL21$X:L11$S22US41US21$IEEE1$IW$USESV6$~STKCKD$USESV7$~SHL$OSPACE$ROPI$EBA8$UX$STANDARDLIB$REQ8$PRES8$EABIv2 0x00000000   Number         0  anon$$obj.o ABSOLUTE
    __ARM_use_no_argv                        0x00000000   Number         0  main.o ABSOLUTE
    __ARM_exceptions_init                     - Undefined Weak Reference
    __alloca_initialize                       - Undefined Weak Reference
    __arm_preinit_                            - Undefined Weak Reference
    __cpp_initialize__aeabi_                  - Undefined Weak Reference
    __cxa_finalize                            - Undefined Weak Reference
    __rt_locale                               - Undefined Weak Reference
    __sigvec_lookup                           - Undefined Weak Reference
    _atexit_init                              - Undefined Weak Reference
    _call_atexit_fns                          - Undefined Weak Reference
    _clock_init                               - Undefined Weak Reference
    _fp_trap_init                             - Undefined Weak Reference
    _fp_trap_shutdown                         - Undefined Weak Reference
    _get_lc_collate                           - Undefined Weak Reference
    _get_lc_ctype                             - Undefined Weak Reference
    _get_lc_monetary                          - Undefined Weak Reference
    _get_lc_numeric                           - Undefined Weak Reference
    _get_lc_time                              - Undefined Weak Reference
    _getenv_init                              - Undefined Weak Reference
    _handle_redirection                       - Undefined Weak Reference
    _init_alloc                               - Undefined Weak Reference
    _init_user_alloc                          - Undefined Weak Reference
    _initio                                   - Undefined Weak Reference
    _rand_init                                - Undefined Weak Reference
    _signal_finish                            - Undefined Weak Reference
    _signal_init                              - Undefined Weak Reference
    _terminate_alloc                          - Undefined Weak Reference
    _terminate_user_alloc                     - Undefined Weak Reference
    _terminateio                              - Undefined Weak Reference
    __Vectors_Size                           0x000000ec   Number         0  startup_stm32f103xb.o ABSOLUTE
    __Vectors                                0x08000000   Data           4  startup_stm32f103xb.o(RESET)
    __Vectors_End                            0x080000ec   Data           0  startup_stm32f103xb.o(RESET)
    __main                                   0x080000ed   Thumb Code     8  __main.o(!!!main)
    __scatterload                            0x080000f5   Thumb Code     0  __scatter.o(!!!scatter)
    __scatterload_rt2                        0x080000f5   Thumb Code    44  __scatter.o(!!!scatter)
    __scatterload_rt2_thumb_only             0x080000f5   Thumb Code     0  __scatter.o(!!!scatter)
    __scatterload_null                       0x08000103   Thumb Code     0  __scatter.o(!!!scatter)
    __scatterload_copy                       0x08000129   Thumb Code    26  __scatter_copy.o(!!handler_copy)
    __scatterload_zeroinit                   0x08000145   Thumb Code    28  __scatter_zi.o(!!handler_zi)
    __rt_lib_init                            0x08000161   Thumb Code     0  libinit.o(.ARM.Collect$$libinit$$00000000)
    __rt_lib_init_alloca_1                   0x08000163   Thumb Code     0  libinit2.o(.ARM.Collect$$libinit$$0000002E)
    __rt_lib_init_argv_1                     0x08000163   Thumb Code     0  libinit2.o(.ARM.Collect$$libinit$$0000002C)
    __rt_lib_init_atexit_1                   0x08000163   Thumb Code     0  libinit2.o(.ARM.Collect$$libinit$$0000001B)
    __rt_lib_init_clock_1                    0x08000163   Thumb Code     0  libinit2.o(.ARM.Collect$$libinit$$00000021)
    __rt_lib_init_cpp_1                      0x08000163   Thumb Code     0  libinit2.o(.ARM.Collect$$libinit$$00000032)
    __rt_lib_init_exceptions_1               0x08000163   Thumb Code     0  libinit2.o(.ARM.Collect$$libinit$$00000030)
    __rt_lib_init_fp_1                       0x08000163   Thumb Code     0  libinit2.o(.ARM.Collect$$libinit$$00000002)
    __rt_lib_init_fp_trap_1                  0x08000163   Thumb Code     0  libinit2.o(.ARM.Collect$$libinit$$0000001F)
    __rt_lib_init_getenv_1                   0x08000163   Thumb Code     0  libinit2.o(.ARM.Collect$$libinit$$00000023)
    __rt_lib_init_heap_1                     0x08000163   Thumb Code     0  libinit2.o(.ARM.Collect$$libinit$$0000000A)
    __rt_lib_init_lc_collate_1               0x08000163   Thumb Code     0  libinit2.o(.ARM.Collect$$libinit$$00000011)
    __rt_lib_init_lc_ctype_1                 0x08000163   Thumb Code     0  libinit2.o(.ARM.Collect$$libinit$$00000013)
    __rt_lib_init_lc_monetary_1              0x08000163   Thumb Code     0  libinit2.o(.ARM.Collect$$libinit$$00000015)
    __rt_lib_init_lc_numeric_1               0x08000163   Thumb Code     0  libinit2.o(.ARM.Collect$$libinit$$00000017)
    __rt_lib_init_lc_time_1                  0x08000163   Thumb Code     0  libinit2.o(.ARM.Collect$$libinit$$00000019)
    __rt_lib_init_preinit_1                  0x08000163   Thumb Code     0  libinit2.o(.ARM.Collect$$libinit$$00000004)
    __rt_lib_init_rand_1                     0x08000163   Thumb Code     0  libinit2.o(.ARM.Collect$$libinit$$0000000E)
    __rt_lib_init_return                     0x08000163   Thumb Code     0  libinit2.o(.ARM.Collect$$libinit$$00000033)
    __rt_lib_init_signal_1                   0x08000163   Thumb Code     0  libinit2.o(.ARM.Collect$$libinit$$0000001D)
    __rt_lib_init_stdio_1                    0x08000163   Thumb Code     0  libinit2.o(.ARM.Collect$$libinit$$00000025)
    __rt_lib_init_user_alloc_1               0x08000163   Thumb Code     0  libinit2.o(.ARM.Collect$$libinit$$0000000C)
    __rt_lib_shutdown                        0x08000165   Thumb Code     0  libshutdown.o(.ARM.Collect$$libshutdown$$00000000)
    __rt_lib_shutdown_cpp_1                  0x08000167   Thumb Code     0  libshutdown2.o(.ARM.Collect$$libshutdown$$00000002)
    __rt_lib_shutdown_fp_trap_1              0x08000167   Thumb Code     0  libshutdown2.o(.ARM.Collect$$libshutdown$$00000007)
    __rt_lib_shutdown_heap_1                 0x08000167   Thumb Code     0  libshutdown2.o(.ARM.Collect$$libshutdown$$0000000F)
    __rt_lib_shutdown_return                 0x08000167   Thumb Code     0  libshutdown2.o(.ARM.Collect$$libshutdown$$00000010)
    __rt_lib_shutdown_signal_1               0x08000167   Thumb Code     0  libshutdown2.o(.ARM.Collect$$libshutdown$$0000000A)
    __rt_lib_shutdown_stdio_1                0x08000167   Thumb Code     0  libshutdown2.o(.ARM.Collect$$libshutdown$$00000004)
    __rt_lib_shutdown_user_alloc_1           0x08000167   Thumb Code     0  libshutdown2.o(.ARM.Collect$$libshutdown$$0000000C)
    __rt_entry                               0x08000169   Thumb Code     0  __rtentry.o(.ARM.Collect$$rtentry$$00000000)
    __rt_entry_presh_1                       0x08000169   Thumb Code     0  __rtentry2.o(.ARM.Collect$$rtentry$$00000002)
    __rt_entry_sh                            0x08000169   Thumb Code     0  __rtentry4.o(.ARM.Collect$$rtentry$$00000004)
    __rt_entry_li                            0x0800016f   Thumb Code     0  __rtentry2.o(.ARM.Collect$$rtentry$$0000000A)
    __rt_entry_postsh_1                      0x0800016f   Thumb Code     0  __rtentry2.o(.ARM.Collect$$rtentry$$00000009)
    __rt_entry_main                          0x08000173   Thumb Code     0  __rtentry2.o(.ARM.Collect$$rtentry$$0000000D)
    __rt_entry_postli_1                      0x08000173   Thumb Code     0  __rtentry2.o(.ARM.Collect$$rtentry$$0000000C)
    __rt_exit                                0x0800017b   Thumb Code     0  rtexit.o(.ARM.Collect$$rtexit$$00000000)
    __rt_exit_ls                             0x0800017d   Thumb Code     0  rtexit2.o(.ARM.Collect$$rtexit$$00000003)
    __rt_exit_prels_1                        0x0800017d   Thumb Code     0  rtexit2.o(.ARM.Collect$$rtexit$$00000002)
    __rt_exit_exit                           0x08000181   Thumb Code     0  rtexit2.o(.ARM.Collect$$rtexit$$00000004)
    Reset_Handler                            0x08000189   Thumb Code     8  startup_stm32f103xb.o(.text)
    ADC1_2_IRQHandler                        0x080001a3   Thumb Code     0  startup_stm32f103xb.o(.text)
    CAN1_RX1_IRQHandler                      0x080001a3   Thumb Code     0  startup_stm32f103xb.o(.text)
    CAN1_SCE_IRQHandler                      0x080001a3   Thumb Code     0  startup_stm32f103xb.o(.text)
    DMA1_Channel1_IRQHandler                 0x080001a3   Thumb Code     0  startup_stm32f103xb.o(.text)
    DMA1_Channel2_IRQHandler                 0x080001a3   Thumb Code     0  startup_stm32f103xb.o(.text)
    DMA1_Channel3_IRQHandler                 0x080001a3   Thumb Code     0  startup_stm32f103xb.o(.text)
    DMA1_Channel4_IRQHandler                 0x080001a3   Thumb Code     0  startup_stm32f103xb.o(.text)
    DMA1_Channel5_IRQHandler                 0x080001a3   Thumb Code     0  startup_stm32f103xb.o(.text)
    DMA1_Channel6_IRQHandler                 0x080001a3   Thumb Code     0  startup_stm32f103xb.o(.text)
    DMA1_Channel7_IRQHandler                 0x080001a3   Thumb Code     0  startup_stm32f103xb.o(.text)
    EXTI0_IRQHandler                         0x080001a3   Thumb Code     0  startup_stm32f103xb.o(.text)
    EXTI15_10_IRQHandler                     0x080001a3   Thumb Code     0  startup_stm32f103xb.o(.text)
    EXTI1_IRQHandler                         0x080001a3   Thumb Code     0  startup_stm32f103xb.o(.text)
    EXTI2_IRQHandler                         0x080001a3   Thumb Code     0  startup_stm32f103xb.o(.text)
    EXTI3_IRQHandler                         0x080001a3   Thumb Code     0  startup_stm32f103xb.o(.text)
    EXTI4_IRQHandler                         0x080001a3   Thumb Code     0  startup_stm32f103xb.o(.text)
    EXTI9_5_IRQHandler                       0x080001a3   Thumb Code     0  startup_stm32f103xb.o(.text)
    FLASH_IRQHandler                         0x080001a3   Thumb Code     0  startup_stm32f103xb.o(.text)
    I2C1_ER_IRQHandler                       0x080001a3   Thumb Code     0  startup_stm32f103xb.o(.text)
    I2C1_EV_IRQHandler                       0x080001a3   Thumb Code     0  startup_stm32f103xb.o(.text)
    I2C2_ER_IRQHandler                       0x080001a3   Thumb Code     0  startup_stm32f103xb.o(.text)
    I2C2_EV_IRQHandler                       0x080001a3   Thumb Code     0  startup_stm32f103xb.o(.text)
    PVD_IRQHandler                           0x080001a3   Thumb Code     0  startup_stm32f103xb.o(.text)
    RCC_IRQHandler                           0x080001a3   Thumb Code     0  startup_stm32f103xb.o(.text)
    RTC_Alarm_IRQHandler                     0x080001a3   Thumb Code     0  startup_stm32f103xb.o(.text)
    RTC_IRQHandler                           0x080001a3   Thumb Code     0  startup_stm32f103xb.o(.text)
    SPI1_IRQHandler                          0x080001a3   Thumb Code     0  startup_stm32f103xb.o(.text)
    SPI2_IRQHandler                          0x080001a3   Thumb Code     0  startup_stm32f103xb.o(.text)
    TAMPER_IRQHandler                        0x080001a3   Thumb Code     0  startup_stm32f103xb.o(.text)
    TIM1_BRK_IRQHandler                      0x080001a3   Thumb Code     0  startup_stm32f103xb.o(.text)
    TIM1_CC_IRQHandler                       0x080001a3   Thumb Code     0  startup_stm32f103xb.o(.text)
    TIM1_TRG_COM_IRQHandler                  0x080001a3   Thumb Code     0  startup_stm32f103xb.o(.text)
    TIM1_UP_IRQHandler                       0x080001a3   Thumb Code     0  startup_stm32f103xb.o(.text)
    TIM2_IRQHandler                          0x080001a3   Thumb Code     0  startup_stm32f103xb.o(.text)
    TIM3_IRQHandler                          0x080001a3   Thumb Code     0  startup_stm32f103xb.o(.text)
    TIM4_IRQHandler                          0x080001a3   Thumb Code     0  startup_stm32f103xb.o(.text)
    USART2_IRQHandler                        0x080001a3   Thumb Code     0  startup_stm32f103xb.o(.text)
    USART3_IRQHandler                        0x080001a3   Thumb Code     0  startup_stm32f103xb.o(.text)
    USBWakeUp_IRQHandler                     0x080001a3   Thumb Code     0  startup_stm32f103xb.o(.text)
    USB_HP_CAN1_TX_IRQHandler                0x080001a3   Thumb Code     0  startup_stm32f103xb.o(.text)
    WWDG_IRQHandler                          0x080001a3   Thumb Code     0  startup_stm32f103xb.o(.text)
    __user_initial_stackheap                 0x080001a5   Thumb Code     0  startup_stm32f103xb.o(.text)
    __aeabi_llsr                             0x080001c5   Thumb Code     0  llushr.o(.text)
    _ll_ushift_r                             0x080001c5   Thumb Code    38  llushr.o(.text)
    __aeabi_memcpy4                          0x080001eb   Thumb Code     0  rt_memcpy_w.o(.text)
    __aeabi_memcpy8                          0x080001eb   Thumb Code     0  rt_memcpy_w.o(.text)
    __rt_memcpy_w                            0x080001eb   Thumb Code   100  rt_memcpy_w.o(.text)
    _memcpy_lastbytes_aligned                0x08000233   Thumb Code     0  rt_memcpy_w.o(.text)
    __aeabi_memclr4                          0x0800024f   Thumb Code     0  rt_memclr_w.o(.text)
    __aeabi_memclr8                          0x0800024f   Thumb Code     0  rt_memclr_w.o(.text)
    __rt_memclr_w                            0x0800024f   Thumb Code    78  rt_memclr_w.o(.text)
    _memset_w                                0x08000253   Thumb Code     0  rt_memclr_w.o(.text)
    __use_two_region_memory                  0x0800029d   Thumb Code     2  heapauxi.o(.text)
    __rt_heap_escrow$2region                 0x0800029f   Thumb Code     2  heapauxi.o(.text)
    __rt_heap_expand$2region                 0x080002a1   Thumb Code     2  heapauxi.o(.text)
    __user_setup_stackheap                   0x080002a3   Thumb Code    74  sys_stackheap_outer.o(.text)
    exit                                     0x080002ed   Thumb Code    18  exit.o(.text)
    __user_libspace                          0x08000301   Thumb Code     8  libspace.o(.text)
    __user_perproc_libspace                  0x08000301   Thumb Code     0  libspace.o(.text)
    __user_perthread_libspace                0x08000301   Thumb Code     0  libspace.o(.text)
    _sys_exit                                0x08000309   Thumb Code     8  sys_exit.o(.text)
    __I$use$semihosting                      0x08000315   Thumb Code     0  use_no_semi.o(.text)
    __use_no_semihosting_swi                 0x08000315   Thumb Code     2  use_no_semi.o(.text)
    BusFault_Handler                         0x08000317   Thumb Code     4  stm32f1xx_it.o(i.BusFault_Handler)
    __semihosting_library_function           0x08000317   Thumb Code     0  indicate_semi.o(.text)
    DebugMon_Handler                         0x080007fb   Thumb Code     2  stm32f1xx_it.o(i.DebugMon_Handler)
    Error_Handler                            0x080007fd   Thumb Code     2  main.o(i.Error_Handler)
    FLASH_PageErase                          0x0800087d   Thumb Code    32  stm32f1xx_hal_flash_ex.o(i.FLASH_PageErase)
    FLASH_WaitForLastOperation               0x08000949   Thumb Code   106  stm32f1xx_hal_flash.o(i.FLASH_WaitForLastOperation)
    HAL_DMA_Abort_IT                         0x080009ed   Thumb Code   172  stm32f1xx_hal_dma.o(i.HAL_DMA_Abort_IT)
    HAL_Delay                                0x08000a9d   Thumb Code    36  stm32f1xx_hal.o(i.HAL_Delay)
    HAL_FLASHEx_Erase                        0x08000ac5   Thumb Code   426  stm32f1xx_hal_flash_ex.o(i.HAL_FLASHEx_Erase)
    HAL_FLASH_Lock                           0x08000ccd   Thumb Code    16  stm32f1xx_hal_flash.o(i.HAL_FLASH_Lock)
    HAL_FLASH_Program                        0x08000ce1   Thumb Code   296  stm32f1xx_hal_flash.o(i.HAL_FLASH_Program)
    HAL_FLASH_Unlock                         0x08000e61   Thumb Code    36  stm32f1xx_hal_flash.o(i.HAL_FLASH_Unlock)
    HAL_GPIO_Init                            0x08000e91   Thumb Code   900  stm32f1xx_hal_gpio.o(i.HAL_GPIO_Init)
    HAL_GPIO_WritePin                        0x08001289   Thumb Code    60  stm32f1xx_hal_gpio.o(i.HAL_GPIO_WritePin)
    HAL_GetTick                              0x08001301   Thumb Code     6  stm32f1xx_hal.o(i.HAL_GetTick)
    HAL_IncTick                              0x0800130d   Thumb Code    16  stm32f1xx_hal.o(i.HAL_IncTick)
    HAL_Init                                 0x08001325   Thumb Code    34  stm32f1xx_hal.o(i.HAL_Init)
    HAL_InitTick                             0x0800134d   Thumb Code    64  stm32f1xx_hal.o(i.HAL_InitTick)
    HAL_MspInit                              0x08001399   Thumb Code    82  stm32f1xx_hal_msp.o(i.HAL_MspInit)
    HAL_NVIC_EnableIRQ                       0x080013f5   Thumb Code    44  stm32f1xx_hal_cortex.o(i.HAL_NVIC_EnableIRQ)
    HAL_NVIC_SetPriority                     0x0800145d   Thumb Code   152  stm32f1xx_hal_cortex.o(i.HAL_NVIC_SetPriority)
    HAL_NVIC_SetPriorityGrouping             0x08001531   Thumb Code    66  stm32f1xx_hal_cortex.o(i.HAL_NVIC_SetPriorityGrouping)
    HAL_PCDEx_PMAConfig                      0x080015b9   Thumb Code    62  stm32f1xx_hal_pcd_ex.o(i.HAL_PCDEx_PMAConfig)
    HAL_PCDEx_SetConnectionState             0x080015f7   Thumb Code     2  usbd_conf.o(i.HAL_PCDEx_SetConnectionState)
    HAL_PCD_DataInStageCallback              0x080015f9   Thumb Code    28  usbd_conf.o(i.HAL_PCD_DataInStageCallback)
    HAL_PCD_DataOutStageCallback             0x08001615   Thumb Code    28  usbd_conf.o(i.HAL_PCD_DataOutStageCallback)
    HAL_PCD_EP_ClrStall                      0x08001631   Thumb Code    98  stm32f1xx_hal_pcd.o(i.HAL_PCD_EP_ClrStall)
    HAL_PCD_EP_Open                          0x08001693   Thumb Code   118  stm32f1xx_hal_pcd.o(i.HAL_PCD_EP_Open)
    HAL_PCD_EP_Receive                       0x08001709   Thumb Code    74  stm32f1xx_hal_pcd.o(i.HAL_PCD_EP_Receive)
    HAL_PCD_EP_SetStall                      0x08001753   Thumb Code   114  stm32f1xx_hal_pcd.o(i.HAL_PCD_EP_SetStall)
    HAL_PCD_EP_Transmit                      0x080017c5   Thumb Code    76  stm32f1xx_hal_pcd.o(i.HAL_PCD_EP_Transmit)
    HAL_PCD_IRQHandler                       0x08001811   Thumb Code   360  stm32f1xx_hal_pcd.o(i.HAL_PCD_IRQHandler)
    HAL_PCD_Init                             0x08001979   Thumb Code   300  stm32f1xx_hal_pcd.o(i.HAL_PCD_Init)
    HAL_PCD_MspInit                          0x08001ae1   Thumb Code    58  usbd_conf.o(i.HAL_PCD_MspInit)
    HAL_PCD_ResetCallback                    0x08001b25   Thumb Code    36  usbd_conf.o(i.HAL_PCD_ResetCallback)
    HAL_PCD_ResumeCallback                   0x08001b49   Thumb Code    14  usbd_conf.o(i.HAL_PCD_ResumeCallback)
    HAL_PCD_SOFCallback                      0x08001b57   Thumb Code    14  usbd_conf.o(i.HAL_PCD_SOFCallback)
    HAL_PCD_SetAddress                       0x08001b65   Thumb Code    54  stm32f1xx_hal_pcd.o(i.HAL_PCD_SetAddress)
    HAL_PCD_SetupStageCallback               0x08001b9b   Thumb Code    18  usbd_conf.o(i.HAL_PCD_SetupStageCallback)
    HAL_PCD_Start                            0x08001bad   Thumb Code    60  stm32f1xx_hal_pcd.o(i.HAL_PCD_Start)
    HAL_PCD_Stop                             0x08001be9   Thumb Code    58  stm32f1xx_hal_pcd.o(i.HAL_PCD_Stop)
    HAL_PCD_SuspendCallback                  0x08001c25   Thumb Code    30  usbd_conf.o(i.HAL_PCD_SuspendCallback)
    HAL_RCCEx_PeriphCLKConfig                0x08001c49   Thumb Code   432  stm32f1xx_hal_rcc_ex.o(i.HAL_RCCEx_PeriphCLKConfig)
    HAL_RCC_ClockConfig                      0x08001e41   Thumb Code   720  stm32f1xx_hal_rcc.o(i.HAL_RCC_ClockConfig)
    HAL_RCC_GetHCLKFreq                      0x08002159   Thumb Code     6  stm32f1xx_hal_rcc.o(i.HAL_RCC_GetHCLKFreq)
    HAL_RCC_GetPCLK1Freq                     0x08002165   Thumb Code    22  stm32f1xx_hal_rcc.o(i.HAL_RCC_GetPCLK1Freq)
    HAL_RCC_GetPCLK2Freq                     0x08002185   Thumb Code    22  stm32f1xx_hal_rcc.o(i.HAL_RCC_GetPCLK2Freq)
    HAL_RCC_GetSysClockFreq                  0x080021a5   Thumb Code   116  stm32f1xx_hal_rcc.o(i.HAL_RCC_GetSysClockFreq)
    HAL_RCC_OscConfig                        0x08002239   Thumb Code  1542  stm32f1xx_hal_rcc.o(i.HAL_RCC_OscConfig)
    HAL_SPI_Init                             0x08002849   Thumb Code   380  stm32f1xx_hal_spi_ex.o(i.HAL_SPI_Init)
    HAL_SPI_MspInit                          0x08002a09   Thumb Code   120  spi.o(i.HAL_SPI_MspInit)
    HAL_SYSTICK_Config                       0x08002a8d   Thumb Code    52  stm32f1xx_hal_cortex.o(i.HAL_SYSTICK_Config)
    HAL_UART_ErrorCallback                   0x08002ac1   Thumb Code     2  stm32f1xx_hal_uart.o(i.HAL_UART_ErrorCallback)
    HAL_UART_IRQHandler                      0x08002ac5   Thumb Code   326  stm32f1xx_hal_uart.o(i.HAL_UART_IRQHandler)
    HAL_UART_Init                            0x08002c11   Thumb Code   250  stm32f1xx_hal_uart.o(i.HAL_UART_Init)
    HAL_UART_MspInit                         0x08002d55   Thumb Code   138  usart.o(i.HAL_UART_MspInit)
    HAL_UART_RxCpltCallback                  0x08002ded   Thumb Code     2  stm32f1xx_hal_uart.o(i.HAL_UART_RxCpltCallback)
    HAL_UART_TxCpltCallback                  0x08002def   Thumb Code     2  stm32f1xx_hal_uart.o(i.HAL_UART_TxCpltCallback)
    HardFault_Handler                        0x08002df1   Thumb Code     4  stm32f1xx_it.o(i.HardFault_Handler)
    MX_GPIO_Init                             0x08002ef5   Thumb Code   106  gpio.o(i.MX_GPIO_Init)
    MX_SPI1_Init                             0x08002f69   Thumb Code    62  spi.o(i.MX_SPI1_Init)
    MX_USART1_UART_Init                      0x08002fb1   Thumb Code    46  usart.o(i.MX_USART1_UART_Init)
    MX_USB_DEVICE_Init                       0x08002fe9   Thumb Code    60  usb_device.o(i.MX_USB_DEVICE_Init)
    MemManage_Handler                        0x08003035   Thumb Code     4  stm32f1xx_it.o(i.MemManage_Handler)
    NMI_Handler                              0x08003039   Thumb Code     2  stm32f1xx_it.o(i.NMI_Handler)
    PendSV_Handler                           0x080034b9   Thumb Code     2  stm32f1xx_it.o(i.PendSV_Handler)
    SVC_Handler                              0x080034e5   Thumb Code     2  stm32f1xx_it.o(i.SVC_Handler)
    SysTick_Handler                          0x080034e7   Thumb Code     8  stm32f1xx_it.o(i.SysTick_Handler)
    SystemClock_Config                       0x080034ef   Thumb Code   132  main.o(i.SystemClock_Config)
    SystemInit                               0x08003575   Thumb Code    70  system_stm32f1xx.o(i.SystemInit)
    USART1_IRQHandler                        0x0800399d   Thumb Code    10  stm32f1xx_it.o(i.USART1_IRQHandler)
    USBD_ClrClassConfig                      0x080039ad   Thumb Code    22  usbd_core.o(i.USBD_ClrClassConfig)
    USBD_CtlContinueRx                       0x08003a07   Thumb Code    24  usbd_ioreq.o(i.USBD_CtlContinueRx)
    USBD_CtlContinueSendData                 0x08003a1f   Thumb Code    24  usbd_ioreq.o(i.USBD_CtlContinueSendData)
    USBD_CtlError                            0x08003a37   Thumb Code    24  usbd_ctlreq.o(i.USBD_CtlError)
    USBD_CtlPrepareRx                        0x08003a4f   Thumb Code    40  usbd_ioreq.o(i.USBD_CtlPrepareRx)
    USBD_CtlReceiveStatus                    0x08003a77   Thumb Code    26  usbd_ioreq.o(i.USBD_CtlReceiveStatus)
    USBD_CtlSendData                         0x08003a91   Thumb Code    34  usbd_ioreq.o(i.USBD_CtlSendData)
    USBD_CtlSendStatus                       0x08003ab3   Thumb Code    26  usbd_ioreq.o(i.USBD_CtlSendStatus)
    USBD_DFU_RegisterMedia                   0x08003d31   Thumb Code    12  usbd_dfu.o(i.USBD_DFU_RegisterMedia)
    USBD_FS_ConfigStrDescriptor              0x08003e45   Thumb Code    34  usbd_desc.o(i.USBD_FS_ConfigStrDescriptor)
    USBD_FS_DeviceDescriptor                 0x08003e79   Thumb Code    10  usbd_desc.o(i.USBD_FS_DeviceDescriptor)
    USBD_FS_InterfaceStrDescriptor           0x08003e89   Thumb Code    34  usbd_desc.o(i.USBD_FS_InterfaceStrDescriptor)
    USBD_FS_LangIDStrDescriptor              0x08003ec1   Thumb Code    10  usbd_desc.o(i.USBD_FS_LangIDStrDescriptor)
    USBD_FS_ManufacturerStrDescriptor        0x08003ed1   Thumb Code    20  usbd_desc.o(i.USBD_FS_ManufacturerStrDescriptor)
    USBD_FS_ProductStrDescriptor             0x08003efd   Thumb Code    34  usbd_desc.o(i.USBD_FS_ProductStrDescriptor)
    USBD_FS_SerialStrDescriptor              0x08003f45   Thumb Code    18  usbd_desc.o(i.USBD_FS_SerialStrDescriptor)
    USBD_GetString                           0x08004155   Thumb Code    82  usbd_ctlreq.o(i.USBD_GetString)
    USBD_Init                                0x080041d3   Thumb Code    50  usbd_core.o(i.USBD_Init)
    USBD_LL_ClearStallEP                     0x08004205   Thumb Code    38  usbd_conf.o(i.USBD_LL_ClearStallEP)
    USBD_LL_DataInStage                      0x0800422b   Thumb Code   218  usbd_core.o(i.USBD_LL_DataInStage)
    USBD_LL_DataOutStage                     0x08004305   Thumb Code   134  usbd_core.o(i.USBD_LL_DataOutStage)
    USBD_LL_Init                             0x0800438d   Thumb Code    80  usbd_conf.o(i.USBD_LL_Init)
    USBD_LL_IsStallEP                        0x080043e5   Thumb Code    48  usbd_conf.o(i.USBD_LL_IsStallEP)
    USBD_LL_OpenEP                           0x08004415   Thumb Code    48  usbd_conf.o(i.USBD_LL_OpenEP)
    USBD_LL_PrepareReceive                   0x08004445   Thumb Code    48  usbd_conf.o(i.USBD_LL_PrepareReceive)
    USBD_LL_Reset                            0x08004475   Thumb Code    68  usbd_core.o(i.USBD_LL_Reset)
    USBD_LL_Resume                           0x080044b9   Thumb Code    14  usbd_core.o(i.USBD_LL_Resume)
    USBD_LL_SOF                              0x080044c7   Thumb Code    34  usbd_core.o(i.USBD_LL_SOF)
    USBD_LL_SetSpeed                         0x080044e9   Thumb Code     8  usbd_core.o(i.USBD_LL_SetSpeed)
    USBD_LL_SetUSBAddress                    0x080044f1   Thumb Code    38  usbd_conf.o(i.USBD_LL_SetUSBAddress)
    USBD_LL_SetupStage                       0x08004517   Thumb Code   110  usbd_core.o(i.USBD_LL_SetupStage)
    USBD_LL_StallEP                          0x08004585   Thumb Code    38  usbd_conf.o(i.USBD_LL_StallEP)
    USBD_LL_Start                            0x080045ab   Thumb Code    30  usbd_conf.o(i.USBD_LL_Start)
    USBD_LL_Stop                             0x080045c9   Thumb Code    30  usbd_conf.o(i.USBD_LL_Stop)
    USBD_LL_Suspend                          0x080045e7   Thumb Code    20  usbd_core.o(i.USBD_LL_Suspend)
    USBD_LL_Transmit                         0x080045fb   Thumb Code    48  usbd_conf.o(i.USBD_LL_Transmit)
    USBD_ParseSetupRequest                   0x0800462b   Thumb Code    40  usbd_ctlreq.o(i.USBD_ParseSetupRequest)
    USBD_RegisterClass                       0x08004653   Thumb Code    16  usbd_core.o(i.USBD_RegisterClass)
    USBD_RunTestMode                         0x08004663   Thumb Code     6  usbd_core.o(i.USBD_RunTestMode)
    USBD_SetClassConfig                      0x080046bd   Thumb Code    34  usbd_core.o(i.USBD_SetClassConfig)
    USBD_Start                               0x080047e5   Thumb Code    14  usbd_core.o(i.USBD_Start)
    USBD_StdDevReq                           0x080047f3   Thumb Code   114  usbd_ctlreq.o(i.USBD_StdDevReq)
    USBD_StdEPReq                            0x08004865   Thumb Code   342  usbd_ctlreq.o(i.USBD_StdEPReq)
    USBD_StdItfReq                           0x080049bb   Thumb Code    74  usbd_ctlreq.o(i.USBD_StdItfReq)
    USBD_Stop                                0x08004a05   Thumb Code    26  usbd_core.o(i.USBD_Stop)
    USBD_static_free                         0x08004a1f   Thumb Code     2  usbd_conf.o(i.USBD_static_free)
    USBD_static_malloc                       0x08004a21   Thumb Code     6  usbd_conf.o(i.USBD_static_malloc)
    USB_ActivateEndpoint                     0x08004a2d   Thumb Code   938  stm32f1xx_ll_usb.o(i.USB_ActivateEndpoint)
    USB_CoreInit                             0x08004dd7   Thumb Code     8  stm32f1xx_ll_usb.o(i.USB_CoreInit)
    USB_DevConnect                           0x08004ddf   Thumb Code     6  stm32f1xx_ll_usb.o(i.USB_DevConnect)
    USB_DevDisconnect                        0x08004de5   Thumb Code     6  stm32f1xx_ll_usb.o(i.USB_DevDisconnect)
    USB_DevInit                              0x08004deb   Thumb Code    30  stm32f1xx_ll_usb.o(i.USB_DevInit)
    USB_DisableGlobalInt                     0x08004e09   Thumb Code    22  stm32f1xx_ll_usb.o(i.USB_DisableGlobalInt)
    USB_EP0_OutStart                         0x08004e1f   Thumb Code     6  stm32f1xx_ll_usb.o(i.USB_EP0_OutStart)
    USB_EPClearStall                         0x08004e25   Thumb Code   180  stm32f1xx_ll_usb.o(i.USB_EPClearStall)
    USB_EPSetStall                           0x08004ed9   Thumb Code   134  stm32f1xx_ll_usb.o(i.USB_EPSetStall)
    USB_EPStartXfer                          0x08004f5f   Thumb Code   818  stm32f1xx_ll_usb.o(i.USB_EPStartXfer)
    USB_EnableGlobalInt                      0x08005291   Thumb Code    22  stm32f1xx_ll_usb.o(i.USB_EnableGlobalInt)
    USB_LP_CAN1_RX0_IRQHandler               0x080052a9   Thumb Code    10  stm32f1xx_it.o(i.USB_LP_CAN1_RX0_IRQHandler)
    USB_ReadInterrupts                       0x080052b9   Thumb Code    10  stm32f1xx_ll_usb.o(i.USB_ReadInterrupts)
    USB_ReadPMA                              0x080052c3   Thumb Code    40  stm32f1xx_ll_usb.o(i.USB_ReadPMA)
    USB_SetCurrentMode                       0x080052eb   Thumb Code     6  stm32f1xx_ll_usb.o(i.USB_SetCurrentMode)
    USB_SetDevAddress                        0x080052f1   Thumb Code    14  stm32f1xx_ll_usb.o(i.USB_SetDevAddress)
    USB_StopDevice                           0x080052ff   Thumb Code    22  stm32f1xx_ll_usb.o(i.USB_StopDevice)
    USB_WritePMA                             0x08005315   Thumb Code    66  stm32f1xx_ll_usb.o(i.USB_WritePMA)
    UsageFault_Handler                       0x08005357   Thumb Code     4  stm32f1xx_it.o(i.UsageFault_Handler)
    assert_failed                            0x0800535b   Thumb Code     2  main.o(i.assert_failed)
    main                                     0x0800535d   Thumb Code    28  main.o(i.main)
    AHBPrescTable                            0x08005378   Data          16  system_stm32f1xx.o(.constdata)
    APBPrescTable                            0x08005388   Data           8  system_stm32f1xx.o(.constdata)
    Region$$Table$$Base                      0x080053f0   Number         0  anon$$obj.o(Region$$Table)
    Region$$Table$$Limit                     0x08005410   Number         0  anon$$obj.o(Region$$Table)
    FS_Desc                                  0x20000000   Data          28  usbd_desc.o(.data)
    USBD_FS_DeviceDesc                       0x2000001c   Data          18  usbd_desc.o(.data)
    USBD_LangIDDesc                          0x20000030   Data           4  usbd_desc.o(.data)
    USBD_StringSerial                        0x20000034   Data          26  usbd_desc.o(.data)
    USBD_DFU_fops_FS                         0x20000050   Data          28  usbd_dfu_if.o(.data)
    uwTick                                   0x2000006c   Data           4  stm32f1xx_hal.o(.data)
    uwTickPrio                               0x20000070   Data           4  stm32f1xx_hal.o(.data)
    uwTickFreq                               0x20000074   Data           1  stm32f1xx_hal.o(.data)
    SystemCoreClock                          0x20000078   Data           4  system_stm32f1xx.o(.data)
    USBD_DFU                                 0x20000080   Data          60  usbd_dfu.o(.data)
    hspi1                                    0x200000e4   Data          88  spi.o(.bss)
    huart1                                   0x2000013c   Data          64  usart.o(.bss)
    hUsbDeviceFS                             0x2000017c   Data         548  usb_device.o(.bss)
    USBD_StrDesc                             0x200003a0   Data         512  usbd_desc.o(.bss)
    hpcd_USB_FS                              0x200005a0   Data        1120  usbd_conf.o(.bss)
    pFlash                                   0x20000e20   Data          32  stm32f1xx_hal_flash.o(.bss)
    __libspace_start                         0x20000f40   Data          96  libspace.o(.bss)
    __temporary_stack_top$libspace           0x20000fa0   Data           0  libspace.o(.bss)



==============================================================================

Memory Map of the image

  Image Entry point : 0x080000ed

  Load Region LR_IROM1 (Base: 0x08000000, Size: 0x000054f4, Max: 0x00008000, ABSOLUTE)

    Execution Region ER_IROM1 (Exec base: 0x08000000, Load base: 0x08000000, Size: 0x00005410, Max: 0x00008000, ABSOLUTE)

    Exec Addr    Load Addr    Size         Type   Attr      Idx    E Section Name        Object

    0x08000000   0x08000000   0x000000ec   Data   RO            3    RESET               startup_stm32f103xb.o
    0x080000ec   0x080000ec   0x00000008   Code   RO         3372  * !!!main             c_w.l(__main.o)
    0x080000f4   0x080000f4   0x00000034   Code   RO         3529    !!!scatter          c_w.l(__scatter.o)
    0x08000128   0x08000128   0x0000001a   Code   RO         3531    !!handler_copy      c_w.l(__scatter_copy.o)
    0x08000142   0x08000142   0x00000002   PAD
    0x08000144   0x08000144   0x0000001c   Code   RO         3533    !!handler_zi        c_w.l(__scatter_zi.o)
    0x08000160   0x08000160   0x00000002   Code   RO         3399    .ARM.Collect$$libinit$$00000000  c_w.l(libinit.o)
    0x08000162   0x08000162   0x00000000   Code   RO         3406    .ARM.Collect$$libinit$$00000002  c_w.l(libinit2.o)
    0x08000162   0x08000162   0x00000000   Code   RO         3408    .ARM.Collect$$libinit$$00000004  c_w.l(libinit2.o)
    0x08000162   0x08000162   0x00000000   Code   RO         3411    .ARM.Collect$$libinit$$0000000A  c_w.l(libinit2.o)
    0x08000162   0x08000162   0x00000000   Code   RO         3413    .ARM.Collect$$libinit$$0000000C  c_w.l(libinit2.o)
    0x08000162   0x08000162   0x00000000   Code   RO         3415    .ARM.Collect$$libinit$$0000000E  c_w.l(libinit2.o)
    0x08000162   0x08000162   0x00000000   Code   RO         3418    .ARM.Collect$$libinit$$00000011  c_w.l(libinit2.o)
    0x08000162   0x08000162   0x00000000   Code   RO         3420    .ARM.Collect$$libinit$$00000013  c_w.l(libinit2.o)
    0x08000162   0x08000162   0x00000000   Code   RO         3422    .ARM.Collect$$libinit$$00000015  c_w.l(libinit2.o)
    0x08000162   0x08000162   0x00000000   Code   RO         3424    .ARM.Collect$$libinit$$00000017  c_w.l(libinit2.o)
    0x08000162   0x08000162   0x00000000   Code   RO         3426    .ARM.Collect$$libinit$$00000019  c_w.l(libinit2.o)
    0x08000162   0x08000162   0x00000000   Code   RO         3428    .ARM.Collect$$libinit$$0000001B  c_w.l(libinit2.o)
    0x08000162   0x08000162   0x00000000   Code   RO         3430    .ARM.Collect$$libinit$$0000001D  c_w.l(libinit2.o)
    0x08000162   0x08000162   0x00000000   Code   RO         3432    .ARM.Collect$$libinit$$0000001F  c_w.l(libinit2.o)
    0x08000162   0x08000162   0x00000000   Code   RO         3434    .ARM.Collect$$libinit$$00000021  c_w.l(libinit2.o)
    0x08000162   0x08000162   0x00000000   Code   RO         3436    .ARM.Collect$$libinit$$00000023  c_w.l(libinit2.o)
    0x08000162   0x08000162   0x00000000   Code   RO         3438    .ARM.Collect$$libinit$$00000025  c_w.l(libinit2.o)
    0x08000162   0x08000162   0x00000000   Code   RO         3442    .ARM.Collect$$libinit$$0000002C  c_w.l(libinit2.o)
    0x08000162   0x08000162   0x00000000   Code   RO         3444    .ARM.Collect$$libinit$$0000002E  c_w.l(libinit2.o)
    0x08000162   0x08000162   0x00000000   Code   RO         3446    .ARM.Collect$$libinit$$00000030  c_w.l(libinit2.o)
    0x08000162   0x08000162   0x00000000   Code   RO         3448    .ARM.Collect$$libinit$$00000032  c_w.l(libinit2.o)
    0x08000162   0x08000162   0x00000002   Code   RO         3449    .ARM.Collect$$libinit$$00000033  c_w.l(libinit2.o)
    0x08000164   0x08000164   0x00000002   Code   RO         3469    .ARM.Collect$$libshutdown$$00000000  c_w.l(libshutdown.o)
    0x08000166   0x08000166   0x00000000   Code   RO         3482    .ARM.Collect$$libshutdown$$00000002  c_w.l(libshutdown2.o)
    0x08000166   0x08000166   0x00000000   Code   RO         3484    .ARM.Collect$$libshutdown$$00000004  c_w.l(libshutdown2.o)
    0x08000166   0x08000166   0x00000000   Code   RO         3487    .ARM.Collect$$libshutdown$$00000007  c_w.l(libshutdown2.o)
    0x08000166   0x08000166   0x00000000   Code   RO         3490    .ARM.Collect$$libshutdown$$0000000A  c_w.l(libshutdown2.o)
    0x08000166   0x08000166   0x00000000   Code   RO         3492    .ARM.Collect$$libshutdown$$0000000C  c_w.l(libshutdown2.o)
    0x08000166   0x08000166   0x00000000   Code   RO         3495    .ARM.Collect$$libshutdown$$0000000F  c_w.l(libshutdown2.o)
    0x08000166   0x08000166   0x00000002   Code   RO         3496    .ARM.Collect$$libshutdown$$00000010  c_w.l(libshutdown2.o)
    0x08000168   0x08000168   0x00000000   Code   RO         3374    .ARM.Collect$$rtentry$$00000000  c_w.l(__rtentry.o)
    0x08000168   0x08000168   0x00000000   Code   RO         3376    .ARM.Collect$$rtentry$$00000002  c_w.l(__rtentry2.o)
    0x08000168   0x08000168   0x00000006   Code   RO         3388    .ARM.Collect$$rtentry$$00000004  c_w.l(__rtentry4.o)
    0x0800016e   0x0800016e   0x00000000   Code   RO         3378    .ARM.Collect$$rtentry$$00000009  c_w.l(__rtentry2.o)
    0x0800016e   0x0800016e   0x00000004   Code   RO         3379    .ARM.Collect$$rtentry$$0000000A  c_w.l(__rtentry2.o)
    0x08000172   0x08000172   0x00000000   Code   RO         3381    .ARM.Collect$$rtentry$$0000000C  c_w.l(__rtentry2.o)
    0x08000172   0x08000172   0x00000008   Code   RO         3382    .ARM.Collect$$rtentry$$0000000D  c_w.l(__rtentry2.o)
    0x0800017a   0x0800017a   0x00000002   Code   RO         3403    .ARM.Collect$$rtexit$$00000000  c_w.l(rtexit.o)
    0x0800017c   0x0800017c   0x00000000   Code   RO         3451    .ARM.Collect$$rtexit$$00000002  c_w.l(rtexit2.o)
    0x0800017c   0x0800017c   0x00000004   Code   RO         3452    .ARM.Collect$$rtexit$$00000003  c_w.l(rtexit2.o)
    0x08000180   0x08000180   0x00000006   Code   RO         3453    .ARM.Collect$$rtexit$$00000004  c_w.l(rtexit2.o)
    0x08000186   0x08000186   0x00000002   PAD
    0x08000188   0x08000188   0x0000003c   Code   RO            4    .text               startup_stm32f103xb.o
    0x080001c4   0x080001c4   0x00000026   Code   RO         3364    .text               c_w.l(llushr.o)
    0x080001ea   0x080001ea   0x00000064   Code   RO         3366    .text               c_w.l(rt_memcpy_w.o)
    0x0800024e   0x0800024e   0x0000004e   Code   RO         3368    .text               c_w.l(rt_memclr_w.o)
    0x0800029c   0x0800029c   0x00000006   Code   RO         3370    .text               c_w.l(heapauxi.o)
    0x080002a2   0x080002a2   0x0000004a   Code   RO         3390    .text               c_w.l(sys_stackheap_outer.o)
    0x080002ec   0x080002ec   0x00000012   Code   RO         3392    .text               c_w.l(exit.o)
    0x080002fe   0x080002fe   0x00000002   PAD
    0x08000300   0x08000300   0x00000008   Code   RO         3400    .text               c_w.l(libspace.o)
    0x08000308   0x08000308   0x0000000c   Code   RO         3461    .text               c_w.l(sys_exit.o)
    0x08000314   0x08000314   0x00000002   Code   RO         3472    .text               c_w.l(use_no_semi.o)
    0x08000316   0x08000316   0x00000000   Code   RO         3474    .text               c_w.l(indicate_semi.o)
    0x08000316   0x08000316   0x00000004   Code   RO          281    i.BusFault_Handler  stm32f1xx_it.o
    0x0800031a   0x0800031a   0x00000064   Code   RO         3225    i.DFU_Abort         usbd_dfu.o
    0x0800037e   0x0800037e   0x00000066   Code   RO         3226    i.DFU_ClearStatus   usbd_dfu.o
    0x080003e4   0x080003e4   0x0000008c   Code   RO         3227    i.DFU_Detach        usbd_dfu.o
    0x08000470   0x08000470   0x00000096   Code   RO         3228    i.DFU_Download      usbd_dfu.o
    0x08000506   0x08000506   0x00000016   Code   RO         3229    i.DFU_GetState      usbd_dfu.o
    0x0800051c   0x0800051c   0x00000100   Code   RO         3230    i.DFU_GetStatus     usbd_dfu.o
    0x0800061c   0x0800061c   0x000000ac   Code   RO         3231    i.DFU_Leave         usbd_dfu.o
    0x080006c8   0x080006c8   0x00000132   Code   RO         3232    i.DFU_Upload        usbd_dfu.o
    0x080007fa   0x080007fa   0x00000002   Code   RO          282    i.DebugMon_Handler  stm32f1xx_it.o
    0x080007fc   0x080007fc   0x00000002   Code   RO           13    i.Error_Handler     main.o
    0x080007fe   0x080007fe   0x00000002   PAD
    0x08000800   0x08000800   0x0000007c   Code   RO         2789    i.FLASH_MassErase   stm32f1xx_hal_flash_ex.o
    0x0800087c   0x0800087c   0x00000028   Code   RO         2798    i.FLASH_PageErase   stm32f1xx_hal_flash_ex.o
    0x080008a4   0x080008a4   0x00000020   Code   RO         2686    i.FLASH_Program_HalfWord  stm32f1xx_hal_flash.o
    0x080008c4   0x080008c4   0x00000084   Code   RO         2687    i.FLASH_SetErrorCode  stm32f1xx_hal_flash.o
    0x08000948   0x08000948   0x00000070   Code   RO         2688    i.FLASH_WaitForLastOperation  stm32f1xx_hal_flash.o
    0x080009b8   0x080009b8   0x00000034   Code   RO          441    i.Get_SerialNum     usbd_desc.o
    0x080009ec   0x080009ec   0x000000b0   Code   RO         2346    i.HAL_DMA_Abort_IT  stm32f1xx_hal_dma.o
    0x08000a9c   0x08000a9c   0x00000028   Code   RO         1980    i.HAL_Delay         stm32f1xx_hal.o
    0x08000ac4   0x08000ac4   0x00000208   Code   RO         2799    i.HAL_FLASHEx_Erase  stm32f1xx_hal_flash_ex.o
    0x08000ccc   0x08000ccc   0x00000014   Code   RO         2692    i.HAL_FLASH_Lock    stm32f1xx_hal_flash.o
    0x08000ce0   0x08000ce0   0x00000180   Code   RO         2697    i.HAL_FLASH_Program  stm32f1xx_hal_flash.o
    0x08000e60   0x08000e60   0x00000030   Code   RO         2699    i.HAL_FLASH_Unlock  stm32f1xx_hal_flash.o
    0x08000e90   0x08000e90   0x000003f8   Code   RO         2281    i.HAL_GPIO_Init     stm32f1xx_hal_gpio.o
    0x08001288   0x08001288   0x00000078   Code   RO         2285    i.HAL_GPIO_WritePin  stm32f1xx_hal_gpio.o
    0x08001300   0x08001300   0x0000000c   Code   RO         1984    i.HAL_GetTick       stm32f1xx_hal.o
    0x0800130c   0x0800130c   0x00000018   Code   RO         1988    i.HAL_IncTick       stm32f1xx_hal.o
    0x08001324   0x08001324   0x00000028   Code   RO         1989    i.HAL_Init          stm32f1xx_hal.o
    0x0800134c   0x0800134c   0x0000004c   Code   RO         1990    i.HAL_InitTick      stm32f1xx_hal.o
    0x08001398   0x08001398   0x0000005c   Code   RO          369    i.HAL_MspInit       stm32f1xx_hal_msp.o
    0x080013f4   0x080013f4   0x00000068   Code   RO         2441    i.HAL_NVIC_EnableIRQ  stm32f1xx_hal_cortex.o
    0x0800145c   0x0800145c   0x000000d4   Code   RO         2447    i.HAL_NVIC_SetPriority  stm32f1xx_hal_cortex.o
    0x08001530   0x08001530   0x00000088   Code   RO         2448    i.HAL_NVIC_SetPriorityGrouping  stm32f1xx_hal_cortex.o
    0x080015b8   0x080015b8   0x0000003e   Code   RO         1037    i.HAL_PCDEx_PMAConfig  stm32f1xx_hal_pcd_ex.o
    0x080015f6   0x080015f6   0x00000002   Code   RO          574    i.HAL_PCDEx_SetConnectionState  usbd_conf.o
    0x080015f8   0x080015f8   0x0000001c   Code   RO          576    i.HAL_PCD_DataInStageCallback  usbd_conf.o
    0x08001614   0x08001614   0x0000001c   Code   RO          577    i.HAL_PCD_DataOutStageCallback  usbd_conf.o
    0x08001630   0x08001630   0x00000062   Code   RO          832    i.HAL_PCD_EP_ClrStall  stm32f1xx_hal_pcd.o
    0x08001692   0x08001692   0x00000076   Code   RO          835    i.HAL_PCD_EP_Open   stm32f1xx_hal_pcd.o
    0x08001708   0x08001708   0x0000004a   Code   RO          836    i.HAL_PCD_EP_Receive  stm32f1xx_hal_pcd.o
    0x08001752   0x08001752   0x00000072   Code   RO          837    i.HAL_PCD_EP_SetStall  stm32f1xx_hal_pcd.o
    0x080017c4   0x080017c4   0x0000004c   Code   RO          838    i.HAL_PCD_EP_Transmit  stm32f1xx_hal_pcd.o
    0x08001810   0x08001810   0x00000168   Code   RO          840    i.HAL_PCD_IRQHandler  stm32f1xx_hal_pcd.o
    0x08001978   0x08001978   0x00000168   Code   RO          843    i.HAL_PCD_Init      stm32f1xx_hal_pcd.o
    0x08001ae0   0x08001ae0   0x00000044   Code   RO          582    i.HAL_PCD_MspInit   usbd_conf.o
    0x08001b24   0x08001b24   0x00000024   Code   RO          583    i.HAL_PCD_ResetCallback  usbd_conf.o
    0x08001b48   0x08001b48   0x0000000e   Code   RO          584    i.HAL_PCD_ResumeCallback  usbd_conf.o
    0x08001b56   0x08001b56   0x0000000e   Code   RO          585    i.HAL_PCD_SOFCallback  usbd_conf.o
    0x08001b64   0x08001b64   0x00000036   Code   RO          849    i.HAL_PCD_SetAddress  stm32f1xx_hal_pcd.o
    0x08001b9a   0x08001b9a   0x00000012   Code   RO          586    i.HAL_PCD_SetupStageCallback  usbd_conf.o
    0x08001bac   0x08001bac   0x0000003c   Code   RO          851    i.HAL_PCD_Start     stm32f1xx_hal_pcd.o
    0x08001be8   0x08001be8   0x0000003a   Code   RO          852    i.HAL_PCD_Stop      stm32f1xx_hal_pcd.o
    0x08001c22   0x08001c22   0x00000002   PAD
    0x08001c24   0x08001c24   0x00000024   Code   RO          587    i.HAL_PCD_SuspendCallback  usbd_conf.o
    0x08001c48   0x08001c48   0x000001f8   Code   RO         2244    i.HAL_RCCEx_PeriphCLKConfig  stm32f1xx_hal_rcc_ex.o
    0x08001e40   0x08001e40   0x00000318   Code   RO         2136    i.HAL_RCC_ClockConfig  stm32f1xx_hal_rcc.o
    0x08002158   0x08002158   0x0000000c   Code   RO         2141    i.HAL_RCC_GetHCLKFreq  stm32f1xx_hal_rcc.o
    0x08002164   0x08002164   0x00000020   Code   RO         2143    i.HAL_RCC_GetPCLK1Freq  stm32f1xx_hal_rcc.o
    0x08002184   0x08002184   0x00000020   Code   RO         2144    i.HAL_RCC_GetPCLK2Freq  stm32f1xx_hal_rcc.o
    0x080021a4   0x080021a4   0x00000094   Code   RO         2145    i.HAL_RCC_GetSysClockFreq  stm32f1xx_hal_rcc.o
    0x08002238   0x08002238   0x00000610   Code   RO         2148    i.HAL_RCC_OscConfig  stm32f1xx_hal_rcc.o
    0x08002848   0x08002848   0x000001c0   Code   RO         1582    i.HAL_SPI_Init      stm32f1xx_hal_spi_ex.o
    0x08002a08   0x08002a08   0x00000084   Code   RO          198    i.HAL_SPI_MspInit   spi.o
    0x08002a8c   0x08002a8c   0x00000034   Code   RO         2452    i.HAL_SYSTICK_Config  stm32f1xx_hal_cortex.o
    0x08002ac0   0x08002ac0   0x00000002   Code   RO         1663    i.HAL_UART_ErrorCallback  stm32f1xx_hal_uart.o
    0x08002ac2   0x08002ac2   0x00000002   PAD
    0x08002ac4   0x08002ac4   0x0000014c   Code   RO         1666    i.HAL_UART_IRQHandler  stm32f1xx_hal_uart.o
    0x08002c10   0x08002c10   0x00000144   Code   RO         1667    i.HAL_UART_Init     stm32f1xx_hal_uart.o
    0x08002d54   0x08002d54   0x00000098   Code   RO          240    i.HAL_UART_MspInit  usart.o
    0x08002dec   0x08002dec   0x00000002   Code   RO         1673    i.HAL_UART_RxCpltCallback  stm32f1xx_hal_uart.o
    0x08002dee   0x08002dee   0x00000002   Code   RO         1678    i.HAL_UART_TxCpltCallback  stm32f1xx_hal_uart.o
    0x08002df0   0x08002df0   0x00000004   Code   RO          283    i.HardFault_Handler  stm32f1xx_it.o
    0x08002df4   0x08002df4   0x0000003e   Code   RO          442    i.IntToUnicode      usbd_desc.o
    0x08002e32   0x08002e32   0x0000000a   Code   RO          518    i.MEM_If_DeInit_FS  usbd_dfu_if.o
    0x08002e3c   0x08002e3c   0x0000002a   Code   RO          519    i.MEM_If_Erase_FS   usbd_dfu_if.o
    0x08002e66   0x08002e66   0x00000028   Code   RO          520    i.MEM_If_GetStatus_FS  usbd_dfu_if.o
    0x08002e8e   0x08002e8e   0x0000000a   Code   RO          521    i.MEM_If_Init_FS    usbd_dfu_if.o
    0x08002e98   0x08002e98   0x0000001e   Code   RO          522    i.MEM_If_Read_FS    usbd_dfu_if.o
    0x08002eb6   0x08002eb6   0x0000003c   Code   RO          523    i.MEM_If_Write_FS   usbd_dfu_if.o
    0x08002ef2   0x08002ef2   0x00000002   PAD
    0x08002ef4   0x08002ef4   0x00000074   Code   RO          173    i.MX_GPIO_Init      gpio.o
    0x08002f68   0x08002f68   0x00000048   Code   RO          199    i.MX_SPI1_Init      spi.o
    0x08002fb0   0x08002fb0   0x00000038   Code   RO          241    i.MX_USART1_UART_Init  usart.o
    0x08002fe8   0x08002fe8   0x0000004c   Code   RO          393    i.MX_USB_DEVICE_Init  usb_device.o
    0x08003034   0x08003034   0x00000004   Code   RO          284    i.MemManage_Handler  stm32f1xx_it.o
    0x08003038   0x08003038   0x00000002   Code   RO          285    i.NMI_Handler       stm32f1xx_it.o
    0x0800303a   0x0800303a   0x00000002   PAD
    0x0800303c   0x0800303c   0x00000010   Code   RO         2454    i.NVIC_GetPriorityGrouping  stm32f1xx_hal_cortex.o
    0x0800304c   0x0800304c   0x00000028   Code   RO         2455    i.NVIC_SetPriority  stm32f1xx_hal_cortex.o
    0x08003074   0x08003074   0x00000444   Code   RO          854    i.PCD_EP_ISR_Handler  stm32f1xx_hal_pcd.o
    0x080034b8   0x080034b8   0x00000002   Code   RO          286    i.PendSV_Handler    stm32f1xx_it.o
    0x080034ba   0x080034ba   0x00000002   PAD
    0x080034bc   0x080034bc   0x00000028   Code   RO         2149    i.RCC_Delay         stm32f1xx_hal_rcc.o
    0x080034e4   0x080034e4   0x00000002   Code   RO          287    i.SVC_Handler       stm32f1xx_it.o
    0x080034e6   0x080034e6   0x00000008   Code   RO          288    i.SysTick_Handler   stm32f1xx_it.o
    0x080034ee   0x080034ee   0x00000084   Code   RO           14    i.SystemClock_Config  main.o
    0x08003572   0x08003572   0x00000002   PAD
    0x08003574   0x08003574   0x00000058   Code   RO         2896    i.SystemInit        system_stm32f1xx.o
    0x080035cc   0x080035cc   0x00000014   Code   RO         1680    i.UART_DMAAbortOnError  stm32f1xx_hal_uart.o
    0x080035e0   0x080035e0   0x00000020   Code   RO         1690    i.UART_EndRxTransfer  stm32f1xx_hal_uart.o
    0x08003600   0x08003600   0x00000020   Code   RO         1691    i.UART_EndTransmit_IT  stm32f1xx_hal_uart.o
    0x08003620   0x08003620   0x000000a6   Code   RO         1693    i.UART_Receive_IT   stm32f1xx_hal_uart.o
    0x080036c6   0x080036c6   0x00000002   PAD
    0x080036c8   0x080036c8   0x0000026c   Code   RO         1694    i.UART_SetConfig    stm32f1xx_hal_uart.o
    0x08003934   0x08003934   0x00000068   Code   RO         1695    i.UART_Transmit_IT  stm32f1xx_hal_uart.o
    0x0800399c   0x0800399c   0x00000010   Code   RO          289    i.USART1_IRQHandler  stm32f1xx_it.o
    0x080039ac   0x080039ac   0x00000016   Code   RO         2932    i.USBD_ClrClassConfig  usbd_core.o
    0x080039c2   0x080039c2   0x00000044   Code   RO         3070    i.USBD_ClrFeature   usbd_ctlreq.o
    0x08003a06   0x08003a06   0x00000018   Code   RO         3165    i.USBD_CtlContinueRx  usbd_ioreq.o
    0x08003a1e   0x08003a1e   0x00000018   Code   RO         3166    i.USBD_CtlContinueSendData  usbd_ioreq.o
    0x08003a36   0x08003a36   0x00000018   Code   RO         3071    i.USBD_CtlError     usbd_ctlreq.o
    0x08003a4e   0x08003a4e   0x00000028   Code   RO         3167    i.USBD_CtlPrepareRx  usbd_ioreq.o
    0x08003a76   0x08003a76   0x0000001a   Code   RO         3168    i.USBD_CtlReceiveStatus  usbd_ioreq.o
    0x08003a90   0x08003a90   0x00000022   Code   RO         3169    i.USBD_CtlSendData  usbd_ioreq.o
    0x08003ab2   0x08003ab2   0x0000001a   Code   RO         3170    i.USBD_CtlSendStatus  usbd_ioreq.o
    0x08003acc   0x08003acc   0x00000006   Code   RO         3233    i.USBD_DFU_DataIn   usbd_dfu.o
    0x08003ad2   0x08003ad2   0x00000006   Code   RO         3234    i.USBD_DFU_DataOut  usbd_dfu.o
    0x08003ad8   0x08003ad8   0x00000048   Code   RO         3235    i.USBD_DFU_DeInit   usbd_dfu.o
    0x08003b20   0x08003b20   0x00000006   Code   RO         3236    i.USBD_DFU_EP0_RxReady  usbd_dfu.o
    0x08003b26   0x08003b26   0x00000140   Code   RO         3237    i.USBD_DFU_EP0_TxReady  usbd_dfu.o
    0x08003c66   0x08003c66   0x00000002   PAD
    0x08003c68   0x08003c68   0x00000010   Code   RO         3238    i.USBD_DFU_GetCfgDesc  usbd_dfu.o
    0x08003c78   0x08003c78   0x00000010   Code   RO         3239    i.USBD_DFU_GetDeviceQualifierDesc  usbd_dfu.o
    0x08003c88   0x08003c88   0x00000028   Code   RO         3240    i.USBD_DFU_GetUsrStringDesc  usbd_dfu.o
    0x08003cb0   0x08003cb0   0x00000074   Code   RO         3241    i.USBD_DFU_Init     usbd_dfu.o
    0x08003d24   0x08003d24   0x00000006   Code   RO         3242    i.USBD_DFU_IsoINIncomplete  usbd_dfu.o
    0x08003d2a   0x08003d2a   0x00000006   Code   RO         3243    i.USBD_DFU_IsoOutIncomplete  usbd_dfu.o
    0x08003d30   0x08003d30   0x0000000c   Code   RO         3244    i.USBD_DFU_RegisterMedia  usbd_dfu.o
    0x08003d3c   0x08003d3c   0x00000006   Code   RO         3245    i.USBD_DFU_SOF      usbd_dfu.o
    0x08003d42   0x08003d42   0x00000002   PAD
    0x08003d44   0x08003d44   0x00000100   Code   RO         3246    i.USBD_DFU_Setup    usbd_dfu.o
    0x08003e44   0x08003e44   0x00000034   Code   RO          443    i.USBD_FS_ConfigStrDescriptor  usbd_desc.o
    0x08003e78   0x08003e78   0x00000010   Code   RO          444    i.USBD_FS_DeviceDescriptor  usbd_desc.o
    0x08003e88   0x08003e88   0x00000038   Code   RO          445    i.USBD_FS_InterfaceStrDescriptor  usbd_desc.o
    0x08003ec0   0x08003ec0   0x00000010   Code   RO          446    i.USBD_FS_LangIDStrDescriptor  usbd_desc.o
    0x08003ed0   0x08003ed0   0x0000002c   Code   RO          447    i.USBD_FS_ManufacturerStrDescriptor  usbd_desc.o
    0x08003efc   0x08003efc   0x00000048   Code   RO          448    i.USBD_FS_ProductStrDescriptor  usbd_desc.o
    0x08003f44   0x08003f44   0x00000018   Code   RO          449    i.USBD_FS_SerialStrDescriptor  usbd_desc.o
    0x08003f5c   0x08003f5c   0x00000050   Code   RO         3072    i.USBD_GetConfig    usbd_ctlreq.o
    0x08003fac   0x08003fac   0x00000150   Code   RO         3073    i.USBD_GetDescriptor  usbd_ctlreq.o
    0x080040fc   0x080040fc   0x00000014   Code   RO         3074    i.USBD_GetLen       usbd_ctlreq.o
    0x08004110   0x08004110   0x00000044   Code   RO         3075    i.USBD_GetStatus    usbd_ctlreq.o
    0x08004154   0x08004154   0x00000052   Code   RO         3076    i.USBD_GetString    usbd_ctlreq.o
    0x080041a6   0x080041a6   0x0000002c   Code   RO          588    i.USBD_Get_USB_Status  usbd_conf.o
    0x080041d2   0x080041d2   0x00000032   Code   RO         2934    i.USBD_Init         usbd_core.o
    0x08004204   0x08004204   0x00000026   Code   RO          589    i.USBD_LL_ClearStallEP  usbd_conf.o
    0x0800422a   0x0800422a   0x000000da   Code   RO         2935    i.USBD_LL_DataInStage  usbd_core.o
    0x08004304   0x08004304   0x00000086   Code   RO         2936    i.USBD_LL_DataOutStage  usbd_core.o
    0x0800438a   0x0800438a   0x00000002   PAD
    0x0800438c   0x0800438c   0x00000058   Code   RO          595    i.USBD_LL_Init      usbd_conf.o
    0x080043e4   0x080043e4   0x00000030   Code   RO          596    i.USBD_LL_IsStallEP  usbd_conf.o
    0x08004414   0x08004414   0x00000030   Code   RO          597    i.USBD_LL_OpenEP    usbd_conf.o
    0x08004444   0x08004444   0x00000030   Code   RO          598    i.USBD_LL_PrepareReceive  usbd_conf.o
    0x08004474   0x08004474   0x00000044   Code   RO         2941    i.USBD_LL_Reset     usbd_core.o
    0x080044b8   0x080044b8   0x0000000e   Code   RO         2942    i.USBD_LL_Resume    usbd_core.o
    0x080044c6   0x080044c6   0x00000022   Code   RO         2943    i.USBD_LL_SOF       usbd_core.o
    0x080044e8   0x080044e8   0x00000008   Code   RO         2944    i.USBD_LL_SetSpeed  usbd_core.o
    0x080044f0   0x080044f0   0x00000026   Code   RO          599    i.USBD_LL_SetUSBAddress  usbd_conf.o
    0x08004516   0x08004516   0x0000006e   Code   RO         2945    i.USBD_LL_SetupStage  usbd_core.o
    0x08004584   0x08004584   0x00000026   Code   RO          600    i.USBD_LL_StallEP   usbd_conf.o
    0x080045aa   0x080045aa   0x0000001e   Code   RO          601    i.USBD_LL_Start     usbd_conf.o
    0x080045c8   0x080045c8   0x0000001e   Code   RO          602    i.USBD_LL_Stop      usbd_conf.o
    0x080045e6   0x080045e6   0x00000014   Code   RO         2946    i.USBD_LL_Suspend   usbd_core.o
    0x080045fa   0x080045fa   0x00000030   Code   RO          603    i.USBD_LL_Transmit  usbd_conf.o
    0x0800462a   0x0800462a   0x00000028   Code   RO         3077    i.USBD_ParseSetupRequest  usbd_ctlreq.o
    0x08004652   0x08004652   0x00000010   Code   RO         2947    i.USBD_RegisterClass  usbd_core.o
    0x08004662   0x08004662   0x00000006   Code   RO         2948    i.USBD_RunTestMode  usbd_core.o
    0x08004668   0x08004668   0x00000054   Code   RO         3078    i.USBD_SetAddress   usbd_ctlreq.o
    0x080046bc   0x080046bc   0x00000022   Code   RO         2949    i.USBD_SetClassConfig  usbd_core.o
    0x080046de   0x080046de   0x00000002   PAD
    0x080046e0   0x080046e0   0x000000e0   Code   RO         3079    i.USBD_SetConfig    usbd_ctlreq.o
    0x080047c0   0x080047c0   0x00000024   Code   RO         3080    i.USBD_SetFeature   usbd_ctlreq.o
    0x080047e4   0x080047e4   0x0000000e   Code   RO         2950    i.USBD_Start        usbd_core.o
    0x080047f2   0x080047f2   0x00000072   Code   RO         3081    i.USBD_StdDevReq    usbd_ctlreq.o
    0x08004864   0x08004864   0x00000156   Code   RO         3082    i.USBD_StdEPReq     usbd_ctlreq.o
    0x080049ba   0x080049ba   0x0000004a   Code   RO         3083    i.USBD_StdItfReq    usbd_ctlreq.o
    0x08004a04   0x08004a04   0x0000001a   Code   RO         2951    i.USBD_Stop         usbd_core.o
    0x08004a1e   0x08004a1e   0x00000002   Code   RO          604    i.USBD_static_free  usbd_conf.o
    0x08004a20   0x08004a20   0x0000000c   Code   RO          605    i.USBD_static_malloc  usbd_conf.o
    0x08004a2c   0x08004a2c   0x000003aa   Code   RO         1067    i.USB_ActivateEndpoint  stm32f1xx_ll_usb.o
    0x08004dd6   0x08004dd6   0x00000008   Code   RO         1070    i.USB_CoreInit      stm32f1xx_ll_usb.o
    0x08004dde   0x08004dde   0x00000006   Code   RO         1073    i.USB_DevConnect    stm32f1xx_ll_usb.o
    0x08004de4   0x08004de4   0x00000006   Code   RO         1074    i.USB_DevDisconnect  stm32f1xx_ll_usb.o
    0x08004dea   0x08004dea   0x0000001e   Code   RO         1075    i.USB_DevInit       stm32f1xx_ll_usb.o
    0x08004e08   0x08004e08   0x00000016   Code   RO         1076    i.USB_DisableGlobalInt  stm32f1xx_ll_usb.o
    0x08004e1e   0x08004e1e   0x00000006   Code   RO         1077    i.USB_EP0_OutStart  stm32f1xx_ll_usb.o
    0x08004e24   0x08004e24   0x000000b4   Code   RO         1078    i.USB_EPClearStall  stm32f1xx_ll_usb.o
    0x08004ed8   0x08004ed8   0x00000086   Code   RO         1079    i.USB_EPSetStall    stm32f1xx_ll_usb.o
    0x08004f5e   0x08004f5e   0x00000332   Code   RO         1080    i.USB_EPStartXfer   stm32f1xx_ll_usb.o
    0x08005290   0x08005290   0x00000016   Code   RO         1081    i.USB_EnableGlobalInt  stm32f1xx_ll_usb.o
    0x080052a6   0x080052a6   0x00000002   PAD
    0x080052a8   0x080052a8   0x00000010   Code   RO          290    i.USB_LP_CAN1_RX0_IRQHandler  stm32f1xx_it.o
    0x080052b8   0x080052b8   0x0000000a   Code   RO         1088    i.USB_ReadInterrupts  stm32f1xx_ll_usb.o
    0x080052c2   0x080052c2   0x00000028   Code   RO         1089    i.USB_ReadPMA       stm32f1xx_ll_usb.o
    0x080052ea   0x080052ea   0x00000006   Code   RO         1091    i.USB_SetCurrentMode  stm32f1xx_ll_usb.o
    0x080052f0   0x080052f0   0x0000000e   Code   RO         1092    i.USB_SetDevAddress  stm32f1xx_ll_usb.o
    0x080052fe   0x080052fe   0x00000016   Code   RO         1093    i.USB_StopDevice    stm32f1xx_ll_usb.o
    0x08005314   0x08005314   0x00000042   Code   RO         1094    i.USB_WritePMA      stm32f1xx_ll_usb.o
    0x08005356   0x08005356   0x00000004   Code   RO          291    i.UsageFault_Handler  stm32f1xx_it.o
    0x0800535a   0x0800535a   0x00000002   Code   RO           15    i.assert_failed     main.o
    0x0800535c   0x0800535c   0x0000001c   Code   RO           16    i.main              main.o
    0x08005378   0x08005378   0x00000018   Data   RO         2897    .constdata          system_stm32f1xx.o
    0x08005390   0x08005390   0x0000005d   Data   RO          524    .conststring        usbd_dfu_if.o
    0x080053ed   0x080053ed   0x00000003   PAD
    0x080053f0   0x080053f0   0x00000020   Data   RO         3527    Region$$Table       anon$$obj.o


    Execution Region RW_IRAM1 (Exec base: 0x20000000, Load base: 0x08005410, Size: 0x000013a0, Max: 0x00005000, ABSOLUTE)

    Exec Addr    Load Addr    Size         Type   Attr      Idx    E Section Name        Object

    0x20000000   0x08005410   0x0000004e   Data   RW          451    .data               usbd_desc.o
    0x2000004e   0x0800545e   0x00000002   PAD
    0x20000050   0x08005460   0x0000001c   Data   RW          525    .data               usbd_dfu_if.o
    0x2000006c   0x0800547c   0x00000009   Data   RW         1996    .data               stm32f1xx_hal.o
    0x20000075   0x08005485   0x00000003   PAD
    0x20000078   0x08005488   0x00000004   Data   RW         2898    .data               system_stm32f1xx.o
    0x2000007c   0x0800548c   0x00000001   Data   RW         3084    .data               usbd_ctlreq.o
    0x2000007d   0x0800548d   0x00000003   PAD
    0x20000080   0x08005490   0x00000062   Data   RW         3248    .data               usbd_dfu.o
    0x200000e2   0x080054f2   0x00000002   PAD
    0x200000e4        -       0x00000058   Zero   RW          200    .bss                spi.o
    0x2000013c        -       0x00000040   Zero   RW          242    .bss                usart.o
    0x2000017c        -       0x00000224   Zero   RW          394    .bss                usb_device.o
    0x200003a0        -       0x00000200   Zero   RW          450    .bss                usbd_desc.o
    0x200005a0        -       0x0000087c   Zero   RW          606    .bss                usbd_conf.o
    0x20000e1c   0x080054f2   0x00000004   PAD
    0x20000e20        -       0x00000020   Zero   RW         2700    .bss                stm32f1xx_hal_flash.o
    0x20000e40        -       0x000000ff   Zero   RW         3247    .bss                usbd_dfu.o
    0x20000f3f   0x080054f2   0x00000001   PAD
    0x20000f40        -       0x00000060   Zero   RW         3401    .bss                c_w.l(libspace.o)
    0x20000fa0        -       0x00000000   Zero   RW            2    HEAP                startup_stm32f103xb.o
    0x20000fa0        -       0x00000400   Zero   RW            1    STACK               startup_stm32f103xb.o


==============================================================================

Image component sizes


      Code (inc. data)   RO Data    RW Data    ZI Data      Debug   Object Name

       116         10          0          0          0        831   gpio.o
       164          0          0          0          0     434184   main.o
       204         22          0          0         88       1573   spi.o
        60         22        236          0       1024        796   startup_stm32f103xb.o
       192         36          0          9          0       5761   stm32f1xx_hal.o
       560        204          0          0          0      26239   stm32f1xx_hal_cortex.o
       176          4          0          0          0       1059   stm32f1xx_hal_dma.o
       728        128          0          0         32       4098   stm32f1xx_hal_flash.o
       684        176          0          0          0       2599   stm32f1xx_hal_flash_ex.o
      1136        176          0          0          0       2908   stm32f1xx_hal_gpio.o
        92         10          0          0          0        866   stm32f1xx_hal_msp.o
      2464         60          0          0          0       9053   stm32f1xx_hal_pcd.o
        62          0          0          0          0       1142   stm32f1xx_hal_pcd_ex.o
      2608        216          0          0          0       6160   stm32f1xx_hal_rcc.o
       504         72          0          0          0       1428   stm32f1xx_hal_rcc_ex.o
       448         68          0          0          0       1167   stm32f1xx_hal_spi_ex.o
      1636        148          0          0          0       7303   stm32f1xx_hal_uart.o
        64         12          0          0          0       4679   stm32f1xx_it.o
      2328          0          0          0          0      12715   stm32f1xx_ll_usb.o
        88         18         24          4          0       1135   system_stm32f1xx.o
       208         24          0          0         64       1590   usart.o
        76         16          0          0        548       3199   usb_device.o
       756         30          0          0       2172      13762   usbd_conf.o
       774          0          0          0          0      10111   usbd_core.o
      1592         30          0          1          0      10208   usbd_ctlreq.o
       394        130          0         78        512       6421   usbd_desc.o
      2132         62          0         98        255      40099   usbd_dfu.o
       192          0         93         28          0       4166   usbd_dfu_if.o
       174          0          0          0          0       4416   usbd_ioreq.o

    ----------------------------------------------------------------------
     20638       1674        388        228       4700     619668   Object Totals
         0          0         32          0          0          0   (incl. Generated)
        26          0          3         10          5          0   (incl. Padding)

    ----------------------------------------------------------------------

      Code (inc. data)   RO Data    RW Data    ZI Data      Debug   Library Member Name

         8          0          0          0          0         68   __main.o
         0          0          0          0          0          0   __rtentry.o
        12          0          0          0          0          0   __rtentry2.o
         6          0          0          0          0          0   __rtentry4.o
        52          8          0          0          0          0   __scatter.o
        26          0          0          0          0          0   __scatter_copy.o
        28          0          0          0          0          0   __scatter_zi.o
        18          0          0          0          0         80   exit.o
         6          0          0          0          0        152   heapauxi.o
         0          0          0          0          0          0   indicate_semi.o
         2          0          0          0          0          0   libinit.o
         2          0          0          0          0          0   libinit2.o
         2          0          0          0          0          0   libshutdown.o
         2          0          0          0          0          0   libshutdown2.o
         8          4          0          0         96         68   libspace.o
        38          0          0          0          0         68   llushr.o
        78          0          0          0          0         80   rt_memclr_w.o
       100          0          0          0          0         80   rt_memcpy_w.o
         2          0          0          0          0          0   rtexit.o
        10          0          0          0          0          0   rtexit2.o
        12          4          0          0          0         68   sys_exit.o
        74          0          0          0          0         80   sys_stackheap_outer.o
         2          0          0          0          0         68   use_no_semi.o

    ----------------------------------------------------------------------
       494         16          0          0         96        812   Library Totals
         6          0          0          0          0          0   (incl. Padding)

    ----------------------------------------------------------------------

      Code (inc. data)   RO Data    RW Data    ZI Data      Debug   Library Name

       488         16          0          0         96        812   c_w.l

    ----------------------------------------------------------------------
       494         16          0          0         96        812   Library Totals

    ----------------------------------------------------------------------

==============================================================================


      Code (inc. data)   RO Data    RW Data    ZI Data      Debug   

     21132       1690        388        228       4796     610596   Grand Totals
     21132       1690        388        228       4796     610596   ELF Image Totals
     21132       1690        388        228          0          0   ROM Totals

==============================================================================

    Total RO  Size (Code + RO Data)                21520 (  21.02kB)
    Total RW  Size (RW Data + ZI Data)              5024 (   4.91kB)
    Total ROM Size (Code + RO Data + RW Data)      21748 (  21.24kB)

==============================================================================

