Component: ARM Compiler 6.12 Tool: armlink [5d624300]

==============================================================================

Section Cross References

    startup_stm32f103xb.o(RESET) refers to startup_stm32f103xb.o(STACK) for __initial_sp
    startup_stm32f103xb.o(RESET) refers to startup_stm32f103xb.o(.text) for Reset_Handler
    startup_stm32f103xb.o(RESET) refers to stm32f1xx_it.o(.text.NMI_Handler) for NMI_Handler
    startup_stm32f103xb.o(RESET) refers to stm32f1xx_it.o(.text.HardFault_Handler) for HardFault_Handler
    startup_stm32f103xb.o(RESET) refers to stm32f1xx_it.o(.text.MemManage_Handler) for MemManage_Handler
    startup_stm32f103xb.o(RESET) refers to stm32f1xx_it.o(.text.BusFault_Handler) for BusFault_Handler
    startup_stm32f103xb.o(RESET) refers to stm32f1xx_it.o(.text.UsageFault_Handler) for UsageFault_Handler
    startup_stm32f103xb.o(RESET) refers to stm32f1xx_it.o(.text.SVC_Handler) for SVC_Handler
    startup_stm32f103xb.o(RESET) refers to stm32f1xx_it.o(.text.DebugMon_Handler) for DebugMon_Handler
    startup_stm32f103xb.o(RESET) refers to stm32f1xx_it.o(.text.PendSV_Handler) for PendSV_Handler
    startup_stm32f103xb.o(RESET) refers to stm32f1xx_it.o(.text.SysTick_Handler) for SysTick_Handler
    startup_stm32f103xb.o(RESET) refers to stm32f1xx_it.o(.text.USB_LP_CAN1_RX0_IRQHandler) for USB_LP_CAN1_RX0_IRQHandler
    startup_stm32f103xb.o(RESET) refers to stm32f1xx_it.o(.text.USART1_IRQHandler) for USART1_IRQHandler
    startup_stm32f103xb.o(.text) refers to system_stm32f1xx.o(.text.SystemInit) for SystemInit
    startup_stm32f103xb.o(.text) refers to entry.o(.ARM.Collect$$$$00000000) for __main
    main.o(.text.main) refers to stm32f1xx_hal.o(.text.HAL_Init) for HAL_Init
    main.o(.text.main) refers to main.o(.text.SystemClock_Config) for SystemClock_Config
    main.o(.text.main) refers to gpio.o(.text.MX_GPIO_Init) for MX_GPIO_Init
    main.o(.text.main) refers to usb_device.o(.text.MX_USB_DEVICE_Init) for MX_USB_DEVICE_Init
    main.o(.text.main) refers to usart.o(.text.MX_USART1_UART_Init) for MX_USART1_UART_Init
    main.o(.text.main) refers to usbd_hid.o(.text.USBD_HID_SendReport) for USBD_HID_SendReport
    main.o(.text.main) refers to stm32f1xx_hal.o(.text.HAL_Delay) for HAL_Delay
    main.o(.text.main) refers to usb_device.o(.bss.hUsbDeviceFS) for hUsbDeviceFS
    main.o(.ARM.exidx.text.main) refers to main.o(.text.main) for [Anonymous Symbol]
    main.o(.text.SystemClock_Config) refers to stm32f1xx_hal_rcc.o(.text.HAL_RCC_OscConfig) for HAL_RCC_OscConfig
    main.o(.text.SystemClock_Config) refers to stm32f1xx_hal_rcc.o(.text.HAL_RCC_ClockConfig) for HAL_RCC_ClockConfig
    main.o(.text.SystemClock_Config) refers to stm32f1xx_hal_rcc_ex.o(.text.HAL_RCCEx_PeriphCLKConfig) for HAL_RCCEx_PeriphCLKConfig
    main.o(.ARM.exidx.text.SystemClock_Config) refers to main.o(.text.SystemClock_Config) for [Anonymous Symbol]
    main.o(.ARM.exidx.text.Error_Handler) refers to main.o(.text.Error_Handler) for [Anonymous Symbol]
    main.o(.ARM.exidx.text.assert_failed) refers to main.o(.text.assert_failed) for [Anonymous Symbol]
    gpio.o(.text.MX_GPIO_Init) refers to stm32f1xx_hal_gpio.o(.text.HAL_GPIO_Init) for HAL_GPIO_Init
    gpio.o(.ARM.exidx.text.MX_GPIO_Init) refers to gpio.o(.text.MX_GPIO_Init) for [Anonymous Symbol]
    usart.o(.text.MX_USART1_UART_Init) refers to stm32f1xx_hal_uart.o(.text.HAL_UART_Init) for HAL_UART_Init
    usart.o(.text.MX_USART1_UART_Init) refers to main.o(.text.Error_Handler) for Error_Handler
    usart.o(.text.MX_USART1_UART_Init) refers to usart.o(.bss.huart1) for huart1
    usart.o(.ARM.exidx.text.MX_USART1_UART_Init) refers to usart.o(.text.MX_USART1_UART_Init) for [Anonymous Symbol]
    usart.o(.text.HAL_UART_MspInit) refers to stm32f1xx_hal_gpio.o(.text.HAL_GPIO_Init) for HAL_GPIO_Init
    usart.o(.text.HAL_UART_MspInit) refers to stm32f1xx_hal_cortex.o(.text.HAL_NVIC_SetPriority) for HAL_NVIC_SetPriority
    usart.o(.text.HAL_UART_MspInit) refers to stm32f1xx_hal_cortex.o(.text.HAL_NVIC_EnableIRQ) for HAL_NVIC_EnableIRQ
    usart.o(.ARM.exidx.text.HAL_UART_MspInit) refers to usart.o(.text.HAL_UART_MspInit) for [Anonymous Symbol]
    usart.o(.text.HAL_UART_MspDeInit) refers to stm32f1xx_hal_gpio.o(.text.HAL_GPIO_DeInit) for HAL_GPIO_DeInit
    usart.o(.text.HAL_UART_MspDeInit) refers to stm32f1xx_hal_cortex.o(.text.HAL_NVIC_DisableIRQ) for HAL_NVIC_DisableIRQ
    usart.o(.ARM.exidx.text.HAL_UART_MspDeInit) refers to usart.o(.text.HAL_UART_MspDeInit) for [Anonymous Symbol]
    stm32f1xx_it.o(.ARM.exidx.text.NMI_Handler) refers to stm32f1xx_it.o(.text.NMI_Handler) for [Anonymous Symbol]
    stm32f1xx_it.o(.ARM.exidx.text.HardFault_Handler) refers to stm32f1xx_it.o(.text.HardFault_Handler) for [Anonymous Symbol]
    stm32f1xx_it.o(.ARM.exidx.text.MemManage_Handler) refers to stm32f1xx_it.o(.text.MemManage_Handler) for [Anonymous Symbol]
[...]
    Removing stm32f1xx_hal_exti.o(.ARM.exidx.text.HAL_EXTI_IRQHandler), (8 bytes).
    Removing stm32f1xx_hal_exti.o(.text.HAL_EXTI_GetPending), (112 bytes).
    Removing stm32f1xx_hal_exti.o(.ARM.exidx.text.HAL_EXTI_GetPending), (8 bytes).
    Removing stm32f1xx_hal_exti.o(.text.HAL_EXTI_ClearPending), (108 bytes).
    Removing stm32f1xx_hal_exti.o(.ARM.exidx.text.HAL_EXTI_ClearPending), (8 bytes).
    Removing stm32f1xx_hal_exti.o(.text.HAL_EXTI_GenerateSWI), (92 bytes).
    Removing stm32f1xx_hal_exti.o(.ARM.exidx.text.HAL_EXTI_GenerateSWI), (8 bytes).
    Removing stm32f1xx_hal_exti.o(.rodata.str1.1), (57 bytes).
    Removing system_stm32f1xx.o(.text), (0 bytes).
    Removing system_stm32f1xx.o(.ARM.exidx.text.SystemInit), (8 bytes).
    Removing system_stm32f1xx.o(.text.SystemCoreClockUpdate), (84 bytes).
    Removing system_stm32f1xx.o(.ARM.exidx.text.SystemCoreClockUpdate), (8 bytes).
    Removing usbd_core.o(.text), (0 bytes).
    Removing usbd_core.o(.ARM.exidx.text.USBD_Init), (8 bytes).
    Removing usbd_core.o(.text.USBD_DeInit), (38 bytes).
    Removing usbd_core.o(.ARM.exidx.text.USBD_DeInit), (8 bytes).
    Removing usbd_core.o(.ARM.exidx.text.USBD_RegisterClass), (8 bytes).
    Removing usbd_core.o(.ARM.exidx.text.USBD_Start), (8 bytes).
    Removing usbd_core.o(.text.USBD_Stop), (26 bytes).
    Removing usbd_core.o(.ARM.exidx.text.USBD_Stop), (8 bytes).
    Removing usbd_core.o(.text.USBD_RunTestMode), (4 bytes).
    Removing usbd_core.o(.ARM.exidx.text.USBD_RunTestMode), (8 bytes).
    Removing usbd_core.o(.ARM.exidx.text.USBD_SetClassConfig), (8 bytes).
    Removing usbd_core.o(.ARM.exidx.text.USBD_ClrClassConfig), (8 bytes).
    Removing usbd_core.o(.ARM.exidx.text.USBD_LL_SetupStage), (8 bytes).
    Removing usbd_core.o(.ARM.exidx.text.USBD_LL_DataOutStage), (8 bytes).
    Removing usbd_core.o(.ARM.exidx.text.USBD_LL_DataInStage), (8 bytes).
    Removing usbd_core.o(.ARM.exidx.text.USBD_LL_Reset), (8 bytes).
    Removing usbd_core.o(.ARM.exidx.text.USBD_LL_SetSpeed), (8 bytes).
    Removing usbd_core.o(.ARM.exidx.text.USBD_LL_Suspend), (8 bytes).
    Removing usbd_core.o(.ARM.exidx.text.USBD_LL_Resume), (8 bytes).
    Removing usbd_core.o(.ARM.exidx.text.USBD_LL_SOF), (8 bytes).
    Removing usbd_core.o(.text.USBD_LL_IsoINIncomplete), (4 bytes).
    Removing usbd_core.o(.ARM.exidx.text.USBD_LL_IsoINIncomplete), (8 bytes).
    Removing usbd_core.o(.text.USBD_LL_IsoOUTIncomplete), (4 bytes).
    Removing usbd_core.o(.ARM.exidx.text.USBD_LL_IsoOUTIncomplete), (8 bytes).
    Removing usbd_core.o(.text.USBD_LL_DevConnected), (4 bytes).
    Removing usbd_core.o(.ARM.exidx.text.USBD_LL_DevConnected), (8 bytes).
    Removing usbd_core.o(.text.USBD_LL_DevDisconnected), (22 bytes).
    Removing usbd_core.o(.ARM.exidx.text.USBD_LL_DevDisconnected), (8 bytes).
    Removing usbd_ctlreq.o(.text), (0 bytes).
    Removing usbd_ctlreq.o(.ARM.exidx.text.USBD_StdDevReq), (8 bytes).
    Removing usbd_ctlreq.o(.ARM.exidx.text.USBD_CtlError), (8 bytes).
    Removing usbd_ctlreq.o(.ARM.exidx.text.USBD_StdItfReq), (8 bytes).
    Removing usbd_ctlreq.o(.ARM.exidx.text.USBD_StdEPReq), (8 bytes).
    Removing usbd_ctlreq.o(.ARM.exidx.text.USBD_ParseSetupRequest), (8 bytes).
    Removing usbd_ctlreq.o(.ARM.exidx.text.USBD_GetString), (8 bytes).
    Removing usbd_ioreq.o(.text), (0 bytes).
    Removing usbd_ioreq.o(.ARM.exidx.text.USBD_CtlSendData), (8 bytes).
    Removing usbd_ioreq.o(.ARM.exidx.text.USBD_CtlContinueSendData), (8 bytes).
    Removing usbd_ioreq.o(.text.USBD_CtlPrepareRx), (26 bytes).
    Removing usbd_ioreq.o(.ARM.exidx.text.USBD_CtlPrepareRx), (8 bytes).
    Removing usbd_ioreq.o(.ARM.exidx.text.USBD_CtlContinueRx), (8 bytes).
    Removing usbd_ioreq.o(.ARM.exidx.text.USBD_CtlSendStatus), (8 bytes).
    Removing usbd_ioreq.o(.ARM.exidx.text.USBD_CtlReceiveStatus), (8 bytes).
    Removing usbd_ioreq.o(.text.USBD_GetRxCount), (4 bytes).
    Removing usbd_ioreq.o(.ARM.exidx.text.USBD_GetRxCount), (8 bytes).
    Removing usbd_hid.o(.text), (0 bytes).
    Removing usbd_hid.o(.ARM.exidx.text.USBD_HID_Init), (8 bytes).
    Removing usbd_hid.o(.ARM.exidx.text.USBD_HID_DeInit), (8 bytes).
    Removing usbd_hid.o(.ARM.exidx.text.USBD_HID_Setup), (8 bytes).
    Removing usbd_hid.o(.ARM.exidx.text.USBD_HID_DataIn), (8 bytes).
    Removing usbd_hid.o(.ARM.exidx.text.USBD_HID_GetHSCfgDesc), (8 bytes).
    Removing usbd_hid.o(.ARM.exidx.text.USBD_HID_GetFSCfgDesc), (8 bytes).
    Removing usbd_hid.o(.ARM.exidx.text.USBD_HID_GetOtherSpeedCfgDesc), (8 bytes).
    Removing usbd_hid.o(.ARM.exidx.text.USBD_HID_GetDeviceQualifierDesc), (8 bytes).
    Removing usbd_hid.o(.ARM.exidx.text.USBD_HID_SendReport), (8 bytes).
    Removing usbd_hid.o(.text.USBD_HID_GetPollingInterval), (12 bytes).
    Removing usbd_hid.o(.ARM.exidx.text.USBD_HID_GetPollingInterval), (8 bytes).

610 unused section(s) (total 16308 bytes) removed from the image.

==============================================================================

Image Symbol Table

    Local Symbols

    Symbol Name                              Value     Ov Type        Size  Object(Section)

    ../clib/../cmprslib/zerorunl2.c          0x00000000   Number         0  __dczerorl2.o ABSOLUTE
    ../clib/microlib/init/entry.s            0x00000000   Number         0  entry.o ABSOLUTE
    ../clib/microlib/init/entry.s            0x00000000   Number         0  entry2.o ABSOLUTE
    ../clib/microlib/init/entry.s            0x00000000   Number         0  entry5.o ABSOLUTE
    ../clib/microlib/init/entry.s            0x00000000   Number         0  entry7a.o ABSOLUTE
    ../clib/microlib/init/entry.s            0x00000000   Number         0  entry7b.o ABSOLUTE
    ../clib/microlib/init/entry.s            0x00000000   Number         0  entry8a.o ABSOLUTE
    ../clib/microlib/init/entry.s            0x00000000   Number         0  entry8b.o ABSOLUTE
    ../clib/microlib/init/entry.s            0x00000000   Number         0  entry9a.o ABSOLUTE
    ../clib/microlib/init/entry.s            0x00000000   Number         0  entry9b.o ABSOLUTE
    ../clib/microlib/init/entry.s            0x00000000   Number         0  entry10a.o ABSOLUTE
    ../clib/microlib/init/entry.s            0x00000000   Number         0  entry10b.o ABSOLUTE
    ../clib/microlib/init/entry.s            0x00000000   Number         0  entry11a.o ABSOLUTE
    ../clib/microlib/init/entry.s            0x00000000   Number         0  entry11b.o ABSOLUTE
    ../clib/microlib/longlong.c              0x00000000   Number         0  llushr.o ABSOLUTE
    dc.s                                     0x00000000   Number         0  dc.o ABSOLUTE
    gpio.c                                   0x00000000   Number         0  gpio.o ABSOLUTE
    handlers.s                               0x00000000   Number         0  handlers.o ABSOLUTE
    init.s                                   0x00000000   Number         0  init.o ABSOLUTE
    main.c                                   0x00000000   Number         0  main.o ABSOLUTE
    startup_stm32f103xb.s                    0x00000000   Number         0  startup_stm32f103xb.o ABSOLUTE
    stm32f1xx_hal.c                          0x00000000   Number         0  stm32f1xx_hal.o ABSOLUTE
    stm32f1xx_hal_cortex.c                   0x00000000   Number         0  stm32f1xx_hal_cortex.o ABSOLUTE
    stm32f1xx_hal_dma.c                      0x00000000   Number         0  stm32f1xx_hal_dma.o ABSOLUTE
    stm32f1xx_hal_exti.c                     0x00000000   Number         0  stm32f1xx_hal_exti.o ABSOLUTE
    stm32f1xx_hal_flash.c                    0x00000000   Number         0  stm32f1xx_hal_flash.o ABSOLUTE
    stm32f1xx_hal_flash_ex.c                 0x00000000   Number         0  stm32f1xx_hal_flash_ex.o ABSOLUTE
    stm32f1xx_hal_gpio.c                     0x00000000   Number         0  stm32f1xx_hal_gpio.o ABSOLUTE
    stm32f1xx_hal_gpio_ex.c                  0x00000000   Number         0  stm32f1xx_hal_gpio_ex.o ABSOLUTE
    stm32f1xx_hal_msp.c                      0x00000000   Number         0  stm32f1xx_hal_msp.o ABSOLUTE
    stm32f1xx_hal_pcd.c                      0x00000000   Number         0  stm32f1xx_hal_pcd.o ABSOLUTE
    stm32f1xx_hal_pcd_ex.c                   0x00000000   Number         0  stm32f1xx_hal_pcd_ex.o ABSOLUTE
    stm32f1xx_hal_pwr.c                      0x00000000   Number         0  stm32f1xx_hal_pwr.o ABSOLUTE
    stm32f1xx_hal_rcc.c                      0x00000000   Number         0  stm32f1xx_hal_rcc.o ABSOLUTE
    stm32f1xx_hal_rcc_ex.c                   0x00000000   Number         0  stm32f1xx_hal_rcc_ex.o ABSOLUTE
    stm32f1xx_hal_tim.c                      0x00000000   Number         0  stm32f1xx_hal_tim.o ABSOLUTE
    stm32f1xx_hal_tim_ex.c                   0x00000000   Number         0  stm32f1xx_hal_tim_ex.o ABSOLUTE
    stm32f1xx_hal_uart.c                     0x00000000   Number         0  stm32f1xx_hal_uart.o ABSOLUTE
    stm32f1xx_it.c                           0x00000000   Number         0  stm32f1xx_it.o ABSOLUTE
    stm32f1xx_ll_usb.c                       0x00000000   Number         0  stm32f1xx_ll_usb.o ABSOLUTE
    system_stm32f1xx.c                       0x00000000   Number         0  system_stm32f1xx.o ABSOLUTE
    usart.c                                  0x00000000   Number         0  usart.o ABSOLUTE
    usb_device.c                             0x00000000   Number         0  usb_device.o ABSOLUTE
    usbd_conf.c                              0x00000000   Number         0  usbd_conf.o ABSOLUTE
    usbd_core.c                              0x00000000   Number         0  usbd_core.o ABSOLUTE
    usbd_ctlreq.c                            0x00000000   Number         0  usbd_ctlreq.o ABSOLUTE
    usbd_desc.c                              0x00000000   Number         0  usbd_desc.o ABSOLUTE
    usbd_hid.c                               0x00000000   Number         0  usbd_hid.o ABSOLUTE
    usbd_ioreq.c                             0x00000000   Number         0  usbd_ioreq.o ABSOLUTE
    RESET                                    0x08000000   Section      236  startup_stm32f103xb.o(RESET)
    .ARM.Collect$$$$00000000                 0x080000ec   Section        0  entry.o(.ARM.Collect$$$$00000000)
    .ARM.Collect$$$$00000001                 0x080000ec   Section        4  entry2.o(.ARM.Collect$$$$00000001)
    .ARM.Collect$$$$00000004                 0x080000f0   Section        4  entry5.o(.ARM.Collect$$$$00000004)
    .ARM.Collect$$$$00000008                 0x080000f4   Section        0  entry7b.o(.ARM.Collect$$$$00000008)
    .ARM.Collect$$$$0000000A                 0x080000f4   Section        0  entry8b.o(.ARM.Collect$$$$0000000A)
    .ARM.Collect$$$$0000000B                 0x080000f4   Section        8  entry9a.o(.ARM.Collect$$$$0000000B)
    __lit__00000000                          0x080000fc   Data           4  entry2.o(.ARM.Collect$$$$00002712)
    .ARM.Collect$$$$0000000D                 0x080000fc   Section        0  entry10a.o(.ARM.Collect$$$$0000000D)
    .ARM.Collect$$$$0000000F                 0x080000fc   Section        0  entry11a.o(.ARM.Collect$$$$0000000F)
    .ARM.Collect$$$$00002712                 0x080000fc   Section        4  entry2.o(.ARM.Collect$$$$00002712)
    .text                                    0x08000100   Section       36  startup_stm32f103xb.o(.text)
    .text                                    0x08000124   Section       36  init.o(.text)
    .text                                    0x08000148   Section        0  __dczerorl2.o(.text)
    [Anonymous Symbol]                       0x0800019e   Section        0  stm32f1xx_it.o(.text.BusFault_Handler)
    [Anonymous Symbol]                       0x080001a0   Section        0  stm32f1xx_it.o(.text.DebugMon_Handler)
    [Anonymous Symbol]                       0x080001a2   Section        0  main.o(.text.Error_Handler)
    [Anonymous Symbol]                       0x080001a4   Section        0  stm32f1xx_hal_dma.o(.text.HAL_DMA_Abort_IT)
    __arm_cp.6_0                             0x08000228   Number         4  stm32f1xx_hal_dma.o(.text.HAL_DMA_Abort_IT)
    __arm_cp.6_1                             0x0800022c   Number         4  stm32f1xx_hal_dma.o(.text.HAL_DMA_Abort_IT)
    __arm_cp.6_2                             0x08000230   Number         4  stm32f1xx_hal_dma.o(.text.HAL_DMA_Abort_IT)
    __arm_cp.6_3                             0x08000234   Number         4  stm32f1xx_hal_dma.o(.text.HAL_DMA_Abort_IT)
    __arm_cp.6_4                             0x08000238   Number         4  stm32f1xx_hal_dma.o(.text.HAL_DMA_Abort_IT)
    __arm_cp.6_5                             0x0800023c   Number         4  stm32f1xx_hal_dma.o(.text.HAL_DMA_Abort_IT)
    [Anonymous Symbol]                       0x08000240   Section        0  stm32f1xx_hal.o(.text.HAL_Delay)
    [Anonymous Symbol]                       0x08000260   Section        0  stm32f1xx_hal_gpio.o(.text.HAL_GPIO_Init)
    __arm_cp.0_0                             0x08000530   Number         4  stm32f1xx_hal_gpio.o(.text.HAL_GPIO_Init)
    __arm_cp.0_1                             0x08000534   Number         4  stm32f1xx_hal_gpio.o(.text.HAL_GPIO_Init)
    __arm_cp.0_2                             0x08000538   Number         4  stm32f1xx_hal_gpio.o(.text.HAL_GPIO_Init)
    __arm_cp.0_3                             0x0800053c   Number         4  stm32f1xx_hal_gpio.o(.text.HAL_GPIO_Init)
    __arm_cp.0_4                             0x08000540   Number         4  stm32f1xx_hal_gpio.o(.text.HAL_GPIO_Init)
    __arm_cp.0_5                             0x08000544   Number         4  stm32f1xx_hal_gpio.o(.text.HAL_GPIO_Init)
    __arm_cp.0_6                             0x08000548   Number         4  stm32f1xx_hal_gpio.o(.text.HAL_GPIO_Init)
    __arm_cp.0_7                             0x0800054c   Number         4  stm32f1xx_hal_gpio.o(.text.HAL_GPIO_Init)
    __arm_cp.0_8                             0x08000550   Number         4  stm32f1xx_hal_gpio.o(.text.HAL_GPIO_Init)
    __arm_cp.0_9                             0x08000554   Number         4  stm32f1xx_hal_gpio.o(.text.HAL_GPIO_Init)
    __arm_cp.0_10                            0x08000558   Number         4  stm32f1xx_hal_gpio.o(.text.HAL_GPIO_Init)
    __arm_cp.0_11                            0x0800055c   Number         4  stm32f1xx_hal_gpio.o(.text.HAL_GPIO_Init)
    __arm_cp.0_13                            0x08000560   Number         4  stm32f1xx_hal_gpio.o(.text.HAL_GPIO_Init)
    __arm_cp.0_14                            0x08000564   Number         4  stm32f1xx_hal_gpio.o(.text.HAL_GPIO_Init)
    __arm_cp.0_15                            0x08000568   Number         4  stm32f1xx_hal_gpio.o(.text.HAL_GPIO_Init)
    [Anonymous Symbol]                       0x0800056c   Section        0  stm32f1xx_hal.o(.text.HAL_GetTick)
    [Anonymous Symbol]                       0x08000574   Section        0  stm32f1xx_hal.o(.text.HAL_IncTick)
    __arm_cp.5_1                             0x08000584   Number         4  stm32f1xx_hal.o(.text.HAL_IncTick)
    [Anonymous Symbol]                       0x08000588   Section        0  stm32f1xx_hal.o(.text.HAL_Init)
    __arm_cp.0_0                             0x080005a8   Number         4  stm32f1xx_hal.o(.text.HAL_Init)
    [Anonymous Symbol]                       0x080005ac   Section        0  stm32f1xx_hal.o(.text.HAL_InitTick)
    __arm_cp.1_0                             0x080005e4   Number         4  stm32f1xx_hal.o(.text.HAL_InitTick)
    __arm_cp.1_1                             0x080005e8   Number         4  stm32f1xx_hal.o(.text.HAL_InitTick)
    [Anonymous Symbol]                       0x080005ec   Section        0  stm32f1xx_hal_msp.o(.text.HAL_MspInit)
    __arm_cp.0_0                             0x08000624   Number         4  stm32f1xx_hal_msp.o(.text.HAL_MspInit)
    __arm_cp.0_1                             0x08000628   Number         4  stm32f1xx_hal_msp.o(.text.HAL_MspInit)
    [Anonymous Symbol]                       0x0800062c   Section        0  stm32f1xx_hal_cortex.o(.text.HAL_NVIC_EnableIRQ)
    __arm_cp.3_1                             0x08000650   Number         4  stm32f1xx_hal_cortex.o(.text.HAL_NVIC_EnableIRQ)
    [Anonymous Symbol]                       0x08000654   Section        0  stm32f1xx_hal_cortex.o(.text.HAL_NVIC_SetPriority)
    [Anonymous Symbol]                       0x080006b0   Section        0  stm32f1xx_hal_cortex.o(.text.HAL_NVIC_SetPriorityGrouping)
    __arm_cp.0_0                             0x080006d8   Number         4  stm32f1xx_hal_cortex.o(.text.HAL_NVIC_SetPriorityGrouping)
    __arm_cp.0_1                             0x080006dc   Number         4  stm32f1xx_hal_cortex.o(.text.HAL_NVIC_SetPriorityGrouping)
    __arm_cp.0_2                             0x080006e0   Number         4  stm32f1xx_hal_cortex.o(.text.HAL_NVIC_SetPriorityGrouping)
    [Anonymous Symbol]                       0x080006e4   Section        0  stm32f1xx_hal_pcd_ex.o(.text.HAL_PCDEx_PMAConfig)
    [Anonymous Symbol]                       0x08000716   Section        0  usbd_conf.o(.text.HAL_PCDEx_SetConnectionState)
    [Anonymous Symbol]                       0x08000718   Section        0  usbd_conf.o(.text.HAL_PCD_DataInStageCallback)
    [Anonymous Symbol]                       0x08000726   Section        0  usbd_conf.o(.text.HAL_PCD_DataOutStageCallback)
    [Anonymous Symbol]                       0x08000736   Section        0  stm32f1xx_hal_pcd.o(.text.HAL_PCD_EP_Close)
    [Anonymous Symbol]                       0x08000780   Section        0  stm32f1xx_hal_pcd.o(.text.HAL_PCD_EP_ClrStall)
    [Anonymous Symbol]                       0x080007dc   Section        0  stm32f1xx_hal_pcd.o(.text.HAL_PCD_EP_Open)
    [Anonymous Symbol]                       0x08000836   Section        0  stm32f1xx_hal_pcd.o(.text.HAL_PCD_EP_Receive)
    [Anonymous Symbol]                       0x08000862   Section        0  stm32f1xx_hal_pcd.o(.text.HAL_PCD_EP_SetStall)
    [Anonymous Symbol]                       0x080008c6   Section        0  stm32f1xx_hal_pcd.o(.text.HAL_PCD_EP_Transmit)
    [Anonymous Symbol]                       0x080008f0   Section        0  stm32f1xx_hal_pcd.o(.text.HAL_PCD_IRQHandler)
    __arm_cp.6_0                             0x08000cd0   Number         4  stm32f1xx_hal_pcd.o(.text.HAL_PCD_IRQHandler)
    [Anonymous Symbol]                       0x08000cd4   Section        0  stm32f1xx_hal_pcd.o(.text.HAL_PCD_Init)
    __arm_cp.0_0                             0x08000dbc   Number         4  stm32f1xx_hal_pcd.o(.text.HAL_PCD_Init)
    [Anonymous Symbol]                       0x08000df8   Section        0  usbd_conf.o(.text.HAL_PCD_MspInit)
    __arm_cp.0_0                             0x08000e2c   Number         4  usbd_conf.o(.text.HAL_PCD_MspInit)
    __arm_cp.0_1                             0x08000e30   Number         4  usbd_conf.o(.text.HAL_PCD_MspInit)
    [Anonymous Symbol]                       0x08000e34   Section        0  usbd_conf.o(.text.HAL_PCD_ResetCallback)
    [Anonymous Symbol]                       0x08000e58   Section        0  usbd_conf.o(.text.HAL_PCD_ResumeCallback)
    [Anonymous Symbol]                       0x08000e60   Section        0  usbd_conf.o(.text.HAL_PCD_SOFCallback)
    [Anonymous Symbol]                       0x08000e68   Section        0  stm32f1xx_hal_pcd.o(.text.HAL_PCD_SetAddress)
    [Anonymous Symbol]                       0x08000e90   Section        0  usbd_conf.o(.text.HAL_PCD_SetupStageCallback)
    [Anonymous Symbol]                       0x08000e9e   Section        0  stm32f1xx_hal_pcd.o(.text.HAL_PCD_Start)
    [Anonymous Symbol]                       0x08000ed0   Section        0  usbd_conf.o(.text.HAL_PCD_SuspendCallback)
    __arm_cp.7_0                             0x08000eec   Number         4  usbd_conf.o(.text.HAL_PCD_SuspendCallback)
    [Anonymous Symbol]                       0x08000ef0   Section        0  stm32f1xx_hal_rcc_ex.o(.text.HAL_RCCEx_PeriphCLKConfig)
    __arm_cp.0_0                             0x08001024   Number         4  stm32f1xx_hal_rcc_ex.o(.text.HAL_RCCEx_PeriphCLKConfig)
    __arm_cp.0_2                             0x08001028   Number         4  stm32f1xx_hal_rcc_ex.o(.text.HAL_RCCEx_PeriphCLKConfig)
    __arm_cp.0_3                             0x0800102c   Number         4  stm32f1xx_hal_rcc_ex.o(.text.HAL_RCCEx_PeriphCLKConfig)
    [Anonymous Symbol]                       0x08001030   Section        0  stm32f1xx_hal_rcc.o(.text.HAL_RCC_ClockConfig)
    __arm_cp.2_0                             0x08001244   Number         4  stm32f1xx_hal_rcc.o(.text.HAL_RCC_ClockConfig)
    __arm_cp.2_1                             0x08001248   Number         4  stm32f1xx_hal_rcc.o(.text.HAL_RCC_ClockConfig)
    __arm_cp.2_3                             0x0800124c   Number         4  stm32f1xx_hal_rcc.o(.text.HAL_RCC_ClockConfig)
    __arm_cp.2_5                             0x08001250   Number         4  stm32f1xx_hal_rcc.o(.text.HAL_RCC_ClockConfig)
    [Anonymous Symbol]                       0x08001254   Section        0  stm32f1xx_hal_rcc.o(.text.HAL_RCC_GetPCLK1Freq)
    [Anonymous Symbol]                       0x08001268   Section        0  stm32f1xx_hal_rcc.o(.text.HAL_RCC_GetPCLK2Freq)
    __arm_cp.9_0                             0x0800127c   Number         4  stm32f1xx_hal_rcc.o(.text.HAL_RCC_GetPCLK2Freq)
    __arm_cp.9_2                             0x08001280   Number         4  stm32f1xx_hal_rcc.o(.text.HAL_RCC_GetPCLK2Freq)
    [Anonymous Symbol]                       0x08001284   Section        0  stm32f1xx_hal_rcc.o(.text.HAL_RCC_GetSysClockFreq)
    __arm_cp.3_0                             0x080012bc   Number         4  stm32f1xx_hal_rcc.o(.text.HAL_RCC_GetSysClockFreq)
    __arm_cp.3_1                             0x080012c0   Number         4  stm32f1xx_hal_rcc.o(.text.HAL_RCC_GetSysClockFreq)
    __arm_cp.3_4                             0x080012d8   Number         4  stm32f1xx_hal_rcc.o(.text.HAL_RCC_GetSysClockFreq)
    [Anonymous Symbol]                       0x080012dc   Section        0  stm32f1xx_hal_rcc.o(.text.HAL_RCC_OscConfig)
    __arm_cp.1_5                             0x0800160c   Number         4  stm32f1xx_hal_rcc.o(.text.HAL_RCC_OscConfig)
    __arm_cp.1_0                             0x080016e0   Number         4  stm32f1xx_hal_rcc.o(.text.HAL_RCC_OscConfig)
    __arm_cp.1_2                             0x080016e4   Number         4  stm32f1xx_hal_rcc.o(.text.HAL_RCC_OscConfig)
    __arm_cp.1_3                             0x080016e8   Number         4  stm32f1xx_hal_rcc.o(.text.HAL_RCC_OscConfig)
    __arm_cp.1_4                             0x080016ec   Number         4  stm32f1xx_hal_rcc.o(.text.HAL_RCC_OscConfig)
    [Anonymous Symbol]                       0x080016f0   Section        0  stm32f1xx_hal_cortex.o(.text.HAL_SYSTICK_Config)
    __arm_cp.7_0                             0x08001710   Number         4  stm32f1xx_hal_cortex.o(.text.HAL_SYSTICK_Config)
    __arm_cp.7_1                             0x08001714   Number         4  stm32f1xx_hal_cortex.o(.text.HAL_SYSTICK_Config)
    [Anonymous Symbol]                       0x08001718   Section        0  stm32f1xx_hal_uart.o(.text.HAL_UART_ErrorCallback)
    [Anonymous Symbol]                       0x0800171c   Section        0  stm32f1xx_hal_uart.o(.text.HAL_UART_IRQHandler)
    __arm_cp.37_0                            0x08001880   Number         4  stm32f1xx_hal_uart.o(.text.HAL_UART_IRQHandler)
    [Anonymous Symbol]                       0x08001884   Section        0  stm32f1xx_hal_uart.o(.text.HAL_UART_Init)
    __arm_cp.0_0                             0x08001948   Number         4  stm32f1xx_hal_uart.o(.text.HAL_UART_Init)
    __arm_cp.0_1                             0x0800194c   Number         4  stm32f1xx_hal_uart.o(.text.HAL_UART_Init)
    __arm_cp.0_3                             0x08001950   Number         4  stm32f1xx_hal_uart.o(.text.HAL_UART_Init)
    [Anonymous Symbol]                       0x08001954   Section        0  usart.o(.text.HAL_UART_MspInit)
    [Anonymous Symbol]                       0x080019d4   Section        0  stm32f1xx_hal_uart.o(.text.HAL_UART_RxCpltCallback)
    [Anonymous Symbol]                       0x080019d6   Section        0  stm32f1xx_hal_uart.o(.text.HAL_UART_TxCpltCallback)
    [Anonymous Symbol]                       0x080019d8   Section        0  stm32f1xx_it.o(.text.HardFault_Handler)
    IntToUnicode                             0x080019db   Thumb Code    54  usbd_desc.o(.text.IntToUnicode)
    [Anonymous Symbol]                       0x080019da   Section        0  usbd_desc.o(.text.IntToUnicode)
    [Anonymous Symbol]                       0x08001a10   Section        0  gpio.o(.text.MX_GPIO_Init)
    __arm_cp.0_0                             0x08001aa0   Number         4  gpio.o(.text.MX_GPIO_Init)
    __arm_cp.0_1                             0x08001aa4   Number         4  gpio.o(.text.MX_GPIO_Init)
    __arm_cp.0_2                             0x08001aa8   Number         4  gpio.o(.text.MX_GPIO_Init)
    [Anonymous Symbol]                       0x08001aac   Section        0  usart.o(.text.MX_USART1_UART_Init)
    __arm_cp.0_1                             0x08001adc   Number         4  usart.o(.text.MX_USART1_UART_Init)
    [Anonymous Symbol]                       0x08001ae0   Section        0  usb_device.o(.text.MX_USB_DEVICE_Init)
    __arm_cp.0_0                             0x08001b14   Number         4  usb_device.o(.text.MX_USB_DEVICE_Init)
    __arm_cp.0_1                             0x08001b18   Number         4  usb_device.o(.text.MX_USB_DEVICE_Init)
    __arm_cp.0_2                             0x08001b1c   Number         4  usb_device.o(.text.MX_USB_DEVICE_Init)
    [Anonymous Symbol]                       0x08001b20   Section        0  stm32f1xx_it.o(.text.MemManage_Handler)
    [Anonymous Symbol]                       0x08001b22   Section        0  stm32f1xx_it.o(.text.NMI_Handler)
    [Anonymous Symbol]                       0x08001b24   Section        0  stm32f1xx_it.o(.text.PendSV_Handler)
    [Anonymous Symbol]                       0x08001b26   Section        0  stm32f1xx_it.o(.text.SVC_Handler)
    [Anonymous Symbol]                       0x08001b28   Section        0  stm32f1xx_it.o(.text.SysTick_Handler)
    [Anonymous Symbol]                       0x08001b2c   Section        0  main.o(.text.SystemClock_Config)
    [Anonymous Symbol]                       0x08001b88   Section        0  system_stm32f1xx.o(.text.SystemInit)
    __arm_cp.0_0                             0x08001bc4   Number         4  system_stm32f1xx.o(.text.SystemInit)
    __arm_cp.0_1                             0x08001bc8   Number         4  system_stm32f1xx.o(.text.SystemInit)
    __arm_cp.0_2                             0x08001bcc   Number         4  system_stm32f1xx.o(.text.SystemInit)
    __arm_cp.0_3                             0x08001bd0   Number         4  system_stm32f1xx.o(.text.SystemInit)
    UART_DMAAbortOnError                     0x08001bd5   Thumb Code    12  stm32f1xx_hal_uart.o(.text.UART_DMAAbortOnError)
    [Anonymous Symbol]                       0x08001bd4   Section        0  stm32f1xx_hal_uart.o(.text.UART_DMAAbortOnError)
    UART_EndRxTransfer                       0x08001be1   Thumb Code    26  stm32f1xx_hal_uart.o(.text.UART_EndRxTransfer)
    [Anonymous Symbol]                       0x08001be0   Section        0  stm32f1xx_hal_uart.o(.text.UART_EndRxTransfer)
    UART_Receive_IT                          0x08001bfb   Thumb Code   120  stm32f1xx_hal_uart.o(.text.UART_Receive_IT)
    [Anonymous Symbol]                       0x08001bfa   Section        0  stm32f1xx_hal_uart.o(.text.UART_Receive_IT)
    UART_SetConfig                           0x08001c75   Thumb Code   228  stm32f1xx_hal_uart.o(.text.UART_SetConfig)
    [Anonymous Symbol]                       0x08001c74   Section        0  stm32f1xx_hal_uart.o(.text.UART_SetConfig)
    __arm_cp.2_0                             0x08001d4c   Number         4  stm32f1xx_hal_uart.o(.text.UART_SetConfig)
    __arm_cp.2_1                             0x08001d50   Number         4  stm32f1xx_hal_uart.o(.text.UART_SetConfig)
    __arm_cp.2_2                             0x08001d54   Number         4  stm32f1xx_hal_uart.o(.text.UART_SetConfig)
    [Anonymous Symbol]                       0x08001d58   Section        0  stm32f1xx_it.o(.text.USART1_IRQHandler)
    __arm_cp.10_0                            0x08001d60   Number         4  stm32f1xx_it.o(.text.USART1_IRQHandler)
    [Anonymous Symbol]                       0x08001d64   Section        0  usbd_core.o(.text.USBD_ClrClassConfig)
    [Anonymous Symbol]                       0x08001d72   Section        0  usbd_ioreq.o(.text.USBD_CtlContinueRx)
    [Anonymous Symbol]                       0x08001d82   Section        0  usbd_ioreq.o(.text.USBD_CtlContinueSendData)
    [Anonymous Symbol]                       0x08001d92   Section        0  usbd_ctlreq.o(.text.USBD_CtlError)
    [Anonymous Symbol]                       0x08001da8   Section        0  usbd_ioreq.o(.text.USBD_CtlReceiveStatus)
    [Anonymous Symbol]                       0x08001dbe   Section        0  usbd_ioreq.o(.text.USBD_CtlSendData)
    [Anonymous Symbol]                       0x08001dd8   Section        0  usbd_ioreq.o(.text.USBD_CtlSendStatus)
    [Anonymous Symbol]                       0x08001df0   Section        0  usbd_desc.o(.text.USBD_FS_ConfigStrDescriptor)
    [Anonymous Symbol]                       0x08001e10   Section        0  usbd_desc.o(.text.USBD_FS_DeviceDescriptor)
    __arm_cp.0_0                             0x08001e18   Number         4  usbd_desc.o(.text.USBD_FS_DeviceDescriptor)
    [Anonymous Symbol]                       0x08001e1c   Section        0  usbd_desc.o(.text.USBD_FS_InterfaceStrDescriptor)
    [Anonymous Symbol]                       0x08001e40   Section        0  usbd_desc.o(.text.USBD_FS_LangIDStrDescriptor)
    __arm_cp.1_0                             0x08001e48   Number         4  usbd_desc.o(.text.USBD_FS_LangIDStrDescriptor)
    [Anonymous Symbol]                       0x08001e4c   Section        0  usbd_desc.o(.text.USBD_FS_ManufacturerStrDescriptor)
    [Anonymous Symbol]                       0x08001e74   Section        0  usbd_desc.o(.text.USBD_FS_ProductStrDescriptor)
    __arm_cp.3_1                             0x08001ea0   Number         4  usbd_desc.o(.text.USBD_FS_ProductStrDescriptor)
    [Anonymous Symbol]                       0x08001ea4   Section        0  usbd_desc.o(.text.USBD_FS_SerialStrDescriptor)
    __arm_cp.4_0                             0x08001ed4   Number         4  usbd_desc.o(.text.USBD_FS_SerialStrDescriptor)
    __arm_cp.4_1                             0x08001ed8   Number         4  usbd_desc.o(.text.USBD_FS_SerialStrDescriptor)
    [Anonymous Symbol]                       0x08001edc   Section        0  usbd_ctlreq.o(.text.USBD_GetString)
    USBD_Get_USB_Status                      0x08001f39   Thumb Code    24  usbd_conf.o(.text.USBD_Get_USB_Status)
    [Anonymous Symbol]                       0x08001f38   Section        0  usbd_conf.o(.text.USBD_Get_USB_Status)
    __arm_cp.15_0                            0x08001f4c   Number         4  usbd_conf.o(.text.USBD_Get_USB_Status)
    USBD_HID_DataIn                          0x08001f51   Thumb Code    12  usbd_hid.o(.text.USBD_HID_DataIn)
    [Anonymous Symbol]                       0x08001f50   Section        0  usbd_hid.o(.text.USBD_HID_DataIn)
    USBD_HID_DeInit                          0x08001f5d   Thumb Code    32  usbd_hid.o(.text.USBD_HID_DeInit)
    [Anonymous Symbol]                       0x08001f5c   Section        0  usbd_hid.o(.text.USBD_HID_DeInit)
    USBD_HID_GetDeviceQualifierDesc          0x08001f7d   Thumb Code    12  usbd_hid.o(.text.USBD_HID_GetDeviceQualifierDesc)
    [Anonymous Symbol]                       0x08001f7c   Section        0  usbd_hid.o(.text.USBD_HID_GetDeviceQualifierDesc)
    __arm_cp.7_0                             0x08001f84   Number         4  usbd_hid.o(.text.USBD_HID_GetDeviceQualifierDesc)
    USBD_HID_GetFSCfgDesc                    0x08001f89   Thumb Code    12  usbd_hid.o(.text.USBD_HID_GetFSCfgDesc)
    [Anonymous Symbol]                       0x08001f88   Section        0  usbd_hid.o(.text.USBD_HID_GetFSCfgDesc)
    __arm_cp.5_0                             0x08001f90   Number         4  usbd_hid.o(.text.USBD_HID_GetFSCfgDesc)
    USBD_HID_GetHSCfgDesc                    0x08001f95   Thumb Code    12  usbd_hid.o(.text.USBD_HID_GetHSCfgDesc)
    [Anonymous Symbol]                       0x08001f94   Section        0  usbd_hid.o(.text.USBD_HID_GetHSCfgDesc)
    __arm_cp.4_0                             0x08001f9c   Number         4  usbd_hid.o(.text.USBD_HID_GetHSCfgDesc)
    USBD_HID_GetOtherSpeedCfgDesc            0x08001fa1   Thumb Code    12  usbd_hid.o(.text.USBD_HID_GetOtherSpeedCfgDesc)
    [Anonymous Symbol]                       0x08001fa0   Section        0  usbd_hid.o(.text.USBD_HID_GetOtherSpeedCfgDesc)
    __arm_cp.6_0                             0x08001fa8   Number         4  usbd_hid.o(.text.USBD_HID_GetOtherSpeedCfgDesc)
    USBD_HID_Init                            0x08001fad   Thumb Code    42  usbd_hid.o(.text.USBD_HID_Init)
    [Anonymous Symbol]                       0x08001fac   Section        0  usbd_hid.o(.text.USBD_HID_Init)
    [Anonymous Symbol]                       0x08001fd6   Section        0  usbd_hid.o(.text.USBD_HID_SendReport)
    USBD_HID_Setup                           0x08002001   Thumb Code   192  usbd_hid.o(.text.USBD_HID_Setup)
    [Anonymous Symbol]                       0x08002000   Section        0  usbd_hid.o(.text.USBD_HID_Setup)
    __arm_cp.2_0                             0x080020bc   Number         4  usbd_hid.o(.text.USBD_HID_Setup)
    [Anonymous Symbol]                       0x080020c0   Section        0  usbd_core.o(.text.USBD_Init)
    [Anonymous Symbol]                       0x080020ea   Section        0  usbd_conf.o(.text.USBD_LL_ClearStallEP)
    [Anonymous Symbol]                       0x080020fc   Section        0  usbd_conf.o(.text.USBD_LL_CloseEP)
    [Anonymous Symbol]                       0x0800210e   Section        0  usbd_core.o(.text.USBD_LL_DataInStage)
    [Anonymous Symbol]                       0x080021cc   Section        0  usbd_core.o(.text.USBD_LL_DataOutStage)
    [Anonymous Symbol]                       0x0800224c   Section        0  usbd_conf.o(.text.USBD_LL_Init)
    __arm_cp.13_0                            0x080022a4   Number         4  usbd_conf.o(.text.USBD_LL_Init)
    __arm_cp.13_1                            0x080022a8   Number         4  usbd_conf.o(.text.USBD_LL_Init)
    __arm_cp.13_2                            0x080022ac   Number         4  usbd_conf.o(.text.USBD_LL_Init)
    [Anonymous Symbol]                       0x080022b0   Section        0  usbd_conf.o(.text.USBD_LL_IsStallEP)
    [Anonymous Symbol]                       0x080022cc   Section        0  usbd_conf.o(.text.USBD_LL_OpenEP)
    [Anonymous Symbol]                       0x080022e4   Section        0  usbd_conf.o(.text.USBD_LL_PrepareReceive)
    [Anonymous Symbol]                       0x080022f6   Section        0  usbd_core.o(.text.USBD_LL_Reset)
    [Anonymous Symbol]                       0x08002348   Section        0  usbd_core.o(.text.USBD_LL_Resume)
    [Anonymous Symbol]                       0x0800235c   Section        0  usbd_core.o(.text.USBD_LL_SOF)
    [Anonymous Symbol]                       0x08002378   Section        0  usbd_core.o(.text.USBD_LL_SetSpeed)
    [Anonymous Symbol]                       0x0800237e   Section        0  usbd_conf.o(.text.USBD_LL_SetUSBAddress)
    [Anonymous Symbol]                       0x08002390   Section        0  usbd_core.o(.text.USBD_LL_SetupStage)
    [Anonymous Symbol]                       0x080023e6   Section        0  usbd_conf.o(.text.USBD_LL_StallEP)
    [Anonymous Symbol]                       0x080023f8   Section        0  usbd_conf.o(.text.USBD_LL_Start)
    [Anonymous Symbol]                       0x0800240a   Section        0  usbd_core.o(.text.USBD_LL_Suspend)
    [Anonymous Symbol]                       0x0800241c   Section        0  usbd_conf.o(.text.USBD_LL_Transmit)
    [Anonymous Symbol]                       0x0800242e   Section        0  usbd_ctlreq.o(.text.USBD_ParseSetupRequest)
    [Anonymous Symbol]                       0x08002444   Section        0  usbd_core.o(.text.USBD_RegisterClass)
    [Anonymous Symbol]                       0x08002452   Section        0  usbd_core.o(.text.USBD_SetClassConfig)
    [Anonymous Symbol]                       0x0800246c   Section        0  usbd_core.o(.text.USBD_Start)
    [Anonymous Symbol]                       0x08002478   Section        0  usbd_ctlreq.o(.text.USBD_StdDevReq)
    __arm_cp.0_0                             0x080026e4   Number         4  usbd_ctlreq.o(.text.USBD_StdDevReq)
    [Anonymous Symbol]                       0x080026e8   Section        0  usbd_ctlreq.o(.text.USBD_StdEPReq)
    [Anonymous Symbol]                       0x0800283c   Section        0  usbd_ctlreq.o(.text.USBD_StdItfReq)
    [Anonymous Symbol]                       0x08002888   Section        0  usbd_conf.o(.text.USBD_static_free)
    [Anonymous Symbol]                       0x0800288c   Section        0  usbd_conf.o(.text.USBD_static_malloc)
    __arm_cp.29_0                            0x08002890   Number         4  usbd_conf.o(.text.USBD_static_malloc)
    [Anonymous Symbol]                       0x08002894   Section        0  stm32f1xx_ll_usb.o(.text.USB_ActivateEndpoint)
    __arm_cp.8_0                             0x08002afc   Number         4  stm32f1xx_ll_usb.o(.text.USB_ActivateEndpoint)
    [Anonymous Symbol]                       0x08002b00   Section        0  stm32f1xx_ll_usb.o(.text.USB_CoreInit)
    [Anonymous Symbol]                       0x08002b04   Section        0  stm32f1xx_ll_usb.o(.text.USB_DeactivateEndpoint)
    [Anonymous Symbol]                       0x08002bf2   Section        0  stm32f1xx_ll_usb.o(.text.USB_DevConnect)
    [Anonymous Symbol]                       0x08002bf6   Section        0  stm32f1xx_ll_usb.o(.text.USB_DevDisconnect)
    [Anonymous Symbol]                       0x08002bfa   Section        0  stm32f1xx_ll_usb.o(.text.USB_DevInit)
    [Anonymous Symbol]                       0x08002c1e   Section        0  stm32f1xx_ll_usb.o(.text.USB_DisableGlobalInt)
    [Anonymous Symbol]                       0x08002c30   Section        0  stm32f1xx_ll_usb.o(.text.USB_EP0_OutStart)
    [Anonymous Symbol]                       0x08002c34   Section        0  stm32f1xx_ll_usb.o(.text.USB_EPClearStall)
    [Anonymous Symbol]                       0x08002cb0   Section        0  stm32f1xx_ll_usb.o(.text.USB_EPSetStall)
    __arm_cp.14_0                            0x08002cdc   Number         4  stm32f1xx_ll_usb.o(.text.USB_EPSetStall)
    [Anonymous Symbol]                       0x08002ce0   Section        0  stm32f1xx_ll_usb.o(.text.USB_EPStartXfer)
    __arm_cp.10_0                            0x08002ec4   Number         4  stm32f1xx_ll_usb.o(.text.USB_EPStartXfer)
    __arm_cp.10_1                            0x08002ec8   Number         4  stm32f1xx_ll_usb.o(.text.USB_EPStartXfer)
    __arm_cp.10_2                            0x08002ecc   Number         4  stm32f1xx_ll_usb.o(.text.USB_EPStartXfer)
    [Anonymous Symbol]                       0x08002ed0   Section        0  stm32f1xx_ll_usb.o(.text.USB_EnableGlobalInt)
    [Anonymous Symbol]                       0x08002ee0   Section        0  stm32f1xx_it.o(.text.USB_LP_CAN1_RX0_IRQHandler)
    __arm_cp.9_0                             0x08002ee8   Number         4  stm32f1xx_it.o(.text.USB_LP_CAN1_RX0_IRQHandler)
    [Anonymous Symbol]                       0x08002eec   Section        0  stm32f1xx_ll_usb.o(.text.USB_ReadInterrupts)
    [Anonymous Symbol]                       0x08002ef2   Section        0  stm32f1xx_ll_usb.o(.text.USB_ReadPMA)
    [Anonymous Symbol]                       0x08002f2a   Section        0  stm32f1xx_ll_usb.o(.text.USB_SetCurrentMode)
    [Anonymous Symbol]                       0x08002f2e   Section        0  stm32f1xx_ll_usb.o(.text.USB_SetDevAddress)
    [Anonymous Symbol]                       0x08002f3a   Section        0  stm32f1xx_ll_usb.o(.text.USB_WritePMA)
    [Anonymous Symbol]                       0x08002f5e   Section        0  stm32f1xx_it.o(.text.UsageFault_Handler)
    __NVIC_SetPriority                       0x08002f61   Thumb Code    36  stm32f1xx_hal_cortex.o(.text.__NVIC_SetPriority)
    [Anonymous Symbol]                       0x08002f60   Section        0  stm32f1xx_hal_cortex.o(.text.__NVIC_SetPriority)
    __arm_cp.2_0                             0x08002f7c   Number         4  stm32f1xx_hal_cortex.o(.text.__NVIC_SetPriority)
    __arm_cp.2_1                             0x08002f80   Number         4  stm32f1xx_hal_cortex.o(.text.__NVIC_SetPriority)
    [Anonymous Symbol]                       0x08002f84   Section        0  main.o(.text.assert_failed)
    [Anonymous Symbol]                       0x08002f88   Section        0  main.o(.text.main)
    __arm_cp.0_0                             0x08002fbc   Number         4  main.o(.text.main)
    i.__scatterload_copy                     0x08002fc0   Section       14  handlers.o(i.__scatterload_copy)
    i.__scatterload_null                     0x08002fce   Section        2  handlers.o(i.__scatterload_null)
    i.__scatterload_zeroinit                 0x08002fd0   Section       14  handlers.o(i.__scatterload_zeroinit)
    .L.str                                   0x08002ff6   Data          57  stm32f1xx_hal_uart.o(.rodata.str1.1)
    [Anonymous Symbol]                       0x08002ff6   Section        0  stm32f1xx_hal_uart.o(.rodata.str1.1)
    .L.str                                   0x0800302f   Data          56  stm32f1xx_hal_rcc.o(.rodata.str1.1)
    [Anonymous Symbol]                       0x0800302f   Section        0  stm32f1xx_hal_rcc.o(.rodata.str1.1)
    .L.str                                   0x08003067   Data          59  stm32f1xx_hal_rcc_ex.o(.rodata.str1.1)
    [Anonymous Symbol]                       0x08003067   Section        0  stm32f1xx_hal_rcc_ex.o(.rodata.str1.1)
    .L.str                                   0x080030a2   Data          57  stm32f1xx_hal_gpio.o(.rodata.str1.1)
    [Anonymous Symbol]                       0x080030a2   Section        0  stm32f1xx_hal_gpio.o(.rodata.str1.1)
    .L.str                                   0x080030db   Data          59  stm32f1xx_hal_cortex.o(.rodata.str1.1)
    [Anonymous Symbol]                       0x080030db   Section        0  stm32f1xx_hal_cortex.o(.rodata.str1.1)
    [Anonymous Symbol]                       0x20000000   Section        0  stm32f1xx_hal.o(.data..L_MergedGlobals)
    USBD_HID_Desc                            0x20000008   Data           9  usbd_hid.o(.data..L_MergedGlobals)
    [Anonymous Symbol]                       0x20000008   Section        0  usbd_hid.o(.data..L_MergedGlobals)
    HID_MOUSE_ReportDesc                     0x20000014   Data          74  usbd_hid.o(.data..L_MergedGlobals)
    USBD_HID_CfgFSDesc                       0x200000cc   Data          34  usbd_hid.o(.data.USBD_HID_CfgFSDesc)
    [Anonymous Symbol]                       0x200000cc   Section        0  usbd_hid.o(.data.USBD_HID_CfgFSDesc)
    USBD_HID_CfgHSDesc                       0x200000f0   Data          34  usbd_hid.o(.data.USBD_HID_CfgHSDesc)
    [Anonymous Symbol]                       0x200000f0   Section        0  usbd_hid.o(.data.USBD_HID_CfgHSDesc)
    USBD_HID_DeviceQualifierDesc             0x20000114   Data          10  usbd_hid.o(.data.USBD_HID_DeviceQualifierDesc)
    [Anonymous Symbol]                       0x20000114   Section        0  usbd_hid.o(.data.USBD_HID_DeviceQualifierDesc)
    USBD_HID_OtherSpeedCfgDesc               0x20000120   Data          34  usbd_hid.o(.data.USBD_HID_OtherSpeedCfgDesc)
    [Anonymous Symbol]                       0x20000120   Section        0  usbd_hid.o(.data.USBD_HID_OtherSpeedCfgDesc)
    USBD_SetConfig.cfgidx                    0x20000168   Data           1  usbd_ctlreq.o(.bss.USBD_SetConfig.cfgidx)
    [Anonymous Symbol]                       0x20000168   Section        0  usbd_ctlreq.o(.bss.USBD_SetConfig.cfgidx)
    USBD_static_malloc.mem                   0x2000036c   Data          20  usbd_conf.o(.bss.USBD_static_malloc.mem)
    [Anonymous Symbol]                       0x2000036c   Section        0  usbd_conf.o(.bss.USBD_static_malloc.mem)
    STACK                                    0x200008f8   Section     1024  startup_stm32f103xb.o(STACK)

    Global Symbols

    Symbol Name                              Value     Ov Type        Size  Object(Section)

    BuildAttributes$$THM_ISAv4$P$D$K$B$S$PE$A:L22UL41UL21$X:L11$S22US41US21$IEEE1$IW$~IW$USESV6$~STKCKD$USESV7$~SHL$OSPACE$EBA8$MICROLIB$REQ8$PRES8$EABIv2 0x00000000   Number         0  anon$$obj.o ABSOLUTE
    __cpp_initialize__aeabi_                  - Undefined Weak Reference
    __cxa_finalize                            - Undefined Weak Reference
    _clock_init                               - Undefined Weak Reference
    _microlib_exit                            - Undefined Weak Reference
    __Vectors_Size                           0x000000ec   Number         0  startup_stm32f103xb.o ABSOLUTE
    __Vectors                                0x08000000   Data           4  startup_stm32f103xb.o(RESET)
    __Vectors_End                            0x080000ec   Data           0  startup_stm32f103xb.o(RESET)
    __main                                   0x080000ed   Thumb Code     0  entry.o(.ARM.Collect$$$$00000000)
    _main_stk                                0x080000ed   Thumb Code     0  entry2.o(.ARM.Collect$$$$00000001)
    _main_scatterload                        0x080000f1   Thumb Code     0  entry5.o(.ARM.Collect$$$$00000004)
    __main_after_scatterload                 0x080000f5   Thumb Code     0  entry5.o(.ARM.Collect$$$$00000004)
    _main_clock                              0x080000f5   Thumb Code     0  entry7b.o(.ARM.Collect$$$$00000008)
    _main_cpp_init                           0x080000f5   Thumb Code     0  entry8b.o(.ARM.Collect$$$$0000000A)
    _main_init                               0x080000f5   Thumb Code     0  entry9a.o(.ARM.Collect$$$$0000000B)
    __rt_final_cpp                           0x080000fd   Thumb Code     0  entry10a.o(.ARM.Collect$$$$0000000D)
    __rt_final_exit                          0x080000fd   Thumb Code     0  entry11a.o(.ARM.Collect$$$$0000000F)
    Reset_Handler                            0x08000101   Thumb Code     8  startup_stm32f103xb.o(.text)
    ADC1_2_IRQHandler                        0x0800011b   Thumb Code     0  startup_stm32f103xb.o(.text)
    CAN1_RX1_IRQHandler                      0x0800011b   Thumb Code     0  startup_stm32f103xb.o(.text)
    CAN1_SCE_IRQHandler                      0x0800011b   Thumb Code     0  startup_stm32f103xb.o(.text)
    DMA1_Channel1_IRQHandler                 0x0800011b   Thumb Code     0  startup_stm32f103xb.o(.text)
    DMA1_Channel2_IRQHandler                 0x0800011b   Thumb Code     0  startup_stm32f103xb.o(.text)
    DMA1_Channel3_IRQHandler                 0x0800011b   Thumb Code     0  startup_stm32f103xb.o(.text)
    DMA1_Channel4_IRQHandler                 0x0800011b   Thumb Code     0  startup_stm32f103xb.o(.text)
    DMA1_Channel5_IRQHandler                 0x0800011b   Thumb Code     0  startup_stm32f103xb.o(.text)
    DMA1_Channel6_IRQHandler                 0x0800011b   Thumb Code     0  startup_stm32f103xb.o(.text)
    DMA1_Channel7_IRQHandler                 0x0800011b   Thumb Code     0  startup_stm32f103xb.o(.text)
    EXTI0_IRQHandler                         0x0800011b   Thumb Code     0  startup_stm32f103xb.o(.text)
    EXTI15_10_IRQHandler                     0x0800011b   Thumb Code     0  startup_stm32f103xb.o(.text)
    EXTI1_IRQHandler                         0x0800011b   Thumb Code     0  startup_stm32f103xb.o(.text)
    EXTI2_IRQHandler                         0x0800011b   Thumb Code     0  startup_stm32f103xb.o(.text)
    EXTI3_IRQHandler                         0x0800011b   Thumb Code     0  startup_stm32f103xb.o(.text)
    EXTI4_IRQHandler                         0x0800011b   Thumb Code     0  startup_stm32f103xb.o(.text)
    EXTI9_5_IRQHandler                       0x0800011b   Thumb Code     0  startup_stm32f103xb.o(.text)
    FLASH_IRQHandler                         0x0800011b   Thumb Code     0  startup_stm32f103xb.o(.text)
    I2C1_ER_IRQHandler                       0x0800011b   Thumb Code     0  startup_stm32f103xb.o(.text)
    I2C1_EV_IRQHandler                       0x0800011b   Thumb Code     0  startup_stm32f103xb.o(.text)
    I2C2_ER_IRQHandler                       0x0800011b   Thumb Code     0  startup_stm32f103xb.o(.text)
    I2C2_EV_IRQHandler                       0x0800011b   Thumb Code     0  startup_stm32f103xb.o(.text)
    PVD_IRQHandler                           0x0800011b   Thumb Code     0  startup_stm32f103xb.o(.text)
    RCC_IRQHandler                           0x0800011b   Thumb Code     0  startup_stm32f103xb.o(.text)
    RTC_Alarm_IRQHandler                     0x0800011b   Thumb Code     0  startup_stm32f103xb.o(.text)
    RTC_IRQHandler                           0x0800011b   Thumb Code     0  startup_stm32f103xb.o(.text)
    SPI1_IRQHandler                          0x0800011b   Thumb Code     0  startup_stm32f103xb.o(.text)
    SPI2_IRQHandler                          0x0800011b   Thumb Code     0  startup_stm32f103xb.o(.text)
    TAMPER_IRQHandler                        0x0800011b   Thumb Code     0  startup_stm32f103xb.o(.text)
    TIM1_BRK_IRQHandler                      0x0800011b   Thumb Code     0  startup_stm32f103xb.o(.text)
    TIM1_CC_IRQHandler                       0x0800011b   Thumb Code     0  startup_stm32f103xb.o(.text)
    TIM1_TRG_COM_IRQHandler                  0x0800011b   Thumb Code     0  startup_stm32f103xb.o(.text)
    TIM1_UP_IRQHandler                       0x0800011b   Thumb Code     0  startup_stm32f103xb.o(.text)
    TIM2_IRQHandler                          0x0800011b   Thumb Code     0  startup_stm32f103xb.o(.text)
    TIM3_IRQHandler                          0x0800011b   Thumb Code     0  startup_stm32f103xb.o(.text)
    TIM4_IRQHandler                          0x0800011b   Thumb Code     0  startup_stm32f103xb.o(.text)
    USART2_IRQHandler                        0x0800011b   Thumb Code     0  startup_stm32f103xb.o(.text)
    USART3_IRQHandler                        0x0800011b   Thumb Code     0  startup_stm32f103xb.o(.text)
    USBWakeUp_IRQHandler                     0x0800011b   Thumb Code     0  startup_stm32f103xb.o(.text)
    USB_HP_CAN1_TX_IRQHandler                0x0800011b   Thumb Code     0  startup_stm32f103xb.o(.text)
    WWDG_IRQHandler                          0x0800011b   Thumb Code     0  startup_stm32f103xb.o(.text)
    __scatterload                            0x08000125   Thumb Code    28  init.o(.text)
    __scatterload_rt2                        0x08000125   Thumb Code     0  init.o(.text)
    __decompress                             0x08000149   Thumb Code     0  __dczerorl2.o(.text)
    __decompress1                            0x08000149   Thumb Code    86  __dczerorl2.o(.text)
    BusFault_Handler                         0x0800019f   Thumb Code     2  stm32f1xx_it.o(.text.BusFault_Handler)
    DebugMon_Handler                         0x080001a1   Thumb Code     2  stm32f1xx_it.o(.text.DebugMon_Handler)
    Error_Handler                            0x080001a3   Thumb Code     2  main.o(.text.Error_Handler)
    HAL_DMA_Abort_IT                         0x080001a5   Thumb Code   156  stm32f1xx_hal_dma.o(.text.HAL_DMA_Abort_IT)
    HAL_Delay                                0x08000241   Thumb Code    36  stm32f1xx_hal.o(.text.HAL_Delay)
    HAL_GPIO_Init                            0x08000261   Thumb Code   784  stm32f1xx_hal_gpio.o(.text.HAL_GPIO_Init)
    HAL_GetTick                              0x0800056d   Thumb Code    12  stm32f1xx_hal.o(.text.HAL_GetTick)
    HAL_IncTick                              0x08000575   Thumb Code    24  stm32f1xx_hal.o(.text.HAL_IncTick)
    HAL_Init                                 0x08000589   Thumb Code    36  stm32f1xx_hal.o(.text.HAL_Init)
    HAL_InitTick                             0x080005ad   Thumb Code    64  stm32f1xx_hal.o(.text.HAL_InitTick)
    HAL_MspInit                              0x080005ed   Thumb Code    64  stm32f1xx_hal_msp.o(.text.HAL_MspInit)
    HAL_NVIC_EnableIRQ                       0x0800062d   Thumb Code    44  stm32f1xx_hal_cortex.o(.text.HAL_NVIC_EnableIRQ)
    HAL_NVIC_SetPriority                     0x08000655   Thumb Code   100  stm32f1xx_hal_cortex.o(.text.HAL_NVIC_SetPriority)
    HAL_NVIC_SetPriorityGrouping             0x080006b1   Thumb Code    52  stm32f1xx_hal_cortex.o(.text.HAL_NVIC_SetPriorityGrouping)
    HAL_PCDEx_PMAConfig                      0x080006e5   Thumb Code    50  stm32f1xx_hal_pcd_ex.o(.text.HAL_PCDEx_PMAConfig)
    HAL_PCDEx_SetConnectionState             0x08000717   Thumb Code     2  usbd_conf.o(.text.HAL_PCDEx_SetConnectionState)
    HAL_PCD_DataInStageCallback              0x08000719   Thumb Code    14  usbd_conf.o(.text.HAL_PCD_DataInStageCallback)
    HAL_PCD_DataOutStageCallback             0x08000727   Thumb Code    16  usbd_conf.o(.text.HAL_PCD_DataOutStageCallback)
    HAL_PCD_EP_Close                         0x08000737   Thumb Code    74  stm32f1xx_hal_pcd.o(.text.HAL_PCD_EP_Close)
    HAL_PCD_EP_ClrStall                      0x08000781   Thumb Code    92  stm32f1xx_hal_pcd.o(.text.HAL_PCD_EP_ClrStall)
    HAL_PCD_EP_Open                          0x080007dd   Thumb Code    90  stm32f1xx_hal_pcd.o(.text.HAL_PCD_EP_Open)
    HAL_PCD_EP_Receive                       0x08000837   Thumb Code    44  stm32f1xx_hal_pcd.o(.text.HAL_PCD_EP_Receive)
    HAL_PCD_EP_SetStall                      0x08000863   Thumb Code   100  stm32f1xx_hal_pcd.o(.text.HAL_PCD_EP_SetStall)
    HAL_PCD_EP_Transmit                      0x080008c7   Thumb Code    40  stm32f1xx_hal_pcd.o(.text.HAL_PCD_EP_Transmit)
    HAL_PCD_IRQHandler                       0x080008f1   Thumb Code   996  stm32f1xx_hal_pcd.o(.text.HAL_PCD_IRQHandler)
    HAL_PCD_Init                             0x08000cd5   Thumb Code   292  stm32f1xx_hal_pcd.o(.text.HAL_PCD_Init)
    HAL_PCD_MspInit                          0x08000df9   Thumb Code    60  usbd_conf.o(.text.HAL_PCD_MspInit)
    HAL_PCD_ResetCallback                    0x08000e35   Thumb Code    36  usbd_conf.o(.text.HAL_PCD_ResetCallback)
    HAL_PCD_ResumeCallback                   0x08000e59   Thumb Code     8  usbd_conf.o(.text.HAL_PCD_ResumeCallback)
    HAL_PCD_SOFCallback                      0x08000e61   Thumb Code     8  usbd_conf.o(.text.HAL_PCD_SOFCallback)
    HAL_PCD_SetAddress                       0x08000e69   Thumb Code    40  stm32f1xx_hal_pcd.o(.text.HAL_PCD_SetAddress)
    HAL_PCD_SetupStageCallback               0x08000e91   Thumb Code    14  usbd_conf.o(.text.HAL_PCD_SetupStageCallback)
    HAL_PCD_Start                            0x08000e9f   Thumb Code    50  stm32f1xx_hal_pcd.o(.text.HAL_PCD_Start)
    HAL_PCD_SuspendCallback                  0x08000ed1   Thumb Code    32  usbd_conf.o(.text.HAL_PCD_SuspendCallback)
    HAL_RCCEx_PeriphCLKConfig                0x08000ef1   Thumb Code   324  stm32f1xx_hal_rcc_ex.o(.text.HAL_RCCEx_PeriphCLKConfig)
    HAL_RCC_ClockConfig                      0x08001031   Thumb Code   556  stm32f1xx_hal_rcc.o(.text.HAL_RCC_ClockConfig)
    HAL_RCC_GetPCLK1Freq                     0x08001255   Thumb Code    32  stm32f1xx_hal_rcc.o(.text.HAL_RCC_GetPCLK1Freq)
    HAL_RCC_GetPCLK2Freq                     0x08001269   Thumb Code    32  stm32f1xx_hal_rcc.o(.text.HAL_RCC_GetPCLK2Freq)
    HAL_RCC_GetSysClockFreq                  0x08001285   Thumb Code    88  stm32f1xx_hal_rcc.o(.text.HAL_RCC_GetSysClockFreq)
    HAL_RCC_OscConfig                        0x080012dd   Thumb Code  1044  stm32f1xx_hal_rcc.o(.text.HAL_RCC_OscConfig)
    HAL_SYSTICK_Config                       0x080016f1   Thumb Code    40  stm32f1xx_hal_cortex.o(.text.HAL_SYSTICK_Config)
    HAL_UART_ErrorCallback                   0x08001719   Thumb Code     2  stm32f1xx_hal_uart.o(.text.HAL_UART_ErrorCallback)
    HAL_UART_IRQHandler                      0x0800171d   Thumb Code   360  stm32f1xx_hal_uart.o(.text.HAL_UART_IRQHandler)
    HAL_UART_Init                            0x08001885   Thumb Code   212  stm32f1xx_hal_uart.o(.text.HAL_UART_Init)
    HAL_UART_MspInit                         0x08001955   Thumb Code   136  usart.o(.text.HAL_UART_MspInit)
    HAL_UART_RxCpltCallback                  0x080019d5   Thumb Code     2  stm32f1xx_hal_uart.o(.text.HAL_UART_RxCpltCallback)
    HAL_UART_TxCpltCallback                  0x080019d7   Thumb Code     2  stm32f1xx_hal_uart.o(.text.HAL_UART_TxCpltCallback)
    HardFault_Handler                        0x080019d9   Thumb Code     2  stm32f1xx_it.o(.text.HardFault_Handler)
    MX_GPIO_Init                             0x08001a11   Thumb Code   156  gpio.o(.text.MX_GPIO_Init)
    MX_USART1_UART_Init                      0x08001aad   Thumb Code    56  usart.o(.text.MX_USART1_UART_Init)
    MX_USB_DEVICE_Init                       0x08001ae1   Thumb Code    64  usb_device.o(.text.MX_USB_DEVICE_Init)
    MemManage_Handler                        0x08001b21   Thumb Code     2  stm32f1xx_it.o(.text.MemManage_Handler)
    NMI_Handler                              0x08001b23   Thumb Code     2  stm32f1xx_it.o(.text.NMI_Handler)
    PendSV_Handler                           0x08001b25   Thumb Code     2  stm32f1xx_it.o(.text.PendSV_Handler)
    SVC_Handler                              0x08001b27   Thumb Code     2  stm32f1xx_it.o(.text.SVC_Handler)
    SysTick_Handler                          0x08001b29   Thumb Code     4  stm32f1xx_it.o(.text.SysTick_Handler)
    SystemClock_Config                       0x08001b2d   Thumb Code    90  main.o(.text.SystemClock_Config)
    SystemInit                               0x08001b89   Thumb Code    76  system_stm32f1xx.o(.text.SystemInit)
    USART1_IRQHandler                        0x08001d59   Thumb Code    12  stm32f1xx_it.o(.text.USART1_IRQHandler)
    USBD_ClrClassConfig                      0x08001d65   Thumb Code    14  usbd_core.o(.text.USBD_ClrClassConfig)
    USBD_CtlContinueRx                       0x08001d73   Thumb Code    16  usbd_ioreq.o(.text.USBD_CtlContinueRx)
    USBD_CtlContinueSendData                 0x08001d83   Thumb Code    16  usbd_ioreq.o(.text.USBD_CtlContinueSendData)
    USBD_CtlError                            0x08001d93   Thumb Code    22  usbd_ctlreq.o(.text.USBD_CtlError)
    USBD_CtlReceiveStatus                    0x08001da9   Thumb Code    22  usbd_ioreq.o(.text.USBD_CtlReceiveStatus)
    USBD_CtlSendData                         0x08001dbf   Thumb Code    26  usbd_ioreq.o(.text.USBD_CtlSendData)
    USBD_CtlSendStatus                       0x08001dd9   Thumb Code    22  usbd_ioreq.o(.text.USBD_CtlSendStatus)
    USBD_FS_ConfigStrDescriptor              0x08001df1   Thumb Code    36  usbd_desc.o(.text.USBD_FS_ConfigStrDescriptor)
    USBD_FS_DeviceDescriptor                 0x08001e11   Thumb Code    12  usbd_desc.o(.text.USBD_FS_DeviceDescriptor)
    USBD_FS_InterfaceStrDescriptor           0x08001e1d   Thumb Code    40  usbd_desc.o(.text.USBD_FS_InterfaceStrDescriptor)
    USBD_FS_LangIDStrDescriptor              0x08001e41   Thumb Code    12  usbd_desc.o(.text.USBD_FS_LangIDStrDescriptor)
    USBD_FS_ManufacturerStrDescriptor        0x08001e4d   Thumb Code    44  usbd_desc.o(.text.USBD_FS_ManufacturerStrDescriptor)
    USBD_FS_ProductStrDescriptor             0x08001e75   Thumb Code    48  usbd_desc.o(.text.USBD_FS_ProductStrDescriptor)
    USBD_FS_SerialStrDescriptor              0x08001ea5   Thumb Code    56  usbd_desc.o(.text.USBD_FS_SerialStrDescriptor)
    USBD_GetString                           0x08001edd   Thumb Code    92  usbd_ctlreq.o(.text.USBD_GetString)
    USBD_HID_SendReport                      0x08001fd7   Thumb Code    42  usbd_hid.o(.text.USBD_HID_SendReport)
    USBD_Init                                0x080020c1   Thumb Code    42  usbd_core.o(.text.USBD_Init)
    USBD_LL_ClearStallEP                     0x080020eb   Thumb Code    18  usbd_conf.o(.text.USBD_LL_ClearStallEP)
    USBD_LL_CloseEP                          0x080020fd   Thumb Code    18  usbd_conf.o(.text.USBD_LL_CloseEP)
    USBD_LL_DataInStage                      0x0800210f   Thumb Code   190  usbd_core.o(.text.USBD_LL_DataInStage)
    USBD_LL_DataOutStage                     0x080021cd   Thumb Code   126  usbd_core.o(.text.USBD_LL_DataOutStage)
    USBD_LL_Init                             0x0800224d   Thumb Code   100  usbd_conf.o(.text.USBD_LL_Init)
    USBD_LL_IsStallEP                        0x080022b1   Thumb Code    28  usbd_conf.o(.text.USBD_LL_IsStallEP)
    USBD_LL_OpenEP                           0x080022cd   Thumb Code    24  usbd_conf.o(.text.USBD_LL_OpenEP)
    USBD_LL_PrepareReceive                   0x080022e5   Thumb Code    18  usbd_conf.o(.text.USBD_LL_PrepareReceive)
    USBD_LL_Reset                            0x080022f7   Thumb Code    82  usbd_core.o(.text.USBD_LL_Reset)
    USBD_LL_Resume                           0x08002349   Thumb Code    20  usbd_core.o(.text.USBD_LL_Resume)
    USBD_LL_SOF                              0x0800235d   Thumb Code    28  usbd_core.o(.text.USBD_LL_SOF)
    USBD_LL_SetSpeed                         0x08002379   Thumb Code     6  usbd_core.o(.text.USBD_LL_SetSpeed)
    USBD_LL_SetUSBAddress                    0x0800237f   Thumb Code    18  usbd_conf.o(.text.USBD_LL_SetUSBAddress)
    USBD_LL_SetupStage                       0x08002391   Thumb Code    86  usbd_core.o(.text.USBD_LL_SetupStage)
    USBD_LL_StallEP                          0x080023e7   Thumb Code    18  usbd_conf.o(.text.USBD_LL_StallEP)
    USBD_LL_Start                            0x080023f9   Thumb Code    18  usbd_conf.o(.text.USBD_LL_Start)
    USBD_LL_Suspend                          0x0800240b   Thumb Code    18  usbd_core.o(.text.USBD_LL_Suspend)
    USBD_LL_Transmit                         0x0800241d   Thumb Code    18  usbd_conf.o(.text.USBD_LL_Transmit)
    USBD_ParseSetupRequest                   0x0800242f   Thumb Code    22  usbd_ctlreq.o(.text.USBD_ParseSetupRequest)
    USBD_RegisterClass                       0x08002445   Thumb Code    14  usbd_core.o(.text.USBD_RegisterClass)
    USBD_SetClassConfig                      0x08002453   Thumb Code    26  usbd_core.o(.text.USBD_SetClassConfig)
    USBD_Start                               0x0800246d   Thumb Code    10  usbd_core.o(.text.USBD_Start)
    USBD_StdDevReq                           0x08002479   Thumb Code   624  usbd_ctlreq.o(.text.USBD_StdDevReq)
    USBD_StdEPReq                            0x080026e9   Thumb Code   340  usbd_ctlreq.o(.text.USBD_StdEPReq)
    USBD_StdItfReq                           0x0800283d   Thumb Code    76  usbd_ctlreq.o(.text.USBD_StdItfReq)
    USBD_static_free                         0x08002889   Thumb Code     2  usbd_conf.o(.text.USBD_static_free)
    USBD_static_malloc                       0x0800288d   Thumb Code     8  usbd_conf.o(.text.USBD_static_malloc)
    USB_ActivateEndpoint                     0x08002895   Thumb Code   620  stm32f1xx_ll_usb.o(.text.USB_ActivateEndpoint)
    USB_CoreInit                             0x08002b01   Thumb Code     4  stm32f1xx_ll_usb.o(.text.USB_CoreInit)
    USB_DeactivateEndpoint                   0x08002b05   Thumb Code   238  stm32f1xx_ll_usb.o(.text.USB_DeactivateEndpoint)
    USB_DevConnect                           0x08002bf3   Thumb Code     4  stm32f1xx_ll_usb.o(.text.USB_DevConnect)
    USB_DevDisconnect                        0x08002bf7   Thumb Code     4  stm32f1xx_ll_usb.o(.text.USB_DevDisconnect)
    USB_DevInit                              0x08002bfb   Thumb Code    36  stm32f1xx_ll_usb.o(.text.USB_DevInit)
    USB_DisableGlobalInt                     0x08002c1f   Thumb Code    18  stm32f1xx_ll_usb.o(.text.USB_DisableGlobalInt)
    USB_EP0_OutStart                         0x08002c31   Thumb Code     4  stm32f1xx_ll_usb.o(.text.USB_EP0_OutStart)
    USB_EPClearStall                         0x08002c35   Thumb Code   124  stm32f1xx_ll_usb.o(.text.USB_EPClearStall)
    USB_EPSetStall                           0x08002cb1   Thumb Code    48  stm32f1xx_ll_usb.o(.text.USB_EPSetStall)
    USB_EPStartXfer                          0x08002ce1   Thumb Code   496  stm32f1xx_ll_usb.o(.text.USB_EPStartXfer)
    USB_EnableGlobalInt                      0x08002ed1   Thumb Code    16  stm32f1xx_ll_usb.o(.text.USB_EnableGlobalInt)
    USB_LP_CAN1_RX0_IRQHandler               0x08002ee1   Thumb Code    12  stm32f1xx_it.o(.text.USB_LP_CAN1_RX0_IRQHandler)
    USB_ReadInterrupts                       0x08002eed   Thumb Code     6  stm32f1xx_ll_usb.o(.text.USB_ReadInterrupts)
    USB_ReadPMA                              0x08002ef3   Thumb Code    56  stm32f1xx_ll_usb.o(.text.USB_ReadPMA)
    USB_SetCurrentMode                       0x08002f2b   Thumb Code     4  stm32f1xx_ll_usb.o(.text.USB_SetCurrentMode)
    USB_SetDevAddress                        0x08002f2f   Thumb Code    12  stm32f1xx_ll_usb.o(.text.USB_SetDevAddress)
    USB_WritePMA                             0x08002f3b   Thumb Code    36  stm32f1xx_ll_usb.o(.text.USB_WritePMA)
    UsageFault_Handler                       0x08002f5f   Thumb Code     2  stm32f1xx_it.o(.text.UsageFault_Handler)
    assert_failed                            0x08002f85   Thumb Code     2  main.o(.text.assert_failed)
    main                                     0x08002f89   Thumb Code    56  main.o(.text.main)
    __scatterload_copy                       0x08002fc1   Thumb Code    14  handlers.o(i.__scatterload_copy)
    __scatterload_null                       0x08002fcf   Thumb Code     2  handlers.o(i.__scatterload_null)
    __scatterload_zeroinit                   0x08002fd1   Thumb Code    14  handlers.o(i.__scatterload_zeroinit)
    AHBPrescTable                            0x08002fde   Data          16  system_stm32f1xx.o(.rodata.AHBPrescTable)
    APBPrescTable                            0x08002fee   Data           8  system_stm32f1xx.o(.rodata.APBPrescTable)
    Region$$Table$$Base                      0x08003118   Number         0  anon$$obj.o(Region$$Table)
    Region$$Table$$Limit                     0x08003138   Number         0  anon$$obj.o(Region$$Table)
    uwTickFreq                               0x20000000   Data           1  stm32f1xx_hal.o(.data..L_MergedGlobals)
    uwTickPrio                               0x20000004   Data           4  stm32f1xx_hal.o(.data..L_MergedGlobals)
    FS_Desc                                  0x20000060   Data          28  usbd_desc.o(.data.FS_Desc)
    SystemCoreClock                          0x2000007c   Data           4  system_stm32f1xx.o(.data.SystemCoreClock)
    USBD_FS_DeviceDesc                       0x20000080   Data          18  usbd_desc.o(.data.USBD_FS_DeviceDesc)
    USBD_HID                                 0x20000094   Data          56  usbd_hid.o(.data.USBD_HID)
    USBD_LangIDDesc                          0x20000144   Data           4  usbd_desc.o(.data.USBD_LangIDDesc)
    USBD_StringSerial                        0x20000148   Data          26  usbd_desc.o(.data.USBD_StringSerial)
    USBD_StrDesc                             0x2000016c   Data         512  usbd_desc.o(.bss.USBD_StrDesc)
    hUsbDeviceFS                             0x20000380   Data         708  usb_device.o(.bss.hUsbDeviceFS)
    hpcd_USB_FS                              0x20000644   Data         620  usbd_conf.o(.bss.hpcd_USB_FS)
    huart1                                   0x200008b0   Data          64  usart.o(.bss.huart1)
    uwTick                                   0x200008f0   Data           4  stm32f1xx_hal.o(.bss.uwTick)
    __initial_sp                             0x20000cf8   Data           0  startup_stm32f103xb.o(STACK)



==============================================================================

Memory Map of the image

  Image Entry point : 0x080000ed

  Load Region LR_IROM1 (Base: 0x08000000, Size: 0x000032a0, Max: 0x00010000, ABSOLUTE, COMPRESSED[0x00003210])

    Execution Region ER_IROM1 (Exec base: 0x08000000, Load base: 0x08000000, Size: 0x00003138, Max: 0x00010000, ABSOLUTE)

    Exec Addr    Load Addr    Size         Type   Attr      Idx    E Section Name        Object

    0x08000000   0x08000000   0x000000ec   Data   RO            3    RESET               startup_stm32f103xb.o
    0x080000ec   0x080000ec   0x00000000   Code   RO         1004  * .ARM.Collect$$$$00000000  mc_w.l(entry.o)
    0x080000ec   0x080000ec   0x00000004   Code   RO         1009    .ARM.Collect$$$$00000001  mc_w.l(entry2.o)
    0x080000f0   0x080000f0   0x00000004   Code   RO         1012    .ARM.Collect$$$$00000004  mc_w.l(entry5.o)
    0x080000f4   0x080000f4   0x00000000   Code   RO         1014    .ARM.Collect$$$$00000008  mc_w.l(entry7b.o)
    0x080000f4   0x080000f4   0x00000000   Code   RO         1016    .ARM.Collect$$$$0000000A  mc_w.l(entry8b.o)
    0x080000f4   0x080000f4   0x00000008   Code   RO         1017    .ARM.Collect$$$$0000000B  mc_w.l(entry9a.o)
    0x080000fc   0x080000fc   0x00000000   Code   RO         1019    .ARM.Collect$$$$0000000D  mc_w.l(entry10a.o)
    0x080000fc   0x080000fc   0x00000000   Code   RO         1021    .ARM.Collect$$$$0000000F  mc_w.l(entry11a.o)
    0x080000fc   0x080000fc   0x00000004   Code   RO         1010    .ARM.Collect$$$$00002712  mc_w.l(entry2.o)
    0x08000100   0x08000100   0x00000024   Code   RO            4    .text               startup_stm32f103xb.o
    0x08000124   0x08000124   0x00000024   Code   RO         1023    .text               mc_w.l(init.o)
    0x08000148   0x08000148   0x00000056   Code   RO         1033    .text               mc_w.l(__dczerorl2.o)
    0x0800019e   0x0800019e   0x00000002   Code   RO           62    .text.BusFault_Handler  stm32f1xx_it.o
    0x080001a0   0x080001a0   0x00000002   Code   RO           68    .text.DebugMon_Handler  stm32f1xx_it.o
    0x080001a2   0x080001a2   0x00000002   Code   RO           15    .text.Error_Handler  main.o
    0x080001a4   0x080001a4   0x0000009c   Code   RO          655    .text.HAL_DMA_Abort_IT  stm32f1xx_hal_dma.o
    0x08000240   0x08000240   0x00000020   Code   RO          522    .text.HAL_Delay     stm32f1xx_hal.o
    0x08000260   0x08000260   0x0000030c   Code   RO          617    .text.HAL_GPIO_Init  stm32f1xx_hal_gpio.o
    0x0800056c   0x0800056c   0x00000008   Code   RO          514    .text.HAL_GetTick   stm32f1xx_hal.o
    0x08000574   0x08000574   0x00000014   Code   RO          512    .text.HAL_IncTick   stm32f1xx_hal.o
    0x08000588   0x08000588   0x00000024   Code   RO          502    .text.HAL_Init      stm32f1xx_hal.o
    0x080005ac   0x080005ac   0x00000040   Code   RO          504    .text.HAL_InitTick  stm32f1xx_hal.o
    0x080005ec   0x080005ec   0x00000040   Code   RO           86    .text.HAL_MspInit   stm32f1xx_hal_msp.o
    0x0800062c   0x0800062c   0x00000028   Code   RO          685    .text.HAL_NVIC_EnableIRQ  stm32f1xx_hal_cortex.o
    0x08000654   0x08000654   0x0000005c   Code   RO          681    .text.HAL_NVIC_SetPriority  stm32f1xx_hal_cortex.o
    0x080006b0   0x080006b0   0x00000034   Code   RO          679    .text.HAL_NVIC_SetPriorityGrouping  stm32f1xx_hal_cortex.o
    0x080006e4   0x080006e4   0x00000032   Code   RO          300    .text.HAL_PCDEx_PMAConfig  stm32f1xx_hal_pcd_ex.o
    0x08000716   0x08000716   0x00000002   Code   RO          198    .text.HAL_PCDEx_SetConnectionState  usbd_conf.o
    0x08000718   0x08000718   0x0000000e   Code   RO          144    .text.HAL_PCD_DataInStageCallback  usbd_conf.o
    0x08000726   0x08000726   0x00000010   Code   RO          142    .text.HAL_PCD_DataOutStageCallback  usbd_conf.o
    0x08000736   0x08000736   0x0000004a   Code   RO          271    .text.HAL_PCD_EP_Close  stm32f1xx_hal_pcd.o
    0x08000780   0x08000780   0x0000005c   Code   RO          281    .text.HAL_PCD_EP_ClrStall  stm32f1xx_hal_pcd.o
    0x080007dc   0x080007dc   0x0000005a   Code   RO          269    .text.HAL_PCD_EP_Open  stm32f1xx_hal_pcd.o
    0x08000836   0x08000836   0x0000002c   Code   RO          273    .text.HAL_PCD_EP_Receive  stm32f1xx_hal_pcd.o
    0x08000862   0x08000862   0x00000064   Code   RO          279    .text.HAL_PCD_EP_SetStall  stm32f1xx_hal_pcd.o
    0x080008c6   0x080008c6   0x00000028   Code   RO          277    .text.HAL_PCD_EP_Transmit  stm32f1xx_hal_pcd.o
    0x080008ee   0x080008ee   0x00000002   PAD
    0x080008f0   0x080008f0   0x000003e4   Code   RO          239    .text.HAL_PCD_IRQHandler  stm32f1xx_hal_pcd.o
    0x08000cd4   0x08000cd4   0x00000124   Code   RO          227    .text.HAL_PCD_Init  stm32f1xx_hal_pcd.o
    0x08000df8   0x08000df8   0x0000003c   Code   RO          136    .text.HAL_PCD_MspInit  usbd_conf.o
    0x08000e34   0x08000e34   0x00000024   Code   RO          148    .text.HAL_PCD_ResetCallback  usbd_conf.o
    0x08000e58   0x08000e58   0x00000008   Code   RO          152    .text.HAL_PCD_ResumeCallback  usbd_conf.o
    0x08000e60   0x08000e60   0x00000008   Code   RO          146    .text.HAL_PCD_SOFCallback  usbd_conf.o
    0x08000e68   0x08000e68   0x00000028   Code   RO          243    .text.HAL_PCD_SetAddress  stm32f1xx_hal_pcd.o
    0x08000e90   0x08000e90   0x0000000e   Code   RO          140    .text.HAL_PCD_SetupStageCallback  usbd_conf.o
    0x08000e9e   0x08000e9e   0x00000032   Code   RO          237    .text.HAL_PCD_Start  stm32f1xx_hal_pcd.o
    0x08000ed0   0x08000ed0   0x00000020   Code   RO          150    .text.HAL_PCD_SuspendCallback  usbd_conf.o
    0x08000ef0   0x08000ef0   0x00000140   Code   RO          601    .text.HAL_RCCEx_PeriphCLKConfig  stm32f1xx_hal_rcc_ex.o
    0x08001030   0x08001030   0x00000224   Code   RO          567    .text.HAL_RCC_ClockConfig  stm32f1xx_hal_rcc.o
    0x08001254   0x08001254   0x00000014   Code   RO          579    .text.HAL_RCC_GetPCLK1Freq  stm32f1xx_hal_rcc.o
    0x08001268   0x08001268   0x0000001c   Code   RO          581    .text.HAL_RCC_GetPCLK2Freq  stm32f1xx_hal_rcc.o
    0x08001284   0x08001284   0x00000058   Code   RO          569    .text.HAL_RCC_GetSysClockFreq  stm32f1xx_hal_rcc.o
    0x080012dc   0x080012dc   0x00000414   Code   RO          565    .text.HAL_RCC_OscConfig  stm32f1xx_hal_rcc.o
    0x080016f0   0x080016f0   0x00000028   Code   RO          693    .text.HAL_SYSTICK_Config  stm32f1xx_hal_cortex.o
    0x08001718   0x08001718   0x00000002   Code   RO          468    .text.HAL_UART_ErrorCallback  stm32f1xx_hal_uart.o
    0x0800171a   0x0800171a   0x00000002   PAD
    0x0800171c   0x0800171c   0x00000168   Code   RO          462    .text.HAL_UART_IRQHandler  stm32f1xx_hal_uart.o
    0x08001884   0x08001884   0x000000d0   Code   RO          388    .text.HAL_UART_Init  stm32f1xx_hal_uart.o
    0x08001954   0x08001954   0x00000080   Code   RO           42    .text.HAL_UART_MspInit  usart.o
    0x080019d4   0x080019d4   0x00000002   Code   RO          474    .text.HAL_UART_RxCpltCallback  stm32f1xx_hal_uart.o
    0x080019d6   0x080019d6   0x00000002   Code   RO          470    .text.HAL_UART_TxCpltCallback  stm32f1xx_hal_uart.o
    0x080019d8   0x080019d8   0x00000002   Code   RO           58    .text.HardFault_Handler  stm32f1xx_it.o
    0x080019da   0x080019da   0x00000036   Code   RO          120    .text.IntToUnicode  usbd_desc.o
    0x08001a10   0x08001a10   0x0000009c   Code   RO           29    .text.MX_GPIO_Init  gpio.o
    0x08001aac   0x08001aac   0x00000034   Code   RO           40    .text.MX_USART1_UART_Init  usart.o
    0x08001ae0   0x08001ae0   0x00000040   Code   RO           96    .text.MX_USB_DEVICE_Init  usb_device.o
    0x08001b20   0x08001b20   0x00000002   Code   RO           60    .text.MemManage_Handler  stm32f1xx_it.o
    0x08001b22   0x08001b22   0x00000002   Code   RO           56    .text.NMI_Handler   stm32f1xx_it.o
    0x08001b24   0x08001b24   0x00000002   Code   RO           70    .text.PendSV_Handler  stm32f1xx_it.o
    0x08001b26   0x08001b26   0x00000002   Code   RO           66    .text.SVC_Handler   stm32f1xx_it.o
    0x08001b28   0x08001b28   0x00000004   Code   RO           72    .text.SysTick_Handler  stm32f1xx_it.o
    0x08001b2c   0x08001b2c   0x0000005a   Code   RO           13    .text.SystemClock_Config  main.o
    0x08001b86   0x08001b86   0x00000002   PAD
    0x08001b88   0x08001b88   0x0000004c   Code   RO          860    .text.SystemInit    system_stm32f1xx.o
    0x08001bd4   0x08001bd4   0x0000000c   Code   RO          466    .text.UART_DMAAbortOnError  stm32f1xx_hal_uart.o
    0x08001be0   0x08001be0   0x0000001a   Code   RO          434    .text.UART_EndRxTransfer  stm32f1xx_hal_uart.o
    0x08001bfa   0x08001bfa   0x00000078   Code   RO          464    .text.UART_Receive_IT  stm32f1xx_hal_uart.o
    0x08001c72   0x08001c72   0x00000002   PAD
    0x08001c74   0x08001c74   0x000000e4   Code   RO          392    .text.UART_SetConfig  stm32f1xx_hal_uart.o
    0x08001d58   0x08001d58   0x0000000c   Code   RO           76    .text.USART1_IRQHandler  stm32f1xx_it.o
    0x08001d64   0x08001d64   0x0000000e   Code   RO          890    .text.USBD_ClrClassConfig  usbd_core.o
    0x08001d72   0x08001d72   0x00000010   Code   RO          953    .text.USBD_CtlContinueRx  usbd_ioreq.o
    0x08001d82   0x08001d82   0x00000010   Code   RO          949    .text.USBD_CtlContinueSendData  usbd_ioreq.o
    0x08001d92   0x08001d92   0x00000016   Code   RO          927    .text.USBD_CtlError  usbd_ctlreq.o
    0x08001da8   0x08001da8   0x00000016   Code   RO          957    .text.USBD_CtlReceiveStatus  usbd_ioreq.o
    0x08001dbe   0x08001dbe   0x0000001a   Code   RO          947    .text.USBD_CtlSendData  usbd_ioreq.o
    0x08001dd8   0x08001dd8   0x00000016   Code   RO          955    .text.USBD_CtlSendStatus  usbd_ioreq.o
    0x08001dee   0x08001dee   0x00000002   PAD
    0x08001df0   0x08001df0   0x00000020   Code   RO          116    .text.USBD_FS_ConfigStrDescriptor  usbd_desc.o
    0x08001e10   0x08001e10   0x0000000c   Code   RO          106    .text.USBD_FS_DeviceDescriptor  usbd_desc.o
    0x08001e1c   0x08001e1c   0x00000024   Code   RO          118    .text.USBD_FS_InterfaceStrDescriptor  usbd_desc.o
    0x08001e40   0x08001e40   0x0000000c   Code   RO          108    .text.USBD_FS_LangIDStrDescriptor  usbd_desc.o
    0x08001e4c   0x08001e4c   0x00000028   Code   RO          110    .text.USBD_FS_ManufacturerStrDescriptor  usbd_desc.o
    0x08001e74   0x08001e74   0x00000030   Code   RO          112    .text.USBD_FS_ProductStrDescriptor  usbd_desc.o
    0x08001ea4   0x08001ea4   0x00000038   Code   RO          114    .text.USBD_FS_SerialStrDescriptor  usbd_desc.o
    0x08001edc   0x08001edc   0x0000005c   Code   RO          935    .text.USBD_GetString  usbd_ctlreq.o
    0x08001f38   0x08001f38   0x00000018   Code   RO          166    .text.USBD_Get_USB_Status  usbd_conf.o
    0x08001f50   0x08001f50   0x0000000c   Code   RO          976    .text.USBD_HID_DataIn  usbd_hid.o
    0x08001f5c   0x08001f5c   0x00000020   Code   RO          972    .text.USBD_HID_DeInit  usbd_hid.o
    0x08001f7c   0x08001f7c   0x0000000c   Code   RO          984    .text.USBD_HID_GetDeviceQualifierDesc  usbd_hid.o
    0x08001f88   0x08001f88   0x0000000c   Code   RO          980    .text.USBD_HID_GetFSCfgDesc  usbd_hid.o
    0x08001f94   0x08001f94   0x0000000c   Code   RO          978    .text.USBD_HID_GetHSCfgDesc  usbd_hid.o
    0x08001fa0   0x08001fa0   0x0000000c   Code   RO          982    .text.USBD_HID_GetOtherSpeedCfgDesc  usbd_hid.o
    0x08001fac   0x08001fac   0x0000002a   Code   RO          970    .text.USBD_HID_Init  usbd_hid.o
    0x08001fd6   0x08001fd6   0x0000002a   Code   RO          986    .text.USBD_HID_SendReport  usbd_hid.o
    0x08002000   0x08002000   0x000000c0   Code   RO          974    .text.USBD_HID_Setup  usbd_hid.o
    0x080020c0   0x080020c0   0x0000002a   Code   RO          876    .text.USBD_Init     usbd_core.o
    0x080020ea   0x080020ea   0x00000012   Code   RO          180    .text.USBD_LL_ClearStallEP  usbd_conf.o
    0x080020fc   0x080020fc   0x00000012   Code   RO          174    .text.USBD_LL_CloseEP  usbd_conf.o
    0x0800210e   0x0800210e   0x000000be   Code   RO          896    .text.USBD_LL_DataInStage  usbd_core.o
    0x080021cc   0x080021cc   0x0000007e   Code   RO          894    .text.USBD_LL_DataOutStage  usbd_core.o
    0x0800224a   0x0800224a   0x00000002   PAD
    0x0800224c   0x0800224c   0x00000064   Code   RO          162    .text.USBD_LL_Init  usbd_conf.o
    0x080022b0   0x080022b0   0x0000001c   Code   RO          182    .text.USBD_LL_IsStallEP  usbd_conf.o
    0x080022cc   0x080022cc   0x00000018   Code   RO          172    .text.USBD_LL_OpenEP  usbd_conf.o
    0x080022e4   0x080022e4   0x00000012   Code   RO          188    .text.USBD_LL_PrepareReceive  usbd_conf.o
    0x080022f6   0x080022f6   0x00000052   Code   RO          898    .text.USBD_LL_Reset  usbd_core.o
    0x08002348   0x08002348   0x00000014   Code   RO          904    .text.USBD_LL_Resume  usbd_core.o
    0x0800235c   0x0800235c   0x0000001c   Code   RO          906    .text.USBD_LL_SOF   usbd_core.o
    0x08002378   0x08002378   0x00000006   Code   RO          900    .text.USBD_LL_SetSpeed  usbd_core.o
    0x0800237e   0x0800237e   0x00000012   Code   RO          184    .text.USBD_LL_SetUSBAddress  usbd_conf.o
    0x08002390   0x08002390   0x00000056   Code   RO          892    .text.USBD_LL_SetupStage  usbd_core.o
    0x080023e6   0x080023e6   0x00000012   Code   RO          178    .text.USBD_LL_StallEP  usbd_conf.o
    0x080023f8   0x080023f8   0x00000012   Code   RO          168    .text.USBD_LL_Start  usbd_conf.o
    0x0800240a   0x0800240a   0x00000012   Code   RO          902    .text.USBD_LL_Suspend  usbd_core.o
    0x0800241c   0x0800241c   0x00000012   Code   RO          186    .text.USBD_LL_Transmit  usbd_conf.o
    0x0800242e   0x0800242e   0x00000016   Code   RO          933    .text.USBD_ParseSetupRequest  usbd_ctlreq.o
    0x08002444   0x08002444   0x0000000e   Code   RO          880    .text.USBD_RegisterClass  usbd_core.o
    0x08002452   0x08002452   0x0000001a   Code   RO          888    .text.USBD_SetClassConfig  usbd_core.o
    0x0800246c   0x0800246c   0x0000000a   Code   RO          882    .text.USBD_Start    usbd_core.o
    0x08002476   0x08002476   0x00000002   PAD
    0x08002478   0x08002478   0x00000270   Code   RO          925    .text.USBD_StdDevReq  usbd_ctlreq.o
    0x080026e8   0x080026e8   0x00000154   Code   RO          931    .text.USBD_StdEPReq  usbd_ctlreq.o
    0x0800283c   0x0800283c   0x0000004c   Code   RO          929    .text.USBD_StdItfReq  usbd_ctlreq.o
    0x08002888   0x08002888   0x00000002   Code   RO          196    .text.USBD_static_free  usbd_conf.o
    0x0800288a   0x0800288a   0x00000002   PAD
    0x0800288c   0x0800288c   0x00000008   Code   RO          194    .text.USBD_static_malloc  usbd_conf.o
    0x08002894   0x08002894   0x0000026c   Code   RO          333    .text.USB_ActivateEndpoint  stm32f1xx_ll_usb.o
    0x08002b00   0x08002b00   0x00000004   Code   RO          317    .text.USB_CoreInit  stm32f1xx_ll_usb.o
    0x08002b04   0x08002b04   0x000000ee   Code   RO          335    .text.USB_DeactivateEndpoint  stm32f1xx_ll_usb.o
    0x08002bf2   0x08002bf2   0x00000004   Code   RO          353    .text.USB_DevConnect  stm32f1xx_ll_usb.o
    0x08002bf6   0x08002bf6   0x00000004   Code   RO          355    .text.USB_DevDisconnect  stm32f1xx_ll_usb.o
    0x08002bfa   0x08002bfa   0x00000024   Code   RO          325    .text.USB_DevInit   stm32f1xx_ll_usb.o
    0x08002c1e   0x08002c1e   0x00000012   Code   RO          321    .text.USB_DisableGlobalInt  stm32f1xx_ll_usb.o
    0x08002c30   0x08002c30   0x00000004   Code   RO          369    .text.USB_EP0_OutStart  stm32f1xx_ll_usb.o
    0x08002c34   0x08002c34   0x0000007c   Code   RO          347    .text.USB_EPClearStall  stm32f1xx_ll_usb.o
    0x08002cb0   0x08002cb0   0x00000030   Code   RO          345    .text.USB_EPSetStall  stm32f1xx_ll_usb.o
    0x08002ce0   0x08002ce0   0x000001f0   Code   RO          337    .text.USB_EPStartXfer  stm32f1xx_ll_usb.o
    0x08002ed0   0x08002ed0   0x00000010   Code   RO          319    .text.USB_EnableGlobalInt  stm32f1xx_ll_usb.o
    0x08002ee0   0x08002ee0   0x0000000c   Code   RO           74    .text.USB_LP_CAN1_RX0_IRQHandler  stm32f1xx_it.o
    0x08002eec   0x08002eec   0x00000006   Code   RO          357    .text.USB_ReadInterrupts  stm32f1xx_ll_usb.o
    0x08002ef2   0x08002ef2   0x00000038   Code   RO          375    .text.USB_ReadPMA   stm32f1xx_ll_usb.o
    0x08002f2a   0x08002f2a   0x00000004   Code   RO          323    .text.USB_SetCurrentMode  stm32f1xx_ll_usb.o
    0x08002f2e   0x08002f2e   0x0000000c   Code   RO          351    .text.USB_SetDevAddress  stm32f1xx_ll_usb.o
    0x08002f3a   0x08002f3a   0x00000024   Code   RO          339    .text.USB_WritePMA  stm32f1xx_ll_usb.o
    0x08002f5e   0x08002f5e   0x00000002   Code   RO           64    .text.UsageFault_Handler  stm32f1xx_it.o
    0x08002f60   0x08002f60   0x00000024   Code   RO          683    .text.__NVIC_SetPriority  stm32f1xx_hal_cortex.o
    0x08002f84   0x08002f84   0x00000002   Code   RO           17    .text.assert_failed  main.o
    0x08002f86   0x08002f86   0x00000002   PAD
    0x08002f88   0x08002f88   0x00000038   Code   RO           11    .text.main          main.o
    0x08002fc0   0x08002fc0   0x0000000e   Code   RO         1027    i.__scatterload_copy  mc_w.l(handlers.o)
    0x08002fce   0x08002fce   0x00000002   Code   RO         1028    i.__scatterload_null  mc_w.l(handlers.o)
    0x08002fd0   0x08002fd0   0x0000000e   Code   RO         1029    i.__scatterload_zeroinit  mc_w.l(handlers.o)
    0x08002fde   0x08002fde   0x00000010   Data   RO          865    .rodata.AHBPrescTable  system_stm32f1xx.o
    0x08002fee   0x08002fee   0x00000008   Data   RO          866    .rodata.APBPrescTable  system_stm32f1xx.o
    0x08002ff6   0x08002ff6   0x00000039   Data   RO          492    .rodata.str1.1      stm32f1xx_hal_uart.o
    0x0800302f   0x0800302f   0x00000038   Data   RO          591    .rodata.str1.1      stm32f1xx_hal_rcc.o
    0x08003067   0x08003067   0x0000003b   Data   RO          607    .rodata.str1.1      stm32f1xx_hal_rcc_ex.o
    0x080030a2   0x080030a2   0x00000039   Data   RO          633    .rodata.str1.1      stm32f1xx_hal_gpio.o
    0x080030db   0x080030db   0x0000003b   Data   RO          713    .rodata.str1.1      stm32f1xx_hal_cortex.o
    0x08003116   0x08003116   0x00000002   PAD
    0x08003118   0x08003118   0x00000020   Data   RO         1026    Region$$Table       anon$$obj.o


    Execution Region RW_IRAM1 (Exec base: 0x20000000, Load base: 0x08003138, Size: 0x00000cf8, Max: 0x00005000, ABSOLUTE, COMPRESSED[0x000000d8])

    Exec Addr    Load Addr    Size         Type   Attr      Idx    E Section Name        Object

    0x20000000   COMPRESSED   0x00000008   Data   RW          553    .data..L_MergedGlobals  stm32f1xx_hal.o
    0x20000008   COMPRESSED   0x00000056   Data   RW          995    .data..L_MergedGlobals  usbd_hid.o
    0x2000005e   COMPRESSED   0x00000002   PAD
    0x20000060   COMPRESSED   0x0000001c   Data   RW          122    .data.FS_Desc       usbd_desc.o
    0x2000007c   COMPRESSED   0x00000004   Data   RW          864    .data.SystemCoreClock  system_stm32f1xx.o
    0x20000080   COMPRESSED   0x00000012   Data   RW          123    .data.USBD_FS_DeviceDesc  usbd_desc.o
    0x20000092   COMPRESSED   0x00000002   PAD
    0x20000094   COMPRESSED   0x00000038   Data   RW          990    .data.USBD_HID      usbd_hid.o
    0x200000cc   COMPRESSED   0x00000022   Data   RW          991    .data.USBD_HID_CfgFSDesc  usbd_hid.o
    0x200000ee   COMPRESSED   0x00000002   PAD
    0x200000f0   COMPRESSED   0x00000022   Data   RW          992    .data.USBD_HID_CfgHSDesc  usbd_hid.o
    0x20000112   COMPRESSED   0x00000002   PAD
    0x20000114   COMPRESSED   0x0000000a   Data   RW          994    .data.USBD_HID_DeviceQualifierDesc  usbd_hid.o
    0x2000011e   COMPRESSED   0x00000002   PAD
    0x20000120   COMPRESSED   0x00000022   Data   RW          993    .data.USBD_HID_OtherSpeedCfgDesc  usbd_hid.o
    0x20000142   COMPRESSED   0x00000002   PAD
    0x20000144   COMPRESSED   0x00000004   Data   RW          124    .data.USBD_LangIDDesc  usbd_desc.o
    0x20000148   COMPRESSED   0x0000001a   Data   RW          125    .data.USBD_StringSerial  usbd_desc.o
    0x20000162   COMPRESSED   0x00000006   PAD
    0x20000168        -       0x00000001   Zero   RW          937    .bss.USBD_SetConfig.cfgidx  usbd_ctlreq.o
    0x20000169   COMPRESSED   0x00000003   PAD
    0x2000016c        -       0x00000200   Zero   RW          126    .bss.USBD_StrDesc   usbd_desc.o
    0x2000036c        -       0x00000014   Zero   RW          201    .bss.USBD_static_malloc.mem  usbd_conf.o
    0x20000380        -       0x000002c4   Zero   RW           98    .bss.hUsbDeviceFS   usb_device.o
    0x20000644        -       0x0000026c   Zero   RW          200    .bss.hpcd_USB_FS    usbd_conf.o
    0x200008b0        -       0x00000040   Zero   RW           46    .bss.huart1         usart.o
    0x200008f0        -       0x00000004   Zero   RW          552    .bss.uwTick         stm32f1xx_hal.o
    0x200008f4   COMPRESSED   0x00000004   PAD
    0x200008f8        -       0x00000400   Zero   RW            1    STACK               startup_stm32f103xb.o


==============================================================================

Image component sizes


      Code (inc. data)   RO Data    RW Data    ZI Data      Debug   Object Name

       156         12          0          0          0       1505   gpio.o
       150          4          0          0          0       2218   main.o
        36          8        236          0       1024        780   startup_stm32f103xb.o
       160         16          0          8          4       5807   stm32f1xx_hal.o
       260         32         59          0          0       8254   stm32f1xx_hal_cortex.o
       156         24          0          0          0       6836   stm32f1xx_hal_dma.o
       780         64         57          0          0       4763   stm32f1xx_hal_gpio.o
        64          8          0          0          0       1202   stm32f1xx_hal_msp.o
      1818         64          0          0          0      10728   stm32f1xx_hal_pcd.o
        50          0          0          0          0       3973   stm32f1xx_hal_pcd_ex.o
      1728         76         56          0          0       7296   stm32f1xx_hal_rcc.o
       320         12         59          0          0       3331   stm32f1xx_hal_rcc_ex.o
       960         28         57          0          0      16106   stm32f1xx_hal_uart.o
        44          8          0          0          0       1195   stm32f1xx_it.o
      1726         24          0          0          0      11118   stm32f1xx_ll_usb.o
        76         16         24          4          0       2103   system_stm32f1xx.o
       180          4          0          0         64       5096   usart.o
        64         12          0          0        708       2828   usb_device.o
       502         32          0          0        640      12816   usbd_conf.o
       662          0          0          0          0       6630   usbd_core.o
      1176         38          0          0          1       6999   usbd_ctlreq.o
       290         92          0         76        512       3275   usbd_desc.o
       368         30          0        254          0       5817   usbd_hid.o
       102          0          0          0          0       4118   usbd_ioreq.o

    ----------------------------------------------------------------------
     11846        604        582        356       2964     134794   Object Totals
         0          0         32          0          0          0   (incl. Generated)
        18          0          2         14         11          0   (incl. Padding)

    ----------------------------------------------------------------------

      Code (inc. data)   RO Data    RW Data    ZI Data      Debug   Library Member Name

        86          0          0          0          0          0   __dczerorl2.o
         0          0          0          0          0          0   entry.o
         0          0          0          0          0          0   entry10a.o
         0          0          0          0          0          0   entry11a.o
         8          4          0          0          0          0   entry2.o
         4          0          0          0          0          0   entry5.o
         0          0          0          0          0          0   entry7b.o
         0          0          0          0          0          0   entry8b.o
         8          4          0          0          0          0   entry9a.o
        30          0          0          0          0          0   handlers.o
        36          8          0          0          0         68   init.o

    ----------------------------------------------------------------------
       172         16          0          0          0         68   Library Totals
         0          0          0          0          0          0   (incl. Padding)

    ----------------------------------------------------------------------

      Code (inc. data)   RO Data    RW Data    ZI Data      Debug   Library Name

       172         16          0          0          0         68   mc_w.l

    ----------------------------------------------------------------------
       172         16          0          0          0         68   Library Totals

    ----------------------------------------------------------------------

==============================================================================


      Code (inc. data)   RO Data    RW Data    ZI Data      Debug   

     12018        620        582        356       2964     134742   Grand Totals
     12018        620        582        216       2964     134742   ELF Image Totals (compressed)
     12018        620        582        216          0          0   ROM Totals

==============================================================================

    Total RO  Size (Code + RO Data)                12600 (  12.30kB)
    Total RW  Size (RW Data + ZI Data)              3320 (   3.24kB)
    Total ROM Size (Code + RO Data + RW Data)      12816 (  12.52kB)

==============================================================================

